Archive member included because of file (symbol)

/media/thonh/Externaldata/source/kernel/arm-eabi-4.8/bin/../lib/gcc/arm-eabi/4.8/thumb/thumb2/libgcc.a(_udivsi3.o)
                              arch/arm/cpu/armv7/built-in.o (__aeabi_uidiv)
/media/thonh/Externaldata/source/kernel/arm-eabi-4.8/bin/../lib/gcc/arm-eabi/4.8/thumb/thumb2/libgcc.a(_divsi3.o)
                              cmd/built-in.o (__aeabi_idiv)
/media/thonh/Externaldata/source/kernel/arm-eabi-4.8/bin/../lib/gcc/arm-eabi/4.8/thumb/thumb2/libgcc.a(_dvmd_tls.o)
                              /media/thonh/Externaldata/source/kernel/arm-eabi-4.8/bin/../lib/gcc/arm-eabi/4.8/thumb/thumb2/libgcc.a(_udivsi3.o) (__aeabi_idiv0)
/media/thonh/Externaldata/source/kernel/arm-eabi-4.8/bin/../lib/gcc/arm-eabi/4.8/thumb/thumb2/libgcc.a(_lshrdi3.o)
                              fs/built-in.o (__aeabi_llsr)
/media/thonh/Externaldata/source/kernel/arm-eabi-4.8/bin/../lib/gcc/arm-eabi/4.8/thumb/thumb2/libgcc.a(_ashldi3.o)
                              drivers/mmc/built-in.o (__aeabi_llsl)

Discarded input sections

 .data          0x0000000000000000        0x0 arch/arm/cpu/armv7/start.o
 .bss           0x0000000000000000        0x0 arch/arm/cpu/armv7/start.o
 .text          0x0000000000000000        0x0 board/ti/am335x/built-in.o
 .data          0x0000000000000000        0x0 board/ti/am335x/built-in.o
 .bss           0x0000000000000000        0x0 board/ti/am335x/built-in.o
 .text.mmu_page_table_flush
                0x0000000000000000       0x1e arch/arm/cpu/armv7/built-in.o
 .text.v7_arch_cp15_set_l2aux_ctrl
                0x0000000000000000        0x6 arch/arm/cpu/armv7/built-in.o
 .text.v7_arch_cp15_set_acr
                0x0000000000000000        0x6 arch/arm/cpu/armv7/built-in.o
 .text.sdelay   0x0000000000000000        0x6 arch/arm/cpu/armv7/built-in.o
 .text.wait_on_value
                0x0000000000000000       0x1a arch/arm/cpu/armv7/built-in.o
 .text.warm_reset
                0x0000000000000000       0x10 arch/arm/cpu/armv7/built-in.o
 .text.setup_warmreset_time
                0x0000000000000000        0x2 arch/arm/cpu/armv7/built-in.o
 .text.do_cancel_out
                0x0000000000000000       0x44 arch/arm/cpu/armv7/built-in.o
 .text.cancel_out
                0x0000000000000000       0x62 arch/arm/cpu/armv7/built-in.o
 .text.omap_die_id
                0x0000000000000000        0xc arch/arm/cpu/armv7/built-in.o
 .text.omap_die_id_serial
                0x0000000000000000       0x4c arch/arm/cpu/armv7/built-in.o
 .text.omap_die_id_get_board_serial
                0x0000000000000000       0x24 arch/arm/cpu/armv7/built-in.o
 .text.omap_die_id_usbethaddr
                0x0000000000000000       0x58 arch/arm/cpu/armv7/built-in.o
 .text.omap_die_id_display
                0x0000000000000000       0x2c arch/arm/cpu/armv7/built-in.o
 .text.omap_sys_boot_device
                0x0000000000000000        0x4 arch/arm/cpu/armv7/built-in.o
 .text.save_omap_boot_params
                0x0000000000000000       0x7c arch/arm/cpu/armv7/built-in.o
 .text.enable_gpmc_cs_config
                0x0000000000000000       0x4c arch/arm/cpu/armv7/built-in.o
 .text.gpmc_init
                0x0000000000000000       0x44 arch/arm/cpu/armv7/built-in.o
 .text.get_dpll_mpu_params
                0x0000000000000000        0x8 arch/arm/cpu/armv7/built-in.o
 .text.get_dpll_core_params
                0x0000000000000000        0x8 arch/arm/cpu/armv7/built-in.o
 .text.get_dpll_per_params
                0x0000000000000000        0x8 arch/arm/cpu/armv7/built-in.o
 .text.setup_clocks_for_console
                0x0000000000000000       0x80 arch/arm/cpu/armv7/built-in.o
 .text.enable_basic_clocks
                0x0000000000000000       0x40 arch/arm/cpu/armv7/built-in.o
 .text.do_setup_dpll
                0x0000000000000000       0xc4 arch/arm/cpu/armv7/built-in.o
 .text.do_enable_clocks
                0x0000000000000000       0x5c arch/arm/cpu/armv7/built-in.o
 .text.do_disable_clocks
                0x0000000000000000       0x64 arch/arm/cpu/armv7/built-in.o
 .text.scale_vcores
                0x0000000000000000        0x2 arch/arm/cpu/armv7/built-in.o
 .text.prcm_init
                0x0000000000000000       0x60 arch/arm/cpu/armv7/built-in.o
 .text.get_cpu_rev
                0x0000000000000000        0xc arch/arm/cpu/armv7/built-in.o
 .text.get_cpu_type
                0x0000000000000000       0x10 arch/arm/cpu/armv7/built-in.o
 .text.get_device_type
                0x0000000000000000       0x10 arch/arm/cpu/armv7/built-in.o
 .text.get_sysboot_value
                0x0000000000000000       0x10 arch/arm/cpu/armv7/built-in.o
 .text.am335x_get_efuse_mpu_max_freq
                0x0000000000000000       0x68 arch/arm/cpu/armv7/built-in.o
 .text.am335x_get_tps65910_mpu_vdd
                0x0000000000000000       0x28 arch/arm/cpu/armv7/built-in.o
 .text.configure_mr
                0x0000000000000000       0x8c arch/arm/cpu/armv7/built-in.o
 .text.config_sdram_emif4d5
[...]
Memory Configuration

Name             Origin             Length             Attributes
*default*        0x0000000000000000 0xffffffffffffffff

Linker script and memory map

Address of section .text set to 0x80800000
                0x0000000000000000                . = 0x0
                0x0000000000000000                . = ALIGN (0x4)

.text           0x0000000080800000    0x368f8
 *(.__image_copy_start)
 .__image_copy_start
                0x0000000080800000        0x0 arch/arm/lib/built-in.o
                0x0000000080800000                __image_copy_start
 *(.vectors)
 .vectors       0x0000000080800000      0x300 arch/arm/lib/built-in.o
                0x0000000080800000                _start
                0x0000000080800020                _undefined_instruction
                0x0000000080800024                _software_interrupt
                0x0000000080800028                _prefetch_abort
                0x000000008080002c                _data_abort
                0x0000000080800030                _not_used
                0x0000000080800034                _irq
                0x0000000080800038                _fiq
                0x0000000080800040                IRQ_STACK_START_IN
 arch/arm/cpu/armv7/start.o(.text*)
 .text          0x0000000080800300       0xa4 arch/arm/cpu/armv7/start.o
                0x0000000080800300                reset
                0x0000000080800304                save_boot_params_ret
                0x0000000080800338                c_runtime_cpu_setup
                0x000000008080034c                cpu_init_cp15
 board/ti/am335x/built-in.o(.text*)
 .text.cpsw_control
                0x00000000808003a4        0x2 board/ti/am335x/built-in.o
 *fill*         0x00000000808003a6        0x2 
 .text.board_init
                0x00000000808003a8       0x18 board/ti/am335x/built-in.o
                0x00000000808003a8                board_init
 .text.board_late_init
                0x00000000808003c0       0x44 board/ti/am335x/built-in.o
                0x00000000808003c0                board_late_init
 .text.board_eth_init
                0x0000000080800404      0x1f4 board/ti/am335x/built-in.o
                0x0000000080800404                board_eth_init
 *(.text*)
 .text          0x00000000808005f8      0x184 arch/arm/cpu/armv7/built-in.o
                0x00000000808005f8                __v7_flush_dcache_all
                0x0000000080800694                v7_flush_dcache_all
                0x00000000808006a4                __v7_invalidate_dcache_all
                0x0000000080800740                v7_invalidate_dcache_all
                0x0000000080800750                save_boot_params
                0x000000008080075c                omap_smc1
 .text.v7_dcache_inval_range
                0x000000008080077c       0x4c arch/arm/cpu/armv7/built-in.o
 .text.invalidate_icache_all
                0x00000000808007c8       0x14 arch/arm/cpu/armv7/built-in.o
                0x00000000808007c8                invalidate_icache_all
 .text.v7_outer_cache_enable
                0x00000000808007dc        0x2 arch/arm/cpu/armv7/built-in.o
                0x00000000808007dc                v7_outer_cache_enable
 .text.v7_outer_cache_disable
                0x00000000808007de        0x2 arch/arm/cpu/armv7/built-in.o
                0x00000000808007de                v7_outer_cache_disable
 .text.v7_outer_cache_flush_all
                0x00000000808007e0        0x2 arch/arm/cpu/armv7/built-in.o
                0x00000000808007e0                v7_outer_cache_flush_all
 .text.flush_dcache_all
                0x00000000808007e2        0xe arch/arm/cpu/armv7/built-in.o
                0x00000000808007e2                flush_dcache_all
 .text.v7_outer_cache_inval_all
                0x00000000808007f0        0x2 arch/arm/cpu/armv7/built-in.o
                0x00000000808007f0                v7_outer_cache_inval_all
 .text.invalidate_dcache_all
                0x00000000808007f2        0xe arch/arm/cpu/armv7/built-in.o
                0x00000000808007f2                invalidate_dcache_all
 .text.arm_init_before_mmu
                0x0000000080800800       0x22 arch/arm/cpu/armv7/built-in.o
                0x0000000080800800                arm_init_before_mmu
 .text.v7_outer_cache_flush_range
                0x0000000080800822        0x2 arch/arm/cpu/armv7/built-in.o
                0x0000000080800822                v7_outer_cache_flush_range
 .text.flush_dcache_range
                0x0000000080800824       0x28 arch/arm/cpu/armv7/built-in.o
                0x0000000080800824                flush_dcache_range
 .text.v7_outer_cache_inval_range
                0x000000008080084c        0x2 arch/arm/cpu/armv7/built-in.o
                0x000000008080084c                v7_outer_cache_inval_range
 .text.invalidate_dcache_range
                0x000000008080084e       0x28 arch/arm/cpu/armv7/built-in.o
                0x000000008080084e                invalidate_dcache_range
 .text.cpu_cache_initialization
                0x0000000080800876        0x2 arch/arm/cpu/armv7/built-in.o
                0x0000000080800876                cpu_cache_initialization
 .text.cleanup_before_linux_select
                0x0000000080800878       0x3e arch/arm/cpu/armv7/built-in.o
                0x0000000080800878                cleanup_before_linux_select
 .text.cleanup_before_linux
                0x00000000808008b6        0x6 arch/arm/cpu/armv7/built-in.o
                0x00000000808008b6                cleanup_before_linux
 .text.reset_cpu
                0x00000000808008bc        0xc arch/arm/cpu/armv7/built-in.o
                0x00000000808008bc                reset_cpu
 .text.timer_init
                0x00000000808008c8       0x14 arch/arm/cpu/armv7/built-in.o
                0x00000000808008c8                timer_init
 .text.__udelay
                0x00000000808008dc       0x2c arch/arm/cpu/armv7/built-in.o
                0x00000000808008dc                __udelay
 .text.get_timer_masked
                0x0000000080800908       0x34 arch/arm/cpu/armv7/built-in.o
                0x0000000080800908                get_timer_masked
 .text.get_timer
                0x000000008080093c        0xc arch/arm/cpu/armv7/built-in.o
                0x000000008080093c                get_timer
 .text.get_ticks
                0x0000000080800948        0xa arch/arm/cpu/armv7/built-in.o
                0x0000000080800948                get_ticks
 .text.get_tbclk
                0x0000000080800952        0x6 arch/arm/cpu/armv7/built-in.o
                0x0000000080800952                get_tbclk
 .text.enable_caches
                0x0000000080800958        0x4 arch/arm/cpu/armv7/built-in.o
                0x0000000080800958                enable_caches
 .text.dram_bank_mmu_setup
                0x000000008080095c       0x26 arch/arm/cpu/armv7/built-in.o
                0x000000008080095c                dram_bank_mmu_setup
 .text.arm_init_domains
                0x0000000080800982       0x12 arch/arm/cpu/armv7/built-in.o
                0x0000000080800982                arm_init_domains
 .text.fb_set_reboot_flag
                0x0000000080800994       0x24 arch/arm/cpu/armv7/built-in.o
                0x0000000080800994                fb_set_reboot_flag
 .text.dram_init
                0x00000000808009b8       0x16 arch/arm/cpu/armv7/built-in.o
                0x00000000808009b8                dram_init
 .text.dram_init_banksize
                0x00000000808009ce       0x14 arch/arm/cpu/armv7/built-in.o
                0x00000000808009ce                dram_init_banksize
 *fill*         0x00000000808009e2        0x2 
 .text.am33xx_otg1_set_phy_power
                0x00000000808009e4       0x20 arch/arm/cpu/armv7/built-in.o
 .text.am33xx_otg0_set_phy_power
                0x0000000080800a04       0x20 arch/arm/cpu/armv7/built-in.o
 .text.cpu_mmc_init
                0x0000000080800a24       0x28 arch/arm/cpu/armv7/built-in.o
                0x0000000080800a24                cpu_mmc_init
 .text.arch_misc_init
                0x0000000080800a4c       0x34 arch/arm/cpu/armv7/built-in.o
                0x0000000080800a4c                arch_misc_init
 .text          0x0000000080800a80       0x94 arch/arm/lib/built-in.o
                0x0000000080800a80                _main
 .text.relocate_vectors
                0x0000000080800b14       0x70 arch/arm/lib/built-in.o
                0x0000000080800b14                relocate_vectors
                0x0000000080800b20                relocate_code
 .text.arch_fixup_fdt
                0x0000000080800b84       0x26 arch/arm/lib/built-in.o
                0x0000000080800b84                arch_fixup_fdt
 *fill*         0x0000000080800baa        0x2 
 .text.boot_jump_linux
                0x0000000080800bac       0x84 arch/arm/lib/built-in.o
 .text.arch_lmb_reserve
                0x0000000080800c30       0x1e arch/arm/lib/built-in.o
                0x0000000080800c30                arch_lmb_reserve
 .text.setup_board_tags
                0x0000000080800c4e        0x2 arch/arm/lib/built-in.o
                0x0000000080800c4e                setup_board_tags
 .text.boot_prep_linux
                0x0000000080800c50      0x118 arch/arm/lib/built-in.o
 .text.do_bootm_linux
                0x0000000080800d68       0x40 arch/arm/lib/built-in.o
                0x0000000080800d68                do_bootm_linux
 .text.bootz_setup
                0x0000000080800da8       0x3c arch/arm/lib/built-in.o
                0x0000000080800da8                bootz_setup
 .text.boot_prep_vxworks
                0x0000000080800de4       0x34 arch/arm/lib/built-in.o
                0x0000000080800de4                boot_prep_vxworks
 .text.boot_jump_vxworks
                0x0000000080800e18        0xe arch/arm/lib/built-in.o
                0x0000000080800e18                boot_jump_vxworks
 .text.arch_reserve_stacks
                0x0000000080800e26       0x10 arch/arm/lib/built-in.o
                0x0000000080800e26                arch_reserve_stacks
 *fill*         0x0000000080800e36        0x2 
 .text.interrupt_init
                0x0000000080800e38       0x14 arch/arm/lib/built-in.o
                0x0000000080800e38                interrupt_init
 .text.enable_interrupts
                0x0000000080800e4c        0x2 arch/arm/lib/built-in.o
                0x0000000080800e4c                enable_interrupts
 .text.disable_interrupts
                0x0000000080800e4e        0x4 arch/arm/lib/built-in.o
                0x0000000080800e4e                disable_interrupts
 *fill*         0x0000000080800e52        0x2 
 .text.bad_mode
                0x0000000080800e54        0xc arch/arm/lib/built-in.o
                0x0000000080800e54                bad_mode
 .text.show_regs
                0x0000000080800e60      0x104 arch/arm/lib/built-in.o
                0x0000000080800e60                show_regs
 .text.do_undefined_instruction
                0x0000000080800f64       0x1c arch/arm/lib/built-in.o
                0x0000000080800f64                do_undefined_instruction
 .text.do_software_interrupt
                0x0000000080800f80       0x1c arch/arm/lib/built-in.o
                0x0000000080800f80                do_software_interrupt
 .text.do_prefetch_abort
                0x0000000080800f9c       0x1c arch/arm/lib/built-in.o
                0x0000000080800f9c                do_prefetch_abort
 .text.do_data_abort
                0x0000000080800fb8       0x1c arch/arm/lib/built-in.o
                0x0000000080800fb8                do_data_abort
 .text.do_not_used
                0x0000000080800fd4       0x1c arch/arm/lib/built-in.o
                0x0000000080800fd4                do_not_used
 .text.do_fiq   0x0000000080800ff0       0x1c arch/arm/lib/built-in.o
                0x0000000080800ff0                do_fiq
 .text.do_irq   0x000000008080100c       0x1c arch/arm/lib/built-in.o
                0x000000008080100c                do_irq
 .text.reset_misc
                0x0000000080801028        0x2 arch/arm/lib/built-in.o
                0x0000000080801028                reset_misc
 *fill*         0x000000008080102a        0x2 
 .text.do_reset
                0x000000008080102c       0x28 arch/arm/lib/built-in.o
                0x000000008080102c                do_reset
 .text.flush_cache
                0x0000000080801054        0x6 arch/arm/lib/built-in.o
                0x0000000080801054                flush_cache
 .text.cp_delay
                0x000000008080105a       0x18 arch/arm/lib/built-in.o
 .text.set_section_dcache
                0x0000000080801072       0x14 arch/arm/lib/built-in.o
                0x0000000080801072                set_section_dcache
 .text.icache_enable
                0x0000000080801086       0x14 arch/arm/lib/built-in.o
                0x0000000080801086                icache_enable
 .text.icache_disable
                0x000000008080109a       0x1c arch/arm/lib/built-in.o
                0x000000008080109a                icache_disable
 .text.dcache_enable
                0x00000000808010b6       0x6a arch/arm/lib/built-in.o
                0x00000000808010b6                dcache_enable
 .text.dcache_disable
                0x0000000080801120       0x24 arch/arm/lib/built-in.o
                0x0000000080801120                dcache_disable
 .text.dcache_status
                0x0000000080801144        0xa arch/arm/lib/built-in.o
                0x0000000080801144                dcache_status
 .text.ti_eeprom_string_cleanup
                0x000000008080114e       0x26 board/ti/common/built-in.o
 .text.gpi2c_init
                0x0000000080801174        0x2 board/ti/common/built-in.o
                0x0000000080801174                gpi2c_init
 .text.ti_i2c_eeprom_get
                0x0000000080801176       0x94 board/ti/common/built-in.o
 *fill*         0x000000008080120a        0x2 
 .text.ti_i2c_eeprom_am_get
                0x000000008080120c       0xd0 board/ti/common/built-in.o
                0x000000008080120c                ti_i2c_eeprom_am_get
 .text.board_ti_is
                0x00000000808012dc       0x30 board/ti/common/built-in.o
                0x00000000808012dc                board_ti_is
 .text.board_ti_get_rev
                0x000000008080130c       0x1c board/ti/common/built-in.o
                0x000000008080130c                board_ti_get_rev
 .text.board_ti_get_config
                0x0000000080801328       0x1c board/ti/common/built-in.o
                0x0000000080801328                board_ti_get_config
 .text.set_board_info_env
                0x0000000080801344       0x3c board/ti/common/built-in.o
                0x0000000080801344                set_board_info_env
 .text.do_go_exec
                0x0000000080801380        0xc cmd/built-in.o
                0x0000000080801380                do_go_exec
 .text.do_go    0x000000008080138c       0x4c cmd/built-in.o
 .text.do_bootm
                0x00000000808013d8       0xa8 cmd/built-in.o
                0x00000000808013d8                do_bootm
 .text.do_bootd
                0x0000000080801480       0x18 cmd/built-in.o
                0x0000000080801480                do_bootd
 .text.image_info
                0x0000000080801498       0xc8 cmd/built-in.o
 .text.do_iminfo
                0x0000000080801560       0x40 cmd/built-in.o
 .text.bootm_maybe_autostart
                0x00000000808015a0       0x4c cmd/built-in.o
                0x00000000808015a0                bootm_maybe_autostart
 .text.do_bootz
                0x00000000808015ec       0xa4 cmd/built-in.o
                0x00000000808015ec                do_bootz
 .text.do_help  0x0000000080801690       0x30 cmd/built-in.o
 .text.do_version
                0x00000000808016c0       0x2c cmd/built-in.o
 .text.source   0x00000000808016ec      0x120 cmd/built-in.o
                0x00000000808016ec                source
 .text.do_source
                0x000000008080180c       0x50 cmd/built-in.o
 .text.print_num
                0x000000008080185c       0x10 cmd/built-in.o
 .text.do_bdinfo
                0x000000008080186c      0x120 cmd/built-in.o
 .text.bootefi_open_dp
                0x000000008080198c        0xc cmd/built-in.o
 .text.do_bootefi_exec
                0x0000000080801998      0x164 cmd/built-in.o
 .text.do_bootefi
                0x0000000080801afc       0x58 cmd/built-in.o
 .text.efi_set_bootdev
                0x0000000080801b54       0xcc cmd/built-in.o
                0x0000000080801b54                efi_set_bootdev
 .text.do_coninfo
                0x0000000080801c20       0x88 cmd/built-in.o
 .text.do_echo  0x0000000080801ca8       0x74 cmd/built-in.o
 .text.eeprom_write_enable
                0x0000000080801d1c        0x4 cmd/built-in.o
                0x0000000080801d1c                eeprom_write_enable
 .text.eeprom_read
                0x0000000080801d20       0x4a cmd/built-in.o
                0x0000000080801d20                eeprom_read
 .text.eeprom_write
                0x0000000080801d6a       0x66 cmd/built-in.o
                0x0000000080801d6a                eeprom_write
 .text.do_eeprom
                0x0000000080801dd0       0xd8 cmd/built-in.o
 .text.load_elf_image_shdr
                0x0000000080801ea8       0x4a cmd/built-in.o
 *fill*         0x0000000080801ef2        0x2 
 .text.valid_elf_image
                0x0000000080801ef4       0x30 cmd/built-in.o
                0x0000000080801ef4                valid_elf_image
 .text.do_bootelf
                0x0000000080801f24      0x118 cmd/built-in.o
                0x0000000080801f24                do_bootelf
 .text.do_bootvx
                0x000000008080203c      0x238 cmd/built-in.o
                0x000000008080203c                do_bootvx
 .text.do_exit  0x0000000080802274       0x1e cmd/built-in.o
 .text.do_ext4_size
                0x0000000080802292        0xe cmd/built-in.o
                0x0000000080802292                do_ext4_size
 .text.do_ext4_load
                0x00000000808022a0        0xe cmd/built-in.o
                0x00000000808022a0                do_ext4_load
 .text.do_ext4_ls
                0x00000000808022ae        0xe cmd/built-in.o
                0x00000000808022ae                do_ext4_ls
 .text.do_ext4_write
                0x00000000808022bc        0xe cmd/built-in.o
                0x00000000808022bc                do_ext4_write
 .text.do_ext2load
                0x00000000808022ca        0xe cmd/built-in.o
                0x00000000808022ca                do_ext2load
 .text.do_ext2ls
                0x00000000808022d8        0xe cmd/built-in.o
 .text.do_fat_size
                0x00000000808022e6        0xe cmd/built-in.o
                0x00000000808022e6                do_fat_size
 .text.do_fat_fsload
                0x00000000808022f4        0xe cmd/built-in.o
                0x00000000808022f4                do_fat_fsload
 .text.do_fat_ls
                0x0000000080802302        0xe cmd/built-in.o
 .text.do_fat_fsinfo
                0x0000000080802310       0x58 cmd/built-in.o
 .text.do_fat_fswrite
                0x0000000080802368       0xbc cmd/built-in.o
 .text.fdt_valid
                0x0000000080802424       0x74 cmd/built-in.o
 .text.is_printable_string
                0x0000000080802498       0x50 cmd/built-in.o
 .text.print_data
                0x00000000808024e8      0x104 cmd/built-in.o
 .text.set_working_fdt_addr
                0x00000000808025ec       0x14 cmd/built-in.o
                0x00000000808025ec                set_working_fdt_addr
 .text.do_fdt   0x0000000080802600      0x98c cmd/built-in.o
 .text.do_size_wrapper
                0x0000000080802f8c        0xe cmd/built-in.o
 *fill*         0x0000000080802f9a        0x2 
 .text.do_load_wrapper
                0x0000000080802f9c       0x40 cmd/built-in.o
 .text.do_save_wrapper
                0x0000000080802fdc        0xe cmd/built-in.o
 .text.do_ls_wrapper
                0x0000000080802fea        0xe cmd/built-in.o
 .text.do_fstype_wrapper
                0x0000000080802ff8        0x4 cmd/built-in.o
 .text.gpio_get_description
                0x0000000080802ffc       0x7c cmd/built-in.o
 .text.do_gpio  0x0000000080803078      0x21c cmd/built-in.o
 .text.do_i2c   0x0000000080803294       0x3c cmd/built-in.o
 .text.do_i2c_bus_speed
                0x00000000808032d0       0x50 cmd/built-in.o
 .text.do_i2c_reset
                0x0000000080803320       0x26 cmd/built-in.o
 *fill*         0x0000000080803346        0x2 
 .text.do_i2c_probe
                0x0000000080803348       0x5c cmd/built-in.o
 .text.do_i2c_bus_num
                0x00000000808033a4       0x80 cmd/built-in.o
 .text.do_i2c_show_bus
                0x0000000080803424       0x8c cmd/built-in.o
 .text.get_alen.constprop.4
                0x00000000808034b0       0x1c cmd/built-in.o
 .text.do_i2c_crc
                0x00000000808034cc       0xbc cmd/built-in.o
 .text.do_i2c_write
                0x0000000080803588       0xd8 cmd/built-in.o
 .text.do_i2c_mw
                0x0000000080803660       0xa8 cmd/built-in.o
 .text.do_i2c_read
                0x0000000080803708       0x78 cmd/built-in.o
 .text.do_i2c_md
                0x0000000080803780      0x144 cmd/built-in.o
 .text.mod_i2c_mem.isra.3
                0x00000000808038c4      0x150 cmd/built-in.o
 .text.do_i2c_nm
                0x0000000080803a14        0x6 cmd/built-in.o
 .text.do_i2c_mm
                0x0000000080803a1a        0x6 cmd/built-in.o
 .text.do_i2c_loop
                0x0000000080803a20       0x98 cmd/built-in.o
 .text.i2c_init_board
                0x0000000080803ab8        0x2 cmd/built-in.o
                0x0000000080803ab8                i2c_init_board
 .text.evalexp  0x0000000080803aba       0x46 cmd/built-in.o
 .text.evalstr  0x0000000080803b00       0x3e cmd/built-in.o
 *fill*         0x0000000080803b3e        0x2 
 .text.binary_test
                0x0000000080803b40      0x130 cmd/built-in.o
 .text.do_itest
                0x0000000080803c70       0x58 cmd/built-in.o
 .text.bin_data_init
                0x0000000080803cc8       0x1c cmd/built-in.o
 .text.k_data_save
                0x0000000080803ce4       0x34 cmd/built-in.o
 .text.k_data_restore
                0x0000000080803d18       0x34 cmd/built-in.o
 .text.getcxmodem
                0x0000000080803d4c       0x16 cmd/built-in.o
 *fill*         0x0000000080803d62        0x2 
 .text.load_serial_ymodem
                0x0000000080803d64       0x88 cmd/built-in.o
 .text.bin_data_char
                0x0000000080803dec       0x1c cmd/built-in.o
 .text.chk1.constprop.1
                0x0000000080803e08       0x20 cmd/built-in.o
 .text.s1_sendpacket.constprop.2
                0x0000000080803e28       0x34 cmd/built-in.o
 .text.load_serial
                0x0000000080803e5c      0x138 cmd/built-in.o
 .text.do_load_serial
                0x0000000080803f94       0x90 cmd/built-in.o
 .text.do_load_serial_bin
                0x0000000080804024      0x568 cmd/built-in.o
 .text.do_mem_mw
                0x000000008080458c       0x80 cmd/built-in.o
 .text.do_mem_loop
                0x000000008080460c       0x88 cmd/built-in.o
 .text.do_mem_md
                0x0000000080804694       0xa0 cmd/built-in.o
 .text.do_mem_base
                0x0000000080804734       0x28 cmd/built-in.o
 .text.do_mem_cp
                0x000000008080475c       0x88 cmd/built-in.o
 .text.do_mem_cmp
                0x00000000808047e4       0xf8 cmd/built-in.o
 .text.do_mem_crc
                0x00000000808048dc       0x2c cmd/built-in.o
 .text.mod_mem.isra.2
                0x0000000080804908       0xec cmd/built-in.o
 .text.do_mem_mm
                0x00000000808049f4        0x6 cmd/built-in.o
 .text.do_mem_nm
                0x00000000808049fa        0x6 cmd/built-in.o
 .text.extract_range
                0x0000000080804a00       0x78 cmd/built-in.o
 .text.do_mii   0x0000000080804a78      0x624 cmd/built-in.o
 .text.do_mdio  0x000000008080509c      0x31c cmd/built-in.o
 .text.do_sleep
                0x00000000808053b8       0x46 cmd/built-in.o
 *fill*         0x00000000808053fe        0x2 
 .text.do_mmcops
                0x0000000080805400       0x74 cmd/built-in.o
 .text.init_mmc_device
                0x0000000080805474       0x34 cmd/built-in.o
 .text.do_mmc_rescan
                0x00000000808054a8       0x1c cmd/built-in.o
 .text.do_mmc_hwpartition
                0x00000000808054c4      0x3a8 cmd/built-in.o
 .text.do_mmc_list
                0x000000008080586c        0xc cmd/built-in.o
 .text.do_mmc_dev
                0x0000000080805878       0xc4 cmd/built-in.o
 .text.do_mmc_part
                0x000000008080593c       0x38 cmd/built-in.o
 .text.do_mmc_erase
                0x0000000080805974       0x9c cmd/built-in.o
 .text.do_mmc_write
                0x0000000080805a10       0xb0 cmd/built-in.o
 .text.do_mmc_read
                0x0000000080805ac0       0xa8 cmd/built-in.o
 .text.do_mmcinfo
                0x0000000080805b68      0x298 cmd/built-in.o
 .text.do_mmc_setdsr
                0x0000000080805e00       0x74 cmd/built-in.o
 .text.netboot_common
                0x0000000080805e74      0x1d4 cmd/built-in.o
 .text.do_bootp
                0x0000000080806048        0x8 cmd/built-in.o
 .text.do_dhcp  0x0000000080806050        0x8 cmd/built-in.o
 .text.do_nfs   0x0000000080806058        0x8 cmd/built-in.o
 .text.do_tftpb
                0x0000000080806060       0x26 cmd/built-in.o
                0x0000000080806060                do_tftpb
 *fill*         0x0000000080806086        0x2 
 .text.do_ping  0x0000000080806088       0x4c cmd/built-in.o
 .text.do_part_list
                0x00000000808060d4       0xe8 cmd/built-in.o
 .text.do_part_start
                0x00000000808061bc       0x84 cmd/built-in.o
 .text.do_part_size
                0x0000000080806240       0x84 cmd/built-in.o
 .text.do_part  0x00000000808062c4       0xac cmd/built-in.o
 .text.eol_or_eof
                0x0000000080806370       0x12 cmd/built-in.o
 *fill*         0x0000000080806382        0x2 
 .text.do_pxe   0x0000000080806384       0x48 cmd/built-in.o
 .text.label_print
                0x00000000808063cc       0x14 cmd/built-in.o
 .text.do_get_tftp
                0x00000000808063e0       0x2c cmd/built-in.o
 .text.from_env
                0x000000008080640c       0x1c cmd/built-in.o
 .text.get_string
                0x0000000080806428       0x7c cmd/built-in.o
 .text.label_destroy
                0x00000000808064a4       0x3e cmd/built-in.o
 .text.destroy_pxe_menu
                0x00000000808064e2       0x36 cmd/built-in.o
 .text.get_token
                0x0000000080806518       0xa4 cmd/built-in.o
 .text.parse_sliteral
                0x00000000808065bc       0x34 cmd/built-in.o
 .text.parse_integer
                0x00000000808065f0       0x44 cmd/built-in.o
 .text.do_get_any
                0x0000000080806634       0x2c cmd/built-in.o
 .text.do_get_fat
                0x0000000080806660       0x28 cmd/built-in.o
 .text.do_get_ext2
                0x0000000080806688       0x28 cmd/built-in.o
 .text.format_mac_pxe.constprop.9
                0x00000000808066b0       0x54 cmd/built-in.o
 .text.get_relfile
                0x0000000080806704       0xcc cmd/built-in.o
 .text.get_pxe_file
                0x00000000808067d0       0x3c cmd/built-in.o
 .text.handle_include
                0x000000008080680c       0x68 cmd/built-in.o
 .text.parse_pxefile_top
                0x0000000080806874      0x318 cmd/built-in.o
 .text.parse_pxefile
                0x0000000080806b8c       0x40 cmd/built-in.o
 .text.get_pxelinux_path
                0x0000000080806bcc       0x54 cmd/built-in.o
 .text.do_pxe_get
                0x0000000080806c20       0xe4 cmd/built-in.o
 .text.get_relfile_envaddr
                0x0000000080806d04       0x34 cmd/built-in.o
 .text.label_boot
                0x0000000080806d38      0x3b8 cmd/built-in.o
 .text.handle_pxe_menu
                0x00000000808070f0       0xe4 cmd/built-in.o
 .text.do_pxe_boot
                0x00000000808071d4       0x94 cmd/built-in.o
 .text.do_sysboot
                0x0000000080807268      0x140 cmd/built-in.o
 .text.bytes_per_second
                0x00000000808073a8       0x34 cmd/built-in.o
 .text.do_spi_flash
                0x00000000808073dc      0x570 cmd/built-in.o
 .text.do_spi   0x000000008080794c      0x1b0 cmd/built-in.o
                0x000000008080794c                do_spi
 .text.do_false
                0x0000000080807afc        0x4 cmd/built-in.o
 .text.do_true  0x0000000080807b00        0x4 cmd/built-in.o
 .text.do_test  0x0000000080807b04      0x228 cmd/built-in.o
 .text.usb_get_class_desc
                0x0000000080807d2c       0x74 cmd/built-in.o
 .text.usb_find_device
                0x0000000080807da0       0x1e cmd/built-in.o
 *fill*         0x0000000080807dbe        0x2 
 .text.usb_show_tree_graph
                0x0000000080807dc0      0x170 cmd/built-in.o
 .text.usb_display_class_sub
                0x0000000080807f30       0xf4 cmd/built-in.o
 .text.usb_display_string
                0x0000000080808024       0x2c cmd/built-in.o
 .text.usb_display_config
                0x0000000080808050      0x19c cmd/built-in.o
 .text.do_usbboot
                0x00000000808081ec        0xc cmd/built-in.o
 .text.usb_display_desc.part.5
                0x00000000808081f8       0xd0 cmd/built-in.o
 .text.do_usb_start
                0x00000000808082c8       0x20 cmd/built-in.o
 .text.usb_show_tree
                0x00000000808082e8       0x30 cmd/built-in.o
                0x00000000808082e8                usb_show_tree
 .text.do_usb   0x0000000080808318      0x4b8 cmd/built-in.o
 .text.do_fastboot
                0x00000000808087d0       0x94 cmd/built-in.o
 .text.do_imgextract
                0x0000000080808864      0x28c cmd/built-in.o
 .text.do_spl   0x0000000080808af0      0x100 cmd/built-in.o
 .text.do_dfu   0x0000000080808bf0      0x134 cmd/built-in.o
 .text.extract_val
                0x0000000080808d24       0x5c cmd/built-in.o
 .text.extract_env
                0x0000000080808d80       0x80 cmd/built-in.o
 .text.set_gpt_info.isra.1.constprop.2
                0x0000000080808e00      0x288 cmd/built-in.o
 .text.do_gpt   0x0000000080809088      0x1dc cmd/built-in.o
 .text.do_env_delete
                0x0000000080809264       0x60 cmd/built-in.o
 .text.do_env_exists
                0x00000000808092c4       0x40 cmd/built-in.o
 .text.do_env_save
                0x0000000080809304       0x20 cmd/built-in.o
 .text.do_env   0x0000000080809324       0x3c cmd/built-in.o
 .text.env_print
                0x0000000080809360       0x74 cmd/built-in.o
 .text.do_env_print
                0x00000000808093d4       0x74 cmd/built-in.o
 .text.do_env_import
                0x0000000080809448      0x184 cmd/built-in.o
 .text.do_env_default
                0x00000000808095cc       0x58 cmd/built-in.o
 .text._do_env_set.isra.1
                0x0000000080809624      0x11c cmd/built-in.o
 .text.do_env_set
                0x0000000080809740       0x14 cmd/built-in.o
 .text.do_env_ask
                0x0000000080809754       0xe4 cmd/built-in.o
                0x0000000080809754                do_env_ask
 .text.get_env_id
                0x0000000080809838        0xc cmd/built-in.o
                0x0000000080809838                get_env_id
 .text.setenv   0x0000000080809844       0x3c cmd/built-in.o
                0x0000000080809844                setenv
 .text.setenv_ulong
                0x0000000080809880       0x16 cmd/built-in.o
                0x0000000080809880                setenv_ulong
 *fill*         0x0000000080809896        0x2 
 .text.setenv_hex
                0x0000000080809898       0x20 cmd/built-in.o
                0x0000000080809898                setenv_hex
 .text.do_env_export
                0x00000000808098b8      0x184 cmd/built-in.o
 .text.envmatch
                0x0000000080809a3c       0x44 cmd/built-in.o
                0x0000000080809a3c                envmatch
 .text.getenv_f
                0x0000000080809a80       0x84 cmd/built-in.o
                0x0000000080809a80                getenv_f
 .text.getenv   0x0000000080809b04       0x54 cmd/built-in.o
                0x0000000080809b04                getenv
 .text.getenv_hex
                0x0000000080809b58       0x22 cmd/built-in.o
                0x0000000080809b58                getenv_hex
 .text.getenv_ulong
                0x0000000080809b7a       0x1c cmd/built-in.o
                0x0000000080809b7a                getenv_ulong
 *fill*         0x0000000080809b96        0x2 
 .text.do_env_edit.part.3
                0x0000000080809b98       0x6c cmd/built-in.o
 .text.do_env_edit
                0x0000000080809c04       0x1c cmd/built-in.o
 .text.common_diskboot
                0x0000000080809c20      0x1cc cmd/built-in.o
                0x0000000080809c20                common_diskboot
 .text.board_init_f_alloc_reserve
                0x0000000080809dec        0xa common/built-in.o
                0x0000000080809dec                board_init_f_alloc_reserve
 .text.board_init_f_init_reserve
                0x0000000080809df6       0x16 common/built-in.o
                0x0000000080809df6                board_init_f_init_reserve
 .text.show_boot_progress
                0x0000000080809e0c        0x2 common/built-in.o
                0x0000000080809e0c                show_boot_progress
 *fill*         0x0000000080809e0e        0x2 
 .text.main_loop
                0x0000000080809e10       0x34 common/built-in.o
                0x0000000080809e10                main_loop
 .text.dummy    0x0000000080809e44        0x2 common/built-in.o
 .text.get_version
                0x0000000080809e46        0x4 common/built-in.o
                0x0000000080809e46                get_version
 *fill*         0x0000000080809e4a        0x2 
 .text.jumptable_init
                0x0000000080809e4c      0x188 common/built-in.o
                0x0000000080809e4c                jumptable_init
 .text.hash_finish_crc32
                0x0000000080809fd4       0x1c common/built-in.o
 .text.hash_update_crc32
                0x0000000080809ff0       0x14 common/built-in.o
 .text.hash_init_crc32
                0x000000008080a004       0x14 common/built-in.o
 .text.hash_finish_sha256
                0x000000008080a018       0x22 common/built-in.o
 .text.hash_update_sha256
                0x000000008080a03a       0x10 common/built-in.o
 .text.hash_init_sha256
                0x000000008080a04a       0x16 common/built-in.o
 .text.hash_finish_sha1
                0x000000008080a060       0x22 common/built-in.o
 .text.hash_update_sha1
                0x000000008080a082       0x10 common/built-in.o
 .text.hash_init_sha1
                0x000000008080a092       0x16 common/built-in.o
 .text.hash_lookup_algo
                0x000000008080a0a8       0x3c common/built-in.o
                0x000000008080a0a8                hash_lookup_algo
 .text.hash_command
                0x000000008080a0e4      0x11c common/built-in.o
                0x000000008080a0e4                hash_command
 .text.b_reset  0x000000008080a200        0xe common/built-in.o
 .text.static_get
                0x000000008080a20e       0x12 common/built-in.o
 .text.static_peek
                0x000000008080a220        0x6 common/built-in.o
 .text.file_peek
                0x000000008080a226        0x6 common/built-in.o
 .text.mapset   0x000000008080a22c       0x14 common/built-in.o
 .text.syntax_err
                0x000000008080a240        0xc common/built-in.o
 .text.free_pipe_list
                0x000000008080a24c       0xa4 common/built-in.o
 .text.xmalloc  0x000000008080a2f0       0x18 common/built-in.o
 .text.new_pipe
                0x000000008080a308       0x16 common/built-in.o
 *fill*         0x000000008080a31e        0x2 
 .text.xrealloc
                0x000000008080a320       0x18 common/built-in.o
 .text.done_command
                0x000000008080a338       0x42 common/built-in.o
 .text.done_pipe
                0x000000008080a37a       0x2a common/built-in.o
 .text.done_word
                0x000000008080a3a4      0x1c8 common/built-in.o
 .text.do_showvar
                0x000000008080a56c       0x9c common/built-in.o
 .text.is_assignment
                0x000000008080a608       0x34 common/built-in.o
 .text.file_get
                0x000000008080a63c      0x128 common/built-in.o
 .text.b_addchr
                0x000000008080a764       0x42 common/built-in.o
 *fill*         0x000000008080a7a6        0x2 
 .text.b_addqchr
                0x000000008080a7a8       0x30 common/built-in.o
 .text.get_local_var
                0x000000008080a7d8       0x58 common/built-in.o
                0x000000008080a7d8                get_local_var
 .text.set_local_var
                0x000000008080a830      0x104 common/built-in.o
                0x000000008080a830                set_local_var
 .text.insert_var_value_sub
                0x000000008080a934      0x1b8 common/built-in.o
 .text.parse_string_outer
                0x000000008080aaec       0x94 common/built-in.o
                0x000000008080aaec                parse_string_outer
 .text.run_list_real
                0x000000008080ab80      0x4f8 common/built-in.o
 .text.parse_stream_outer
                0x000000008080b078      0x444 common/built-in.o
 .text.parse_file_outer
                0x000000008080b4bc       0x2c common/built-in.o
                0x000000008080b4bc                parse_file_outer
 .text.u_boot_hush_start
                0x000000008080b4e8       0x30 common/built-in.o
                0x000000008080b4e8                u_boot_hush_start
 .text.bootdelay_process
                0x000000008080b518       0x88 common/built-in.o
                0x000000008080b518                bootdelay_process
 .text.autoboot_command
                0x000000008080b5a0       0xa8 common/built-in.o
                0x000000008080b5a0                autoboot_command
 .text.print_cpuinfo
                0x000000008080b648        0x4 common/built-in.o
 .text.display_text_info
                0x000000008080b64c        0x4 common/built-in.o
 .text.setup_mon_len
                0x000000008080b650       0x18 common/built-in.o
 .text.arch_cpu_init
                0x000000008080b668        0x4 common/built-in.o
                0x000000008080b668                arch_cpu_init
 .text.reserve_round_4k
                0x000000008080b66c       0x12 common/built-in.o
 .text.reserve_mmu
                0x000000008080b67e       0x2a common/built-in.o
 .text.reserve_trace
                0x000000008080b6a8        0x4 common/built-in.o
 .text.reserve_uboot
                0x000000008080b6ac       0x22 common/built-in.o
 .text.reserve_malloc
                0x000000008080b6ce        0xe common/built-in.o
 .text.setup_machine
                0x000000008080b6dc        0xe common/built-in.o
 .text.reserve_global_data
                0x000000008080b6ea       0x10 common/built-in.o
 .text.reserve_fdt
                0x000000008080b6fa       0x2a common/built-in.o
 .text.display_new_sp
                0x000000008080b724        0x4 common/built-in.o
 .text.initf_console_record
                0x000000008080b728        0x4 common/built-in.o
 .text.reserve_arch
                0x000000008080b72c        0x4 common/built-in.o
                0x000000008080b72c                reserve_arch
 .text.arch_cpu_init_dm
                0x000000008080b730        0x4 common/built-in.o
                0x000000008080b730                arch_cpu_init_dm
 .text.init_func_watchdog_reset
                0x000000008080b734        0xa common/built-in.o
                0x000000008080b734                init_func_watchdog_reset
 *fill*         0x000000008080b73e        0x2 
 .text.announce_dram_init
                0x000000008080b740       0x10 common/built-in.o
 .text.init_func_watchdog_init
                0x000000008080b750       0x14 common/built-in.o
 .text.init_func_i2c
                0x000000008080b764       0x20 common/built-in.o
 .text.init_baud_rate
                0x000000008080b784       0x1c common/built-in.o
 .text.mark_bootstage
                0x000000008080b7a0        0xc common/built-in.o
 .text.initf_dm
                0x000000008080b7ac        0x6 common/built-in.o
 .text.setup_reloc
                0x000000008080b7b2       0x20 common/built-in.o
 .text.reloc_fdt
                0x000000008080b7d2       0x22 common/built-in.o
 .text.reserve_board
                0x000000008080b7f4       0x1e common/built-in.o
 .text.coloured_LED_init
                0x000000008080b812        0x2 common/built-in.o
                0x000000008080b812                coloured_LED_init
 .text.red_led_on
                0x000000008080b814        0x2 common/built-in.o
                0x000000008080b814                red_led_on
 .text.board_add_ram_info
                0x000000008080b816        0x2 common/built-in.o
                0x000000008080b816                board_add_ram_info
 .text.show_dram_config
                0x000000008080b818       0x24 common/built-in.o
 .text.setup_dram_config
                0x000000008080b83c        0xa common/built-in.o
 .text.board_get_usable_ram_top
                0x000000008080b846        0xe common/built-in.o
                0x000000008080b846                board_get_usable_ram_top
 .text.board_reserve_ram_top
                0x000000008080b854        0x2 common/built-in.o
                0x000000008080b854                board_reserve_ram_top
 .text.setup_dest_addr
                0x000000008080b856       0x34 common/built-in.o
 .text.reserve_stacks
                0x000000008080b88a       0x14 common/built-in.o
 *fill*         0x000000008080b89e        0x2 
 .text.board_init_f
                0x000000008080b8a0       0x1c common/built-in.o
                0x000000008080b8a0                board_init_f
 .text.bootstage_relocate
                0x000000008080b8bc        0x4 common/built-in.o
 .text.initr_trace
                0x000000008080b8c0        0x4 common/built-in.o
 .text.initr_reloc
                0x000000008080b8c4       0x12 common/built-in.o
 .text.initr_barrier
                0x000000008080b8d6        0x4 common/built-in.o
 .text.initr_console_record
                0x000000008080b8da        0x4 common/built-in.o
 .text.power_init_board
                0x000000008080b8de        0x4 common/built-in.o
                0x000000008080b8de                power_init_board
 .text.initr_announce
                0x000000008080b8e2        0x4 common/built-in.o
 .text.run_main_loop
                0x000000008080b8e6        0x8 common/built-in.o
 *fill*         0x000000008080b8ee        0x2 
 .text.initr_net
                0x000000008080b8f0       0x14 common/built-in.o
 .text.initr_ethaddr
                0x000000008080b904       0x18 common/built-in.o
 .text.initr_enable_interrupts
                0x000000008080b91c        0xa common/built-in.o
 .text.initr_jumptable
                0x000000008080b926        0xa common/built-in.o
 .text.initr_env
                0x000000008080b930       0x20 common/built-in.o
 .text.initr_mmc
                0x000000008080b950       0x18 common/built-in.o
 .text.initr_serial
                0x000000008080b968        0xa common/built-in.o
 .text.initr_bootstage
                0x000000008080b972        0xc common/built-in.o
 .text.initr_dm
                0x000000008080b97e        0xe common/built-in.o
 .text.initr_malloc
                0x000000008080b98c       0x16 common/built-in.o
 *fill*         0x000000008080b9a2        0x2 
 .text.initr_reloc_global_data
                0x000000008080b9a4       0x28 common/built-in.o
 .text.initr_caches
                0x000000008080b9cc        0xa common/built-in.o
 .text.cpu_secondary_init_r
                0x000000008080b9d6        0x2 common/built-in.o
                0x000000008080b9d6                cpu_secondary_init_r
 .text.initr_secondary_cpu
                0x000000008080b9d8        0xa common/built-in.o
 *fill*         0x000000008080b9e2        0x2 
 .text.board_init_r
                0x000000008080b9e4       0x10 common/built-in.o
                0x000000008080b9e4                board_init_r
 .text.bootm_find_images
                0x000000008080b9f4       0x88 common/built-in.o
                0x000000008080b9f4                bootm_find_images
 .text.bootm_decomp_image
                0x000000008080ba7c      0x108 common/built-in.o
                0x000000008080ba7c                bootm_decomp_image
 .text.bootm_disable_interrupts
                0x000000008080bb84       0x10 common/built-in.o
                0x000000008080bb84                bootm_disable_interrupts
 .text.do_bootm_states
                0x000000008080bb94      0x660 common/built-in.o
                0x000000008080bb94                do_bootm_states
 .text.copy_args
                0x000000008080c1f4       0x36 common/built-in.o
 *fill*         0x000000008080c22a        0x2 
 .text.do_bootm_rtems
                0x000000008080c22c       0x34 common/built-in.o
 .text.do_bootm_plan9
                0x000000008080c260       0x70 common/built-in.o
 .text.do_bootm_standalone
                0x000000008080c2d0       0x40 common/built-in.o
 .text.do_bootm_qnxelf
                0x000000008080c310       0x40 common/built-in.o
 .text.do_bootm_netbsd
                0x000000008080c350       0xb0 common/built-in.o
 .text.do_bootvx_fdt
                0x000000008080c400       0xcc common/built-in.o
                0x000000008080c400                do_bootvx_fdt
 .text.do_bootm_vxworks
                0x000000008080c4cc       0x1c common/built-in.o
 .text.arch_preboot_os
                0x000000008080c4e8        0x2 common/built-in.o
                0x000000008080c4e8                arch_preboot_os
 .text.boot_selected_os
                0x000000008080c4ea       0x3a common/built-in.o
                0x000000008080c4ea                boot_selected_os
 .text.bootm_os_get_boot_func
                0x000000008080c524        0xc common/built-in.o
                0x000000008080c524                bootm_os_get_boot_func
 .text.regex_callback
                0x000000008080c530       0xd0 common/built-in.o
 .text.env_attr_walk
                0x000000008080c600       0xb8 common/built-in.o
                0x000000008080c600                env_attr_walk
 .text.env_attr_lookup
                0x000000008080c6b8       0x50 common/built-in.o
                0x000000008080c6b8                env_attr_lookup
 .text.clear_callback
                0x000000008080c708        0x8 common/built-in.o
 .text.find_env_callback
                0x000000008080c710       0x44 common/built-in.o
 .text.on_callbacks
                0x000000008080c754       0x38 common/built-in.o
 .text.set_callback
                0x000000008080c78c       0x50 common/built-in.o
 .text.env_callback_init
                0x000000008080c7dc       0x7c common/built-in.o
                0x000000008080c7dc                env_callback_init
 .text.skip_num
                0x000000008080c858       0x48 common/built-in.o
 .text.clear_flags
                0x000000008080c8a0        0x8 common/built-in.o
 .text.on_flags
                0x000000008080c8a8       0x38 common/built-in.o
 .text.env_flags_parse_vartype
                0x000000008080c8e0       0x30 common/built-in.o
                0x000000008080c8e0                env_flags_parse_vartype
 .text.env_flags_parse_varaccess
                0x000000008080c910       0x38 common/built-in.o
                0x000000008080c910                env_flags_parse_varaccess
 .text.set_flags
                0x000000008080c948       0x68 common/built-in.o
 .text.eth_validate_ethaddr_str
                0x000000008080c9b0       0x50 common/built-in.o
                0x000000008080c9b0                eth_validate_ethaddr_str
 .text.env_flags_init
                0x000000008080ca00       0x90 common/built-in.o
                0x000000008080ca00                env_flags_init
 .text.env_flags_validate
                0x000000008080ca90      0x1b4 common/built-in.o
                0x000000008080ca90                env_flags_validate
 .text.mmc_get_env_addr
                0x000000008080cc44       0x10 common/built-in.o
                0x000000008080cc44                mmc_get_env_addr
 .text.mmc_get_env_dev
                0x000000008080cc54        0x4 common/built-in.o
                0x000000008080cc54                mmc_get_env_dev
 .text.fini_mmc_for_env.isra.0
                0x000000008080cc58       0x18 common/built-in.o
 .text.env_init
                0x000000008080cc70       0x14 common/built-in.o
                0x000000008080cc70                env_init
 .text.mmc_get_env_part
                0x000000008080cc84        0x4 common/built-in.o
                0x000000008080cc84                mmc_get_env_part
 .text.init_mmc_for_env
                0x000000008080cc88       0x50 common/built-in.o
 .text.saveenv  0x000000008080ccd8       0xfc common/built-in.o
                0x000000008080ccd8                saveenv
 .text.env_relocate_spec
                0x000000008080cdd4      0x1bc common/built-in.o
                0x000000008080cdd4                env_relocate_spec
 .text.fdt_find_and_setprop
                0x000000008080cf90       0x48 common/built-in.o
                0x000000008080cf90                fdt_find_and_setprop
 .text.fdt_find_or_add_subnode
                0x000000008080cfd8       0x40 common/built-in.o
                0x000000008080cfd8                fdt_find_or_add_subnode
 .text.fdt_root
                0x000000008080d018       0x64 common/built-in.o
                0x000000008080d018                fdt_root
 .text.fdt_initrd
                0x000000008080d07c      0x130 common/built-in.o
                0x000000008080d07c                fdt_initrd
 .text.fdt_chosen
                0x000000008080d1ac       0x6c common/built-in.o
                0x000000008080d1ac                fdt_chosen
 .text.do_fixup_by_path
                0x000000008080d218       0x34 common/built-in.o
                0x000000008080d218                do_fixup_by_path
 .text.fdt_fixup_memory_banks
                0x000000008080d24c      0x114 common/built-in.o
                0x000000008080d24c                fdt_fixup_memory_banks
 .text.fdt_fixup_memory
                0x000000008080d360       0x18 common/built-in.o
                0x000000008080d360                fdt_fixup_memory
 .text.fdt_fixup_ethernet
                0x000000008080d378       0xf4 common/built-in.o
                0x000000008080d378                fdt_fixup_ethernet
 .text.fdt_shrink_to_minimum
                0x000000008080d46c       0x88 common/built-in.o
                0x000000008080d46c                fdt_shrink_to_minimum
 .text.miiphy_get_dev_by_name
                0x000000008080d4f4       0x38 common/built-in.o
                0x000000008080d4f4                miiphy_get_dev_by_name
 .text.miiphy_init
                0x000000008080d52c       0x18 common/built-in.o
                0x000000008080d52c                miiphy_init
 .text.mdio_alloc
                0x000000008080d544       0x1c common/built-in.o
                0x000000008080d544                mdio_alloc
 .text.mdio_register
                0x000000008080d560       0x50 common/built-in.o
                0x000000008080d560                mdio_register
 .text.mdio_list_devices
                0x000000008080d5b0       0x60 common/built-in.o
                0x000000008080d5b0                mdio_list_devices
 .text.miiphy_set_current_dev
                0x000000008080d610       0x28 common/built-in.o
                0x000000008080d610                miiphy_set_current_dev
 .text.miiphy_get_active_dev
                0x000000008080d638       0x30 common/built-in.o
 .text.mdio_get_current_dev
                0x000000008080d668        0xc common/built-in.o
                0x000000008080d668                mdio_get_current_dev
 .text.mdio_phydev_for_ethname
                0x000000008080d674       0x4c common/built-in.o
                0x000000008080d674                mdio_phydev_for_ethname
 .text.miiphy_get_current_dev
                0x000000008080d6c0       0x10 common/built-in.o
                0x000000008080d6c0                miiphy_get_current_dev
 .text.miiphy_read
                0x000000008080d6d0       0x28 common/built-in.o
                0x000000008080d6d0                miiphy_read
 .text.miiphy_write
                0x000000008080d6f8       0x24 common/built-in.o
                0x000000008080d6f8                miiphy_write
 .text.miiphy_listdev
                0x000000008080d71c       0x54 common/built-in.o
                0x000000008080d71c                miiphy_listdev
 .text.miiphy_info
                0x000000008080d770       0x5c common/built-in.o
                0x000000008080d770                miiphy_info
 .text.miiphy_is_1000base_x
                0x000000008080d7cc       0x30 common/built-in.o
                0x000000008080d7cc                miiphy_is_1000base_x
 .text.miiphy_speed
                0x000000008080d7fc       0xa4 common/built-in.o
                0x000000008080d7fc                miiphy_speed
 .text.miiphy_duplex
                0x000000008080d8a0       0xb4 common/built-in.o
                0x000000008080d8a0                miiphy_duplex
 .text.usb_set_maxpacket_ep
                0x000000008080d954       0x4e common/built-in.o
 *fill*         0x000000008080d9a2        0x2 
 .text.usb_stop
                0x000000008080d9a4       0x38 common/built-in.o
                0x000000008080d9a4                usb_stop
 .text.usb_disable_asynch
                0x000000008080d9dc       0x18 common/built-in.o
                0x000000008080d9dc                usb_disable_asynch
 .text.usb_control_msg
                0x000000008080d9f4       0x80 common/built-in.o
                0x000000008080d9f4                usb_control_msg
 .text.usb_get_descriptor
                0x000000008080da74       0x38 common/built-in.o
 .text.get_descriptor_len
                0x000000008080daac       0x60 common/built-in.o
 .text.usb_get_string
                0x000000008080db0c       0x4e common/built-in.o
 *fill*         0x000000008080db5a        0x2 
 .text.usb_string_sub
                0x000000008080db5c       0x94 common/built-in.o
 .text.usb_bulk_msg
                0x000000008080dbf0       0x50 common/built-in.o
                0x000000008080dbf0                usb_bulk_msg
 .text.usb_maxpacket
                0x000000008080dc40       0x1a common/built-in.o
                0x000000008080dc40                usb_maxpacket
 .text.usb_clear_halt
                0x000000008080dc5a       0x5e common/built-in.o
                0x000000008080dc5a                usb_clear_halt
 .text.usb_get_configuration_len
                0x000000008080dcb8       0x50 common/built-in.o
                0x000000008080dcb8                usb_get_configuration_len
 .text.usb_get_configuration_no
                0x000000008080dd08       0x1c common/built-in.o
                0x000000008080dd08                usb_get_configuration_no
 .text.usb_set_interface
                0x000000008080dd24       0x78 common/built-in.o
                0x000000008080dd24                usb_set_interface
 .text.usb_string
                0x000000008080dd9c       0xaa common/built-in.o
                0x000000008080dd9c                usb_string
 *fill*         0x000000008080de46        0x2 
 .text.usb_get_dev_index
                0x000000008080de48       0x1c common/built-in.o
                0x000000008080de48                usb_get_dev_index
 .text.usb_alloc_new_device
                0x000000008080de64       0x70 common/built-in.o
                0x000000008080de64                usb_alloc_new_device
 .text.usb_free_device
                0x000000008080ded4       0x30 common/built-in.o
                0x000000008080ded4                usb_free_device
 .text.usb_alloc_device
                0x000000008080df04        0x4 common/built-in.o
                0x000000008080df04                usb_alloc_device
 .text.usb_select_config
                0x000000008080df08      0x31c common/built-in.o
                0x000000008080df08                usb_select_config
 .text.usb_setup_device
                0x000000008080e224       0xf8 common/built-in.o
                0x000000008080e224                usb_setup_device
 .text.usb_new_device
                0x000000008080e31c       0x20 common/built-in.o
                0x000000008080e31c                usb_new_device
 .text.usb_init
                0x000000008080e33c       0xd8 common/built-in.o
                0x000000008080e33c                usb_init
 .text.board_usb_init
                0x000000008080e414        0x4 common/built-in.o
                0x000000008080e414                board_usb_init
 .text.board_usb_cleanup
                0x000000008080e418        0x4 common/built-in.o
                0x000000008080e418                board_usb_cleanup
 .text.usb_device_has_child_on_port
                0x000000008080e41c       0x10 common/built-in.o
                0x000000008080e41c                usb_device_has_child_on_port
 .text.usb_find_usb2_hub_address_port
                0x000000008080e42c       0x38 common/built-in.o
                0x000000008080e42c                usb_find_usb2_hub_address_port
 .text.usb_set_port_feature
                0x000000008080e464       0x2e common/built-in.o
 .text.usb_clear_port_feature
                0x000000008080e492       0x2e common/built-in.o
 .text.usb_get_hub_descriptor
                0x000000008080e4c0       0x36 common/built-in.o
 .text.usb_hub_reset_devices
                0x000000008080e4f6        0x2 common/built-in.o
                0x000000008080e4f6                usb_hub_reset_devices
 .text.usb_get_port_status
                0x000000008080e4f8       0x32 common/built-in.o
                0x000000008080e4f8                usb_get_port_status
 *fill*         0x000000008080e52a        0x2 
 .text.usb_hub_reset
                0x000000008080e52c       0x18 common/built-in.o
                0x000000008080e52c                usb_hub_reset
 .text.legacy_hub_port_reset
                0x000000008080e544       0x6c common/built-in.o
                0x000000008080e544                legacy_hub_port_reset
 .text.usb_hub_port_connect_change
                0x000000008080e5b0      0x100 common/built-in.o
                0x000000008080e5b0                usb_hub_port_connect_change
 .text.usb_hub_configure
                0x000000008080e6b0      0x2f8 common/built-in.o
 .text.usb_hub_probe
                0x000000008080e9a8       0x36 common/built-in.o
                0x000000008080e9a8                usb_hub_probe
 .text.usb_stor_irq
                0x000000008080e9de       0x10 common/built-in.o
 .text.usb_stor_BBB_reset
                0x000000008080e9ee       0x8e common/built-in.o
 .text.usb_stor_CB_reset
                0x000000008080ea7c       0x8e common/built-in.o
 .text.usb_stor_BBB_clear_endpt_stall.isra.2
                0x000000008080eb0a       0x2c common/built-in.o
 *fill*         0x000000008080eb36        0x2 
 .text.usb_stor_BBB_transport
                0x000000008080eb38      0x1b4 common/built-in.o
 .text.usb_stor_CB_comdat
                0x000000008080ecec      0x150 common/built-in.o
 .text.usb_stor_CBI_get_status.isra.4
                0x000000008080ee3c       0x80 common/built-in.o
 .text.usb_stor_CB_transport
                0x000000008080eebc      0x17c common/built-in.o
 .text.usb_request_sense.constprop.9
                0x000000008080f038       0x4c common/built-in.o
 .text.usb_stor_read
                0x000000008080f084       0xfc common/built-in.o
 .text.usb_stor_write
                0x000000008080f180       0xfc common/built-in.o
 .text.usb_stor_get_dev
                0x000000008080f27c       0x20 common/built-in.o
                0x000000008080f27c                usb_stor_get_dev
 .text.usb_stor_info
                0x000000008080f29c       0x4c common/built-in.o
                0x000000008080f29c                usb_stor_info
 .text.usb_storage_probe
                0x000000008080f2e8      0x148 common/built-in.o
                0x000000008080f2e8                usb_storage_probe
 .text.usb_stor_get_info
                0x000000008080f430      0x21c common/built-in.o
                0x000000008080f430                usb_stor_get_info
 .text.usb_stor_scan
                0x000000008080f64c      0x15c common/built-in.o
                0x000000008080f64c                usb_stor_scan
 .text.menu_display_statusline
                0x000000008080f7a8        0x2 common/built-in.o
                0x000000008080f7a8                menu_display_statusline
 .text.menu_default_set
                0x000000008080f7aa       0x58 common/built-in.o
                0x000000008080f7aa                menu_default_set
 *fill*         0x000000008080f802        0x2 
 .text.menu_get_choice
                0x000000008080f804      0x124 common/built-in.o
                0x000000008080f804                menu_get_choice
 .text.menu_item_add
                0x000000008080f928       0x8e common/built-in.o
                0x000000008080f928                menu_item_add
 .text.menu_create
                0x000000008080f9b6       0x54 common/built-in.o
                0x000000008080f9b6                menu_create
 .text.menu_destroy
                0x000000008080fa0a       0x44 common/built-in.o
                0x000000008080fa0a                menu_destroy
 *fill*         0x000000008080fa4e        0x2 
 .text.update_tftp
                0x000000008080fa50      0x23c common/built-in.o
                0x000000008080fa50                update_tftp
 .text.env_get_char_spec
                0x000000008080fc8c        0x8 common/built-in.o
                0x000000008080fc8c                env_get_char_spec
 .text.env_get_addr
                0x000000008080fc94       0x14 common/built-in.o
                0x000000008080fc94                env_get_addr
 .text.env_get_char_memory
                0x000000008080fca8        0xa common/built-in.o
                0x000000008080fca8                env_get_char_memory
 *fill*         0x000000008080fcb2        0x2 
 .text.env_get_char
                0x000000008080fcb4       0x20 common/built-in.o
                0x000000008080fcb4                env_get_char
 .text.getenv_yesno
                0x000000008080fcd4       0x2e common/built-in.o
                0x000000008080fcd4                getenv_yesno
 .text.getenv_default
                0x000000008080fd02       0x20 common/built-in.o
                0x000000008080fd02                getenv_default
 *fill*         0x000000008080fd22        0x2 
 .text.set_default_env
                0x000000008080fd24       0x80 common/built-in.o
                0x000000008080fd24                set_default_env
 .text.set_default_vars
                0x000000008080fda4       0x28 common/built-in.o
                0x000000008080fda4                set_default_vars
 .text.env_import
                0x000000008080fdcc       0x94 common/built-in.o
                0x000000008080fdcc                env_import
 .text.env_export
                0x000000008080fe60       0x68 common/built-in.o
                0x000000008080fe60                env_export
 .text.env_relocate
                0x000000008080fec8       0x28 common/built-in.o
                0x000000008080fec8                env_relocate
 .text.env_complete
                0x000000008080fef0       0x90 common/built-in.o
                0x000000008080fef0                env_complete
 .text.console_setfile
                0x000000008080ff80       0x70 common/built-in.o
 .text.puts     0x000000008080fff0       0x28 common/built-in.o
                0x000000008080fff0                puts
 .text.fgetc    0x0000000080810018       0x1c common/built-in.o
                0x0000000080810018                fgetc
 .text.getc     0x0000000080810034       0x18 common/built-in.o
                0x0000000080810034                getc
 .text.ftstc    0x000000008081004c       0x1c common/built-in.o
                0x000000008081004c                ftstc
 .text.tstc     0x0000000080810068       0x18 common/built-in.o
                0x0000000080810068                tstc
 .text.fputc    0x0000000080810080       0x18 common/built-in.o
                0x0000000080810080                fputc
 .text.putc     0x0000000080810098       0x1a common/built-in.o
                0x0000000080810098                putc
 *fill*         0x00000000808100b2        0x2 
 .text.ctrlc    0x00000000808100b4       0x34 common/built-in.o
                0x00000000808100b4                ctrlc
 .text.had_ctrlc
                0x00000000808100e8        0xc common/built-in.o
                0x00000000808100e8                had_ctrlc
 .text.clear_ctrlc
                0x00000000808100f4        0xc common/built-in.o
                0x00000000808100f4                clear_ctrlc
 .text.search_device
                0x0000000080810100       0x18 common/built-in.o
                0x0000000080810100                search_device
 .text.console_assign
                0x0000000080810118       0x2a common/built-in.o
                0x0000000080810118                console_assign
 *fill*         0x0000000080810142        0x2 
 .text.on_console
                0x0000000080810144       0x70 common/built-in.o
 .text.console_init_f
                0x00000000808101b4        0xa common/built-in.o
                0x00000000808101b4                console_init_f
 *fill*         0x00000000808101be        0x2 
 .text.console_init_r
                0x00000000808101c0       0x84 common/built-in.o
                0x00000000808101c0                console_init_r
 .text.sbrk     0x0000000080810244       0x44 common/built-in.o
                0x0000000080810244                sbrk
 .text.mem_malloc_init
                0x0000000080810288       0x28 common/built-in.o
                0x0000000080810288                mem_malloc_init
 .text.malloc_trim
                0x00000000808102b0       0x80 common/built-in.o
                0x00000000808102b0                malloc_trim
 .text.free     0x0000000080810330      0x158 common/built-in.o
                0x0000000080810330                free
 .text.malloc   0x0000000080810488      0x3fc common/built-in.o
                0x0000000080810488                malloc
 .text.calloc   0x0000000080810884       0xbc common/built-in.o
                0x0000000080810884                calloc
 .text.realloc  0x0000000080810940      0x2d0 common/built-in.o
                0x0000000080810940                realloc
 .text.memalign
                0x0000000080810c10       0xe8 common/built-in.o
                0x0000000080810c10                memalign
 .text.initf_malloc
                0x0000000080810cf8       0x16 common/built-in.o
                0x0000000080810cf8                initf_malloc
 .text.malloc_simple
                0x0000000080810d0e       0x2a common/built-in.o
                0x0000000080810d0e                malloc_simple
 .text.on_loadaddr
                0x0000000080810d38       0x20 common/built-in.o
 .text.image_check_hcrc
                0x0000000080810d58       0x2a common/built-in.o
                0x0000000080810d58                image_check_hcrc
 .text.image_check_dcrc
                0x0000000080810d82       0x22 common/built-in.o
                0x0000000080810d82                image_check_dcrc
 .text.image_multi_count
                0x0000000080810da4       0x12 common/built-in.o
                0x0000000080810da4                image_multi_count
 .text.image_multi_getimg
                0x0000000080810db6       0x4c common/built-in.o
                0x0000000080810db6                image_multi_getimg
 *fill*         0x0000000080810e02        0x2 
 .text.getenv_bootm_low
                0x0000000080810e04       0x20 common/built-in.o
                0x0000000080810e04                getenv_bootm_low
 .text.getenv_bootm_size
                0x0000000080810e24       0x44 common/built-in.o
                0x0000000080810e24                getenv_bootm_size
 .text.getenv_bootm_mapsize
                0x0000000080810e68       0x20 common/built-in.o
                0x0000000080810e68                getenv_bootm_mapsize
 .text.memmove_wd
                0x0000000080810e88       0x4a common/built-in.o
                0x0000000080810e88                memmove_wd
 *fill*         0x0000000080810ed2        0x2 
 .text.genimg_print_size
                0x0000000080810ed4       0x24 common/built-in.o
                0x0000000080810ed4                genimg_print_size
 .text.genimg_print_time
                0x0000000080810ef8       0x2c common/built-in.o
                0x0000000080810ef8                genimg_print_time
 .text.get_table_entry
                0x0000000080810f24       0x12 common/built-in.o
                0x0000000080810f24                get_table_entry
 .text.get_table_entry_name
                0x0000000080810f36       0x14 common/built-in.o
                0x0000000080810f36                get_table_entry_name
 *fill*         0x0000000080810f4a        0x2 
 .text.genimg_get_os_name
                0x0000000080810f4c       0x14 common/built-in.o
                0x0000000080810f4c                genimg_get_os_name
 .text.genimg_get_arch_name
                0x0000000080810f60       0x14 common/built-in.o
                0x0000000080810f60                genimg_get_arch_name
 .text.genimg_get_type_name
                0x0000000080810f74       0x14 common/built-in.o
                0x0000000080810f74                genimg_get_type_name
 .text.genimg_get_comp_name
                0x0000000080810f88       0x14 common/built-in.o
                0x0000000080810f88                genimg_get_comp_name
 .text.image_print_contents
                0x0000000080810f9c      0x100 common/built-in.o
                0x0000000080810f9c                image_print_contents
 .text.get_table_entry_id
                0x000000008081109c       0x30 common/built-in.o
                0x000000008081109c                get_table_entry_id
 .text.genimg_get_os_id
                0x00000000808110cc       0x14 common/built-in.o
                0x00000000808110cc                genimg_get_os_id
 .text.genimg_get_arch_id
                0x00000000808110e0       0x14 common/built-in.o
                0x00000000808110e0                genimg_get_arch_id
 .text.genimg_get_type_id
                0x00000000808110f4       0x14 common/built-in.o
                0x00000000808110f4                genimg_get_type_id
 .text.genimg_get_comp_id
                0x0000000080811108       0x14 common/built-in.o
                0x0000000080811108                genimg_get_comp_id
 .text.genimg_get_kernel_addr_fit
                0x000000008081111c       0x40 common/built-in.o
                0x000000008081111c                genimg_get_kernel_addr_fit
 .text.genimg_get_kernel_addr
                0x000000008081115c       0x16 common/built-in.o
                0x000000008081115c                genimg_get_kernel_addr
 *fill*         0x0000000080811172        0x2 
 .text.genimg_get_format
                0x0000000080811174       0x30 common/built-in.o
                0x0000000080811174                genimg_get_format
 .text.genimg_get_image
                0x00000000808111a4        0x2 common/built-in.o
                0x00000000808111a4                genimg_get_image
 .text.genimg_has_config
                0x00000000808111a6        0xa common/built-in.o
                0x00000000808111a6                genimg_has_config
 .text.boot_get_ramdisk
                0x00000000808111b0      0x260 common/built-in.o
                0x00000000808111b0                boot_get_ramdisk
 .text.boot_ramdisk_high
                0x0000000080811410       0xc0 common/built-in.o
                0x0000000080811410                boot_ramdisk_high
 .text.boot_get_setup
                0x00000000808114d0        0x4 common/built-in.o
                0x00000000808114d0                boot_get_setup
 .text.boot_get_loadable
                0x00000000808114d4       0x88 common/built-in.o
                0x00000000808114d4                boot_get_loadable
 .text.image_setup_linux
                0x000000008081155c       0x5c common/built-in.o
                0x000000008081155c                image_setup_linux
 .text.android_image_get_kernel
                0x00000000808115b8       0xf4 common/built-in.o
                0x00000000808115b8                android_image_get_kernel
 .text.android_image_check_header
                0x00000000808116ac       0x10 common/built-in.o
                0x00000000808116ac                android_image_check_header
 .text.android_image_get_end
                0x00000000808116bc       0x28 common/built-in.o
                0x00000000808116bc                android_image_get_end
 .text.android_image_get_kload
                0x00000000808116e4       0x18 common/built-in.o
                0x00000000808116e4                android_image_get_kload
 .text.android_image_get_ramdisk
                0x00000000808116fc       0x44 common/built-in.o
                0x00000000808116fc                android_image_get_ramdisk
 .text.fdt_error
                0x0000000080811740       0x24 common/built-in.o
 .text.boot_fdt_add_mem_rsv_regions
                0x0000000080811764       0x54 common/built-in.o
                0x0000000080811764                boot_fdt_add_mem_rsv_regions
 .text.boot_relocate_fdt
                0x00000000808117b8      0x10c common/built-in.o
                0x00000000808117b8                boot_relocate_fdt
 .text.boot_get_fdt
                0x00000000808118c4      0x250 common/built-in.o
                0x00000000808118c4                boot_get_fdt
 .text.ft_verify_fdt
                0x0000000080811b14        0x4 common/built-in.o
                0x0000000080811b14                ft_verify_fdt
 .text.image_setup_libfdt
                0x0000000080811b18       0xb0 common/built-in.o
                0x0000000080811b18                image_setup_libfdt
 .text.fit_image_get_address
                0x0000000080811bc8       0x48 common/built-in.o
 .text.fit_parse_conf
                0x0000000080811c10       0x3e common/built-in.o
                0x0000000080811c10                fit_parse_conf
 .text.fit_parse_subimage
                0x0000000080811c4e       0x3e common/built-in.o
                0x0000000080811c4e                fit_parse_subimage
 .text.fit_get_desc
                0x0000000080811c8c       0x20 common/built-in.o
                0x0000000080811c8c                fit_get_desc
 .text.fit_get_timestamp
                0x0000000080811cac       0x30 common/built-in.o
                0x0000000080811cac                fit_get_timestamp
 .text.fit_image_get_node
                0x0000000080811cdc       0x24 common/built-in.o
                0x0000000080811cdc                fit_image_get_node
 .text.fit_image_get_os
                0x0000000080811d00       0x28 common/built-in.o
                0x0000000080811d00                fit_image_get_os
 .text.fit_image_get_arch
                0x0000000080811d28       0x28 common/built-in.o
                0x0000000080811d28                fit_image_get_arch
 .text.fit_image_get_type
                0x0000000080811d50       0x28 common/built-in.o
                0x0000000080811d50                fit_image_get_type
 .text.fit_image_get_comp
                0x0000000080811d78       0x28 common/built-in.o
                0x0000000080811d78                fit_image_get_comp
 .text.fit_image_get_load
                0x0000000080811da0        0xc common/built-in.o
                0x0000000080811da0                fit_image_get_load
 .text.fit_image_get_entry
                0x0000000080811dac        0xc common/built-in.o
                0x0000000080811dac                fit_image_get_entry
 .text.fit_image_get_data
                0x0000000080811db8       0x28 common/built-in.o
                0x0000000080811db8                fit_image_get_data
 .text.fit_image_hash_get_algo
                0x0000000080811de0       0x20 common/built-in.o
                0x0000000080811de0                fit_image_hash_get_algo
 .text.fit_image_hash_get_value
                0x0000000080811e00       0x28 common/built-in.o
                0x0000000080811e00                fit_image_hash_get_value
 .text.fit_image_print_data
                0x0000000080811e28      0x100 common/built-in.o
 .text.fit_image_print
                0x0000000080811f28      0x240 common/built-in.o
                0x0000000080811f28                fit_image_print
 .text.fit_get_end
                0x0000000080812168        0x8 common/built-in.o
                0x0000000080812168                fit_get_end
 .text.calculate_hash
                0x0000000080812170       0xa4 common/built-in.o
                0x0000000080812170                calculate_hash
 .text.fit_image_verify
                0x0000000080812214      0x150 common/built-in.o
                0x0000000080812214                fit_image_verify
 .text.fit_all_image_verify
                0x0000000080812364       0x8c common/built-in.o
                0x0000000080812364                fit_all_image_verify
 .text.fit_image_check_os
                0x00000000808123f0       0x20 common/built-in.o
                0x00000000808123f0                fit_image_check_os
 .text.fit_image_check_arch
                0x0000000080812410       0x2e common/built-in.o
                0x0000000080812410                fit_image_check_arch
 .text.fit_image_check_type
                0x000000008081243e       0x20 common/built-in.o
                0x000000008081243e                fit_image_check_type
 .text.fit_image_check_comp
                0x000000008081245e       0x20 common/built-in.o
                0x000000008081245e                fit_image_check_comp
 *fill*         0x000000008081247e        0x2 
 .text.fit_check_format
                0x0000000080812480       0x40 common/built-in.o
                0x0000000080812480                fit_check_format
 .text.fit_conf_get_node
                0x00000000808124c0       0x40 common/built-in.o
                0x00000000808124c0                fit_conf_get_node
 .text.fit_conf_get_prop_node
                0x0000000080812500       0x1c common/built-in.o
                0x0000000080812500                fit_conf_get_prop_node
 .text.fit_conf_print
                0x000000008081251c       0xf0 common/built-in.o
                0x000000008081251c                fit_conf_print
 .text.fit_print_contents
                0x000000008081260c      0x160 common/built-in.o
                0x000000008081260c                fit_print_contents
 .text.fit_get_node_from_config
                0x000000008081276c       0x2c common/built-in.o
                0x000000008081276c                fit_get_node_from_config
 .text.fit_image_load
                0x0000000080812798      0x370 common/built-in.o
                0x0000000080812798                fit_image_load
 .text.boot_get_setup_fit
                0x0000000080812b08       0x40 common/built-in.o
                0x0000000080812b08                boot_get_setup_fit
 .text.get_ram_size
                0x0000000080812b48       0x98 common/built-in.o
                0x0000000080812b48                get_ram_size
 .text.get_effective_memsize
                0x0000000080812be0        0x6 common/built-in.o
                0x0000000080812be0                get_effective_memsize
 .text.stdio_serial_tstc
                0x0000000080812be6        0x4 common/built-in.o
 .text.stdio_serial_getc
                0x0000000080812bea        0x4 common/built-in.o
 .text.stdio_serial_puts
                0x0000000080812bee        0x6 common/built-in.o
 .text.stdio_serial_putc
                0x0000000080812bf4        0x6 common/built-in.o
 *fill*         0x0000000080812bfa        0x2 
 .text.stdio_get_list
                0x0000000080812bfc        0x8 common/built-in.o
                0x0000000080812bfc                stdio_get_list
 .text.stdio_get_by_name
                0x0000000080812c04       0x30 common/built-in.o
                0x0000000080812c04                stdio_get_by_name
 .text.stdio_clone
                0x0000000080812c34       0x22 common/built-in.o
                0x0000000080812c34                stdio_clone
 *fill*         0x0000000080812c56        0x2 
 .text.stdio_register_dev
                0x0000000080812c58       0x30 common/built-in.o
                0x0000000080812c58                stdio_register_dev
 .text.stdio_register
                0x0000000080812c88        0x6 common/built-in.o
                0x0000000080812c88                stdio_register
 *fill*         0x0000000080812c8e        0x2 
 .text.stdio_init_tables
                0x0000000080812c90       0x14 common/built-in.o
                0x0000000080812c90                stdio_init_tables
 .text.stdio_add_devices
                0x0000000080812ca4       0x54 common/built-in.o
                0x0000000080812ca4                stdio_add_devices
 .text.cli_simple_process_macros
                0x0000000080812cf8      0x116 common/built-in.o
                0x0000000080812cf8                cli_simple_process_macros
 .text.run_command
                0x0000000080812e0e        0xe common/built-in.o
                0x0000000080812e0e                run_command
 .text.run_command_list
                0x0000000080812e1c       0x46 common/built-in.o
                0x0000000080812e1c                run_command_list
 *fill*         0x0000000080812e62        0x2 
 .text.do_run   0x0000000080812e64       0x4c common/built-in.o
                0x0000000080812e64                do_run
 .text.cli_loop
                0x0000000080812eb0        0x8 common/built-in.o
                0x0000000080812eb0                cli_loop
 .text.cli_init
                0x0000000080812eb8        0x4 common/built-in.o
                0x0000000080812eb8                cli_init
 .text.delete_char.part.0
                0x0000000080812ebc       0x84 common/built-in.o
 .text.cread_add_char
                0x0000000080812f40       0x80 common/built-in.o
 .text.cli_readline_into_buffer
                0x0000000080812fc0      0x624 common/built-in.o
                0x0000000080812fc0                cli_readline_into_buffer
 .text.cli_readline
                0x00000000808135e4       0x10 common/built-in.o
                0x00000000808135e4                cli_readline
 .text.find_cmd_tbl
                0x00000000808135f4       0x62 common/built-in.o
                0x00000000808135f4                find_cmd_tbl
 *fill*         0x0000000080813656        0x2 
 .text.find_cmd
                0x0000000080813658       0x1c common/built-in.o
                0x0000000080813658                find_cmd
 .text.cmd_usage
                0x0000000080813674       0x3c common/built-in.o
                0x0000000080813674                cmd_usage
 .text._do_help
                0x00000000808136b0      0x10c common/built-in.o
                0x00000000808136b0                _do_help
 .text.var_complete
                0x00000000808137bc       0x40 common/built-in.o
                0x00000000808137bc                var_complete
 .text.cmd_auto_complete
                0x00000000808137fc      0x304 common/built-in.o
                0x00000000808137fc                cmd_auto_complete
 .text.cmd_get_data_size
                0x0000000080813b00       0x38 common/built-in.o
                0x0000000080813b00                cmd_get_data_size
 .text.cmd_process
                0x0000000080813b38       0x94 common/built-in.o
                0x0000000080813b38                cmd_process
 .text.cmd_process_error
                0x0000000080813bcc       0x1c common/built-in.o
                0x0000000080813bcc                cmd_process_error
 .text.hex1_bin
                0x0000000080813be8       0x2e common/built-in.o
 .text.hex2_bin
                0x0000000080813c16       0x24 common/built-in.o
 .text.srec_decode
                0x0000000080813c3a      0x170 common/built-in.o
                0x0000000080813c3a                srec_decode
 *fill*         0x0000000080813daa        0x2 
 .text.CYGACC_COMM_IF_GETC_TIMEOUT.isra.0
                0x0000000080813dac       0x2c common/built-in.o
 .text.xyzModem_flush
                0x0000000080813dd8       0x14 common/built-in.o
 .text.xyzModem_get_hdr
                0x0000000080813dec      0x17c common/built-in.o
 .text.xyzModem_stream_open
                0x0000000080813f68      0x18c common/built-in.o
                0x0000000080813f68                xyzModem_stream_open
 .text.xyzModem_stream_read
                0x00000000808140f4      0x1b4 common/built-in.o
                0x00000000808140f4                xyzModem_stream_read
 .text.xyzModem_stream_close
                0x00000000808142a8       0x40 common/built-in.o
                0x00000000808142a8                xyzModem_stream_close
 .text.xyzModem_stream_terminate
                0x00000000808142e8       0x68 common/built-in.o
                0x00000000808142e8                xyzModem_stream_terminate
 .text.xyzModem_error
                0x0000000080814350       0x1c common/built-in.o
                0x0000000080814350                xyzModem_error
 .text.get_dev_hwpart
                0x000000008081436c       0x64 disk/built-in.o
 .text.blk_get_dev
                0x00000000808143d0        0x6 disk/built-in.o
                0x00000000808143d0                blk_get_dev
 *fill*         0x00000000808143d6        0x2 
 .text.dev_print
                0x00000000808143d8      0x154 disk/built-in.o
                0x00000000808143d8                dev_print
 .text.part_init
                0x000000008081452c       0x34 disk/built-in.o
                0x000000008081452c                part_init
 .text.part_print
                0x0000000080814560       0xbc disk/built-in.o
                0x0000000080814560                part_print
 .text.part_get_info
                0x000000008081461c       0x4c disk/built-in.o
                0x000000008081461c                part_get_info
 .text.blk_get_device_by_str
                0x0000000080814668       0xb0 disk/built-in.o
                0x0000000080814668                blk_get_device_by_str
 .text.blk_get_device_part_str
                0x0000000080814718      0x258 disk/built-in.o
                0x0000000080814718                blk_get_device_part_str
 .text.test_block_type
                0x0000000080814970       0x58 disk/built-in.o
 .text.print_partition_extended
                0x00000000808149c8      0x1a0 disk/built-in.o
 .text.part_print_dos
                0x0000000080814b68       0x20 disk/built-in.o
                0x0000000080814b68                part_print_dos
 .text.part_test_dos
                0x0000000080814b88       0x40 disk/built-in.o
 .text.part_get_info_extended
                0x0000000080814bc8      0x220 disk/built-in.o
 .text.part_get_info_dos
                0x0000000080814de8       0x18 disk/built-in.o
                0x0000000080814de8                part_get_info_dos
 .text.iso_dread
                0x0000000080814e00       0x22 disk/built-in.o
                0x0000000080814e00                iso_dread
 *fill*         0x0000000080814e22        0x2 
 .text.part_get_info_iso_verb
                0x0000000080814e24      0x2b0 disk/built-in.o
                0x0000000080814e24                part_get_info_iso_verb
 .text.part_test_iso
                0x00000000808150d4       0x14 disk/built-in.o
 .text.part_print_iso
                0x00000000808150e8       0x5c disk/built-in.o
 .text.part_get_info_iso
                0x0000000080815144        0x6 disk/built-in.o
 *fill*         0x000000008081514a        0x2 
 .text.print_efiname
                0x000000008081514c       0x38 disk/built-in.o
 .text.part_test_efi
                0x0000000080815184       0x88 disk/built-in.o
 .text.set_protective_mbr
                0x000000008081520c       0x7c disk/built-in.o
 .text.validate_gpt_entries
                0x0000000080815288       0x80 disk/built-in.o
 .text.validate_gpt_header
                0x0000000080815308      0x1a8 disk/built-in.o
 .text.is_gpt_valid
                0x00000000808154b0      0x140 disk/built-in.o
 .text.is_pte_valid
                0x00000000808155f0       0x38 disk/built-in.o
 .text.part_print_efi
                0x0000000080815628      0x1f0 disk/built-in.o
                0x0000000080815628                part_print_efi
 .text.part_get_info_efi
                0x0000000080815818      0x178 disk/built-in.o
                0x0000000080815818                part_get_info_efi
 .text.write_gpt_table
                0x0000000080815990      0x2bc disk/built-in.o
                0x0000000080815990                write_gpt_table
 .text.gpt_fill_pte
                0x0000000080815c4c      0x228 disk/built-in.o
                0x0000000080815c4c                gpt_fill_pte
 .text.gpt_fill_header
                0x0000000080815e74      0x13a disk/built-in.o
                0x0000000080815e74                gpt_fill_header
 *fill*         0x0000000080815fae        0x2 
 .text.gpt_restore
                0x0000000080815fb0       0xa4 disk/built-in.o
                0x0000000080815fb0                gpt_restore
 .text.gpt_verify_headers
                0x0000000080816054       0x50 disk/built-in.o
                0x0000000080816054                gpt_verify_headers
 .text.gpt_verify_partitions
                0x00000000808160a4      0x1a8 disk/built-in.o
                0x00000000808160a4                gpt_verify_partitions
 .text.alloc_priv
                0x000000008081624c       0x2e drivers/built-in.o
 *fill*         0x000000008081627a        0x2 
 .text.device_bind
                0x000000008081627c      0x1d0 drivers/built-in.o
                0x000000008081627c                device_bind
 .text.device_bind_by_name
                0x000000008081644c       0x3e drivers/built-in.o
                0x000000008081644c                device_bind_by_name
 *fill*         0x000000008081648a        0x2 
 .text.device_probe
                0x000000008081648c      0x134 drivers/built-in.o
                0x000000008081648c                device_probe
 .text.dev_get_platdata
                0x00000000808165c0       0x20 drivers/built-in.o
                0x00000000808165c0                dev_get_platdata
 .text.dev_get_priv
                0x00000000808165e0       0x20 drivers/built-in.o
                0x00000000808165e0                dev_get_priv
 .text.dev_get_uclass_priv
                0x0000000080816600       0x20 drivers/built-in.o
                0x0000000080816600                dev_get_uclass_priv
 .text.dev_get_addr
                0x0000000080816620        0x6 drivers/built-in.o
                0x0000000080816620                dev_get_addr
 *fill*         0x0000000080816626        0x2 
 .text.lists_driver_lookup_name
                0x0000000080816628       0x34 drivers/built-in.o
                0x0000000080816628                lists_driver_lookup_name
 .text.lists_uclass_lookup
                0x000000008081665c       0x2c drivers/built-in.o
                0x000000008081665c                lists_uclass_lookup
 .text.lists_bind_drivers
                0x0000000080816688       0x60 drivers/built-in.o
                0x0000000080816688                lists_bind_drivers
 .text.dm_root  0x00000000808166e8       0x1c drivers/built-in.o
                0x00000000808166e8                dm_root
 .text.dm_init  0x0000000080816704       0x40 drivers/built-in.o
                0x0000000080816704                dm_init
 .text.dm_scan_platdata
                0x0000000080816744       0x20 drivers/built-in.o
                0x0000000080816744                dm_scan_platdata
 .text.dm_scan_other
                0x0000000080816764        0x4 drivers/built-in.o
                0x0000000080816764                dm_scan_other
 .text.dm_init_and_scan
                0x0000000080816768       0x1e drivers/built-in.o
                0x0000000080816768                dm_init_and_scan
 .text.uclass_find
                0x0000000080816786       0x28 drivers/built-in.o
                0x0000000080816786                uclass_find
 .text.uclass_get
                0x00000000808167ae       0xaa drivers/built-in.o
                0x00000000808167ae                uclass_get
 .text.uclass_find_device
                0x0000000080816858       0x40 drivers/built-in.o
                0x0000000080816858                uclass_find_device
 .text.uclass_find_first_device
                0x0000000080816898       0x22 drivers/built-in.o
                0x0000000080816898                uclass_find_first_device
 .text.uclass_find_next_device
                0x00000000808168ba       0x18 drivers/built-in.o
                0x00000000808168ba                uclass_find_next_device
 .text.uclass_find_device_by_seq
                0x00000000808168d2       0x50 drivers/built-in.o
                0x00000000808168d2                uclass_find_device_by_seq
 .text.uclass_get_device_tail
                0x0000000080816922       0x16 drivers/built-in.o
                0x0000000080816922                uclass_get_device_tail
 .text.uclass_get_device
                0x0000000080816938       0x1c drivers/built-in.o
                0x0000000080816938                uclass_get_device
 .text.uclass_get_device_by_seq
                0x0000000080816954       0x34 drivers/built-in.o
                0x0000000080816954                uclass_get_device_by_seq
 .text.uclass_first_device
                0x0000000080816988       0x1e drivers/built-in.o
                0x0000000080816988                uclass_first_device
 .text.uclass_next_device
                0x00000000808169a6       0x24 drivers/built-in.o
                0x00000000808169a6                uclass_next_device
 .text.uclass_bind_device
                0x00000000808169ca       0x3a drivers/built-in.o
                0x00000000808169ca                uclass_bind_device
 .text.uclass_unbind_device
                0x0000000080816a04       0x24 drivers/built-in.o
                0x0000000080816a04                uclass_unbind_device
 .text.uclass_resolve_seq
                0x0000000080816a28       0x64 drivers/built-in.o
                0x0000000080816a28                uclass_resolve_seq
 .text.uclass_pre_probe_device
                0x0000000080816a8c       0x2c drivers/built-in.o
                0x0000000080816a8c                uclass_pre_probe_device
 .text.uclass_post_probe_device
                0x0000000080816ab8       0x12 drivers/built-in.o
                0x0000000080816ab8                uclass_post_probe_device
 .text.uclass_pre_remove_device