ether.c:1188:13:eth_setup_complete	0	static
ether.c:1197:13:rndis_response_complete	0	static
ether.c:1609:13:tx_complete	0	static
ether.c:1792:13:eth_suspend	0	static
ether.c:1797:13:eth_resume	0	static
ether.c:1206:13:rndis_command_complete	16	static
ether.c:1751:13:eth_unbind	16	static
ether.c:1816:13:rndis_control_ack_complete	24	static
ether.c:1842:12:rndis_control_ack	16	static
ether.c:1953:11:nibble	0	static
ether.c:1963:12:get_ether_addr	24	static
ether.c:1983:12:eth_bind	56	static
ether.c:1540:13:rx_complete	16	static
ether.c:2376:12:usb_eth_send	32	static
ether.c:990:13:eth_reset_config	8	static
ether.c:1786:13:eth_disconnect	0	static
ether.c:913:1:13	16	static
ether.c:1925:12:17	32	static
ether.c:2465:6:usb_eth_halt	16	static
ether.c:1493:12:19	24	static
ether.c:2445:12:usb_eth_recv	16	static
ether.c:1229:1:eth_setup	48	static
ether.c:2306:12:usb_eth_init	24	static
ether.c:2517:5:usb_eth_initialize	8	static
