mmc.c:1005:13:mmc_set_ios	8	static
mmc.c:557:12:mmc_set_capacity	24	static
mmc.c:27:12:board_mmc_getwp	0	static
mmc.c:32:5:mmc_getwp	8	static
mmc.c:48:12:board_mmc_getcd	0	static
mmc.c:53:5:mmc_send_cmd	8	static
mmc.c:462:12:mmc_send_ext_csd	56	static
mmc.c:287:12:mmc_go_idle	40	static
mmc.c:376:12:mmc_send_op_cond_iter	40	static
mmc.c:115:5:mmc_send_status	48	static
mmc.c:484:12:1	40	static
mmc.c:167:5:mmc_set_blocklen	40	static
mmc.c:181:13:find_mmc_device	8	static
mmc.c:609:5:mmc_switch_part	16	static
mmc.c:585:5:mmc_select_hwpart	16	static
mmc.c:241:14:mmc_bread	80	static
mmc.c:633:5:mmc_hwpart_config	640	static
mmc.c:827:5:mmc_getcd	8	static
mmc.c:1011:6:mmc_set_clock	8	static
mmc.c:1031:12:mmc_startup	1448	static
mmc.c:1532:18:mmc_register	8	static
mmc.c:1540:13:mmc_create	16	static
mmc.c:1579:6:mmc_destroy	0	static
mmc.c:1597:13:board_mmc_power_init	0	static
mmc.c:1601:5:mmc_start_init	56	static
mmc.c:1682:5:mmc_init	16	static
mmc.c:1586:18:mmc_get_dev	8	static
mmc.c:1701:5:mmc_set_dsr	0	static
mmc.c:1708:12:cpu_mmc_init	0	static
mmc.c:1714:12:board_mmc_init	0	static
mmc.c:1721:6:print_mmc_devices	32	static
mmc.c:1753:5:get_mmc_num	0	static
mmc.c:1758:6:mmc_set_preinit	0	static
mmc.c:1823:5:mmc_initialize	16	static
