Archive member included because of file (symbol)

/media/thonh/Externaldata/source/kernel/arm-eabi-4.8/bin/../lib/gcc/arm-eabi/4.8/thumb/thumb2/libgcc.a(_udivsi3.o)
                              arch/arm/cpu/armv7/built-in.o (__aeabi_uidiv)
/media/thonh/Externaldata/source/kernel/arm-eabi-4.8/bin/../lib/gcc/arm-eabi/4.8/thumb/thumb2/libgcc.a(_divsi3.o)
                              fs/built-in.o (__aeabi_idiv)
/media/thonh/Externaldata/source/kernel/arm-eabi-4.8/bin/../lib/gcc/arm-eabi/4.8/thumb/thumb2/libgcc.a(_dvmd_tls.o)
                              /media/thonh/Externaldata/source/kernel/arm-eabi-4.8/bin/../lib/gcc/arm-eabi/4.8/thumb/thumb2/libgcc.a(_udivsi3.o) (__aeabi_idiv0)
/media/thonh/Externaldata/source/kernel/arm-eabi-4.8/bin/../lib/gcc/arm-eabi/4.8/thumb/thumb2/libgcc.a(_lshrdi3.o)
                              fs/built-in.o (__aeabi_llsr)
/media/thonh/Externaldata/source/kernel/arm-eabi-4.8/bin/../lib/gcc/arm-eabi/4.8/thumb/thumb2/libgcc.a(_ashldi3.o)
                              drivers/built-in.o (__aeabi_llsl)

Discarded input sections

 .data          0x0000000000000000        0x0 arch/arm/cpu/armv7/start.o
 .bss           0x0000000000000000        0x0 arch/arm/cpu/armv7/start.o
 .text.v7_dcache_inval_range
                0x0000000000000000       0x4c arch/arm/cpu/armv7/built-in.o
 .text.v7_outer_cache_enable
                0x0000000000000000        0x2 arch/arm/cpu/armv7/built-in.o
 .text.arm_init_before_mmu
                0x0000000000000000       0x22 arch/arm/cpu/armv7/built-in.o
 .text.v7_outer_cache_flush_range
                0x0000000000000000        0x2 arch/arm/cpu/armv7/built-in.o
 .text.flush_dcache_range
                0x0000000000000000       0x28 arch/arm/cpu/armv7/built-in.o
 .text.mmu_page_table_flush
                0x0000000000000000       0x1e arch/arm/cpu/armv7/built-in.o
 .text.v7_outer_cache_inval_range
                0x0000000000000000        0x2 arch/arm/cpu/armv7/built-in.o
 .text.invalidate_dcache_range
                0x0000000000000000       0x28 arch/arm/cpu/armv7/built-in.o
 .text.v7_arch_cp15_set_l2aux_ctrl
                0x0000000000000000        0x6 arch/arm/cpu/armv7/built-in.o
 .text.v7_arch_cp15_set_acr
                0x0000000000000000        0x6 arch/arm/cpu/armv7/built-in.o
 .text.sdelay   0x0000000000000000        0x6 arch/arm/cpu/armv7/built-in.o
 .text.warm_reset
                0x0000000000000000       0x10 arch/arm/cpu/armv7/built-in.o
 .text.setup_warmreset_time
                0x0000000000000000        0x2 arch/arm/cpu/armv7/built-in.o
 .text.get_ticks
                0x0000000000000000        0xa arch/arm/cpu/armv7/built-in.o
 .text.get_tbclk
                0x0000000000000000        0x6 arch/arm/cpu/armv7/built-in.o
 .text.do_cancel_out
                0x0000000000000000       0x44 arch/arm/cpu/armv7/built-in.o
 .text.cancel_out
                0x0000000000000000       0x62 arch/arm/cpu/armv7/built-in.o
 .text.omap_die_id
                0x0000000000000000        0xc arch/arm/cpu/armv7/built-in.o
 .text.omap_die_id_serial
                0x0000000000000000       0x4c arch/arm/cpu/armv7/built-in.o
 .text.omap_die_id_get_board_serial
                0x0000000000000000       0x24 arch/arm/cpu/armv7/built-in.o
 .text.omap_die_id_usbethaddr
                0x0000000000000000       0x58 arch/arm/cpu/armv7/built-in.o
 .text.omap_die_id_display
                0x0000000000000000       0x2c arch/arm/cpu/armv7/built-in.o
 .text.enable_caches
                0x0000000000000000        0x4 arch/arm/cpu/armv7/built-in.o
 .text.dram_bank_mmu_setup
                0x0000000000000000       0x26 arch/arm/cpu/armv7/built-in.o
 .text.arm_init_domains
                0x0000000000000000       0x12 arch/arm/cpu/armv7/built-in.o
 .text.fb_set_reboot_flag
                0x0000000000000000       0x24 arch/arm/cpu/armv7/built-in.o
 .text.enable_gpmc_cs_config
                0x0000000000000000       0x4c arch/arm/cpu/armv7/built-in.o
 .text.gpmc_init
                0x0000000000000000       0x44 arch/arm/cpu/armv7/built-in.o
 .text.do_disable_clocks
                0x0000000000000000       0x64 arch/arm/cpu/armv7/built-in.o
 .text.get_cpu_rev
                0x0000000000000000        0xc arch/arm/cpu/armv7/built-in.o
 .text.get_cpu_type
                0x0000000000000000       0x10 arch/arm/cpu/armv7/built-in.o
 .text.get_device_type
                0x0000000000000000       0x10 arch/arm/cpu/armv7/built-in.o
 .text.get_sysboot_value
                0x0000000000000000       0x10 arch/arm/cpu/armv7/built-in.o
 .text.dram_init
                0x0000000000000000       0x1a arch/arm/cpu/armv7/built-in.o
 .text.dram_init_banksize
                0x0000000000000000       0x14 arch/arm/cpu/armv7/built-in.o
 .text.am33xx_spl_board_init
                0x0000000000000000       0x28 arch/arm/cpu/armv7/built-in.o
 .rodata.__func__.7031
                0x0000000000000000       0x16 arch/arm/cpu/armv7/built-in.o
 .rodata.cmdpll
[...]
Memory Configuration

Name             Origin             Length             Attributes
.sram            0x00000000402f0400 0x000000000001b400
.sdram           0x0000000080a00000 0x0000000000080000
*default*        0x0000000000000000 0xffffffffffffffff

Linker script and memory map


.text           0x00000000402f0400     0xc82c
                0x00000000402f0400                __start = .
 *(.vectors)
 .vectors       0x00000000402f0400       0x60 arch/arm/lib/built-in.o
                0x00000000402f0400                _start
                0x00000000402f0420                _undefined_instruction
                0x00000000402f0424                _software_interrupt
                0x00000000402f0428                _prefetch_abort
                0x00000000402f042c                _data_abort
                0x00000000402f0430                _not_used
                0x00000000402f0434                _irq
                0x00000000402f0438                _fiq
 arch/arm/cpu/armv7/start.o(.text)
 .text          0x00000000402f0460       0xb0 arch/arm/cpu/armv7/start.o
                0x00000000402f0460                reset
                0x00000000402f0464                save_boot_params_ret
                0x00000000402f04a0                c_runtime_cpu_setup
                0x00000000402f04b4                cpu_init_cp15
                0x00000000402f0508                cpu_init_crit
 *(.text*)
 .text          0x00000000402f0510      0x1a4 arch/arm/cpu/armv7/built-in.o
                0x00000000402f0510                __v7_flush_dcache_all
                0x00000000402f05ac                v7_flush_dcache_all
                0x00000000402f05bc                __v7_invalidate_dcache_all
                0x00000000402f0658                v7_invalidate_dcache_all
                0x00000000402f0668                lowlevel_init
                0x00000000402f0688                save_boot_params
                0x00000000402f0694                omap_smc1
 .text.invalidate_icache_all
                0x00000000402f06b4       0x14 arch/arm/cpu/armv7/built-in.o
                0x00000000402f06b4                invalidate_icache_all
 .text.v7_outer_cache_disable
                0x00000000402f06c8        0x2 arch/arm/cpu/armv7/built-in.o
                0x00000000402f06c8                v7_outer_cache_disable
 .text.v7_outer_cache_flush_all
                0x00000000402f06ca        0x2 arch/arm/cpu/armv7/built-in.o
                0x00000000402f06ca                v7_outer_cache_flush_all
 .text.flush_dcache_all
                0x00000000402f06cc        0xe arch/arm/cpu/armv7/built-in.o
                0x00000000402f06cc                flush_dcache_all
 .text.v7_outer_cache_inval_all
                0x00000000402f06da        0x2 arch/arm/cpu/armv7/built-in.o
                0x00000000402f06da                v7_outer_cache_inval_all
 .text.invalidate_dcache_all
                0x00000000402f06dc        0xe arch/arm/cpu/armv7/built-in.o
                0x00000000402f06dc                invalidate_dcache_all
 .text.cpu_cache_initialization
                0x00000000402f06ea        0x2 arch/arm/cpu/armv7/built-in.o
                0x00000000402f06ea                cpu_cache_initialization
 .text.cleanup_before_linux_select
                0x00000000402f06ec       0x38 arch/arm/cpu/armv7/built-in.o
                0x00000000402f06ec                cleanup_before_linux_select
 .text.cleanup_before_linux
                0x00000000402f0724        0x6 arch/arm/cpu/armv7/built-in.o
                0x00000000402f0724                cleanup_before_linux
 .text.wait_on_value
                0x00000000402f072a       0x1a arch/arm/cpu/armv7/built-in.o
                0x00000000402f072a                wait_on_value
 .text.reset_cpu
                0x00000000402f0744        0xc arch/arm/cpu/armv7/built-in.o
                0x00000000402f0744                reset_cpu
 .text.timer_init
                0x00000000402f0750       0x14 arch/arm/cpu/armv7/built-in.o
                0x00000000402f0750                timer_init
 .text.__udelay
                0x00000000402f0764       0x2c arch/arm/cpu/armv7/built-in.o
                0x00000000402f0764                __udelay
 .text.get_timer_masked
                0x00000000402f0790       0x34 arch/arm/cpu/armv7/built-in.o
                0x00000000402f0790                get_timer_masked
 .text.get_timer
                0x00000000402f07c4        0xc arch/arm/cpu/armv7/built-in.o
                0x00000000402f07c4                get_timer
 .text.omap_sys_boot_device
                0x00000000402f07d0        0x4 arch/arm/cpu/armv7/built-in.o
                0x00000000402f07d0                omap_sys_boot_device
 .text.save_omap_boot_params
                0x00000000402f07d4       0x7c arch/arm/cpu/armv7/built-in.o
                0x00000000402f07d4                save_omap_boot_params
 .text.spl_boot_device
                0x00000000402f0850        0x8 arch/arm/cpu/armv7/built-in.o
                0x00000000402f0850                spl_boot_device
 .text.spl_boot_mode
                0x00000000402f0858        0x8 arch/arm/cpu/armv7/built-in.o
                0x00000000402f0858                spl_boot_mode
 .text.spl_board_init
                0x00000000402f0860       0x28 arch/arm/cpu/armv7/built-in.o
                0x00000000402f0860                spl_board_init
 .text.board_mmc_init
                0x00000000402f0888       0x48 arch/arm/cpu/armv7/built-in.o
                0x00000000402f0888                board_mmc_init
 .text.jump_to_image_no_args
                0x00000000402f08d0       0x10 arch/arm/cpu/armv7/built-in.o
                0x00000000402f08d0                jump_to_image_no_args
 .text.get_dpll_mpu_params
                0x00000000402f08e0        0x8 arch/arm/cpu/armv7/built-in.o
                0x00000000402f08e0                get_dpll_mpu_params
 .text.get_dpll_core_params
                0x00000000402f08e8        0x8 arch/arm/cpu/armv7/built-in.o
                0x00000000402f08e8                get_dpll_core_params
 .text.get_dpll_per_params
                0x00000000402f08f0        0x8 arch/arm/cpu/armv7/built-in.o
                0x00000000402f08f0                get_dpll_per_params
 .text.setup_clocks_for_console
                0x00000000402f08f8       0x80 arch/arm/cpu/armv7/built-in.o
                0x00000000402f08f8                setup_clocks_for_console
 .text.enable_basic_clocks
                0x00000000402f0978       0x40 arch/arm/cpu/armv7/built-in.o
                0x00000000402f0978                enable_basic_clocks
 .text.do_setup_dpll
                0x00000000402f09b8       0xc4 arch/arm/cpu/armv7/built-in.o
                0x00000000402f09b8                do_setup_dpll
 .text.do_enable_clocks
                0x00000000402f0a7c       0x5c arch/arm/cpu/armv7/built-in.o
                0x00000000402f0a7c                do_enable_clocks
 .text.scale_vcores
                0x00000000402f0ad8        0x2 arch/arm/cpu/armv7/built-in.o
                0x00000000402f0ad8                scale_vcores
 *fill*         0x00000000402f0ada        0x2 
 .text.prcm_init
                0x00000000402f0adc       0x60 arch/arm/cpu/armv7/built-in.o
                0x00000000402f0adc                prcm_init
 .text.am335x_get_efuse_mpu_max_freq
                0x00000000402f0b3c       0x68 arch/arm/cpu/armv7/built-in.o
                0x00000000402f0b3c                am335x_get_efuse_mpu_max_freq
 .text.am335x_get_tps65910_mpu_vdd
                0x00000000402f0ba4       0x28 arch/arm/cpu/armv7/built-in.o
                0x00000000402f0ba4                am335x_get_tps65910_mpu_vdd
 .text.configure_mr
                0x00000000402f0bcc       0x8c arch/arm/cpu/armv7/built-in.o
 .text.config_sdram_emif4d5
                0x00000000402f0c58      0x168 arch/arm/cpu/armv7/built-in.o
                0x00000000402f0c58                config_sdram_emif4d5
 .text.config_sdram
                0x00000000402f0dc0       0x70 arch/arm/cpu/armv7/built-in.o
                0x00000000402f0dc0                config_sdram
 .text.set_sdram_timings
                0x00000000402f0e30       0x44 arch/arm/cpu/armv7/built-in.o
                0x00000000402f0e30                set_sdram_timings
 .text.config_ddr_phy
                0x00000000402f0e74      0x1fc arch/arm/cpu/armv7/built-in.o
                0x00000000402f0e74                config_ddr_phy
 .text.config_cmd_ctrl
                0x00000000402f1070       0x48 arch/arm/cpu/armv7/built-in.o
                0x00000000402f1070                config_cmd_ctrl
 .text.config_ddr_data
                0x00000000402f10b8       0x50 arch/arm/cpu/armv7/built-in.o
                0x00000000402f10b8                config_ddr_data
 .text.config_io_ctrl
                0x00000000402f1108       0x20 arch/arm/cpu/armv7/built-in.o
                0x00000000402f1108                config_io_ctrl
 .text.ddr_pll_config
                0x00000000402f1128        0x2 arch/arm/cpu/armv7/built-in.o
                0x00000000402f1128                ddr_pll_config
 *fill*         0x00000000402f112a        0x2 
 .text.config_ddr
                0x00000000402f112c       0x9c arch/arm/cpu/armv7/built-in.o
                0x00000000402f112c                config_ddr
 .text.am33xx_otg1_set_phy_power
                0x00000000402f11c8       0x20 arch/arm/cpu/armv7/built-in.o
 .text.am33xx_otg0_set_phy_power
                0x00000000402f11e8       0x20 arch/arm/cpu/armv7/built-in.o
 .text.arch_misc_init
                0x00000000402f1208       0x34 arch/arm/cpu/armv7/built-in.o
                0x00000000402f1208                arch_misc_init
 .text.board_early_init_f
                0x00000000402f123c        0xe arch/arm/cpu/armv7/built-in.o
                0x00000000402f123c                board_early_init_f
 .text.board_init_f
                0x00000000402f124a        0xe arch/arm/cpu/armv7/built-in.o
                0x00000000402f124a                board_init_f
 .text.s_init   0x00000000402f1258       0x64 arch/arm/cpu/armv7/built-in.o
                0x00000000402f1258                s_init
 .text.configure_module_pin_mux
                0x00000000402f12bc       0x1c arch/arm/cpu/armv7/built-in.o
                0x00000000402f12bc                configure_module_pin_mux
 .text          0x00000000402f12d8       0x70 arch/arm/lib/built-in.o
                0x00000000402f12d8                _main
 .text.jump_to_image_linux
                0x00000000402f1348       0x1c arch/arm/lib/built-in.o
                0x00000000402f1348                jump_to_image_linux
 .text.disable_interrupts
                0x00000000402f1364        0x4 arch/arm/lib/built-in.o
                0x00000000402f1364                disable_interrupts
 .text.reset_misc
                0x00000000402f1368        0x2 arch/arm/lib/built-in.o
                0x00000000402f1368                reset_misc
 *fill*         0x00000000402f136a        0x2 
 .text.do_reset
                0x00000000402f136c       0x28 arch/arm/lib/built-in.o
                0x00000000402f136c                do_reset
 .text.cp_delay
                0x00000000402f1394       0x18 arch/arm/lib/built-in.o
 .text.icache_enable
                0x00000000402f13ac       0x14 arch/arm/lib/built-in.o
                0x00000000402f13ac                icache_enable
 .text.icache_disable
                0x00000000402f13c0       0x1c arch/arm/lib/built-in.o
                0x00000000402f13c0                icache_disable
 .text.dcache_disable
                0x00000000402f13dc       0x24 arch/arm/lib/built-in.o
                0x00000000402f13dc                dcache_disable
 .text.enable_uart0_pin_mux
                0x00000000402f1400        0xc board/ti/am335x/built-in.o
                0x00000000402f1400                enable_uart0_pin_mux
 .text.enable_i2c0_pin_mux
                0x00000000402f140c        0xc board/ti/am335x/built-in.o
                0x00000000402f140c                enable_i2c0_pin_mux
 .text.enable_board_pin_mux
                0x00000000402f1418      0x108 board/ti/am335x/built-in.o
                0x00000000402f1418                enable_board_pin_mux
 .text.spl_start_uboot
                0x00000000402f1520       0x30 board/ti/am335x/built-in.o
                0x00000000402f1520                spl_start_uboot
 .text.am33xx_spl_board_init
                0x00000000402f1550      0x184 board/ti/am335x/built-in.o
                0x00000000402f1550                am33xx_spl_board_init
 .text.get_dpll_ddr_params
                0x00000000402f16d4       0x80 board/ti/am335x/built-in.o
                0x00000000402f16d4                get_dpll_ddr_params
 .text.set_uart_mux_conf
                0x00000000402f1754        0x4 board/ti/am335x/built-in.o
                0x00000000402f1754                set_uart_mux_conf
 .text.set_mux_conf_regs
                0x00000000402f1758       0x24 board/ti/am335x/built-in.o
                0x00000000402f1758                set_mux_conf_regs
 .text.sdram_init
                0x00000000402f177c      0x108 board/ti/am335x/built-in.o
                0x00000000402f177c                sdram_init
 .text.ti_eeprom_string_cleanup
                0x00000000402f1884       0x26 board/ti/common/built-in.o
 .text.gpi2c_init
                0x00000000402f18aa        0x2 board/ti/common/built-in.o
                0x00000000402f18aa                gpi2c_init
 .text.ti_i2c_eeprom_get
                0x00000000402f18ac       0x94 board/ti/common/built-in.o
 .text.ti_i2c_eeprom_am_get
                0x00000000402f1940       0xd0 board/ti/common/built-in.o
                0x00000000402f1940                ti_i2c_eeprom_am_get
 .text.board_ti_is
                0x00000000402f1a10       0x30 board/ti/common/built-in.o
                0x00000000402f1a10                board_ti_is
 .text.board_ti_get_rev
                0x00000000402f1a40       0x1c board/ti/common/built-in.o
                0x00000000402f1a40                board_ti_get_rev
 .text.board_ti_get_config
                0x00000000402f1a5c       0x1c board/ti/common/built-in.o
                0x00000000402f1a5c                board_ti_get_config
 .text.spl_board_prepare_for_linux
                0x00000000402f1a78        0x2 common/spl/built-in.o
                0x00000000402f1a78                spl_board_prepare_for_linux
 *fill*         0x00000000402f1a7a        0x2 
 .text.spl_set_header_raw_uboot
                0x00000000402f1a7c       0x24 common/spl/built-in.o
                0x00000000402f1a7c                spl_set_header_raw_uboot
 .text.spl_parse_image_header
                0x00000000402f1aa0       0x4c common/spl/built-in.o
                0x00000000402f1aa0                spl_parse_image_header
 .text.spl_init
                0x00000000402f1aec       0x1a common/spl/built-in.o
                0x00000000402f1aec                spl_init
 .text.board_boot_order
                0x00000000402f1b06        0xc common/spl/built-in.o
                0x00000000402f1b06                board_boot_order
 *fill*         0x00000000402f1b12        0x2 
 .text.board_init_r
                0x00000000402f1b14       0xe4 common/spl/built-in.o
                0x00000000402f1b14                board_init_r
 .text.preloader_console_init
                0x00000000402f1bf8       0x2c common/spl/built-in.o
                0x00000000402f1bf8                preloader_console_init
 .text.spl_relocate_stack_gd
                0x00000000402f1c24       0x18 common/spl/built-in.o
                0x00000000402f1c24                spl_relocate_stack_gd
 .text.getcymodem
                0x00000000402f1c3c       0x16 common/spl/built-in.o
 *fill*         0x00000000402f1c52        0x2 
 .text.spl_ymodem_load_image
                0x00000000402f1c54       0x84 common/spl/built-in.o
                0x00000000402f1c54                spl_ymodem_load_image
 .text.mmc_load_image_raw_sector
                0x00000000402f1cd8       0x64 common/spl/built-in.o
 .text.spl_mmc_get_device_index
                0x00000000402f1d3c       0x28 common/spl/built-in.o
                0x00000000402f1d3c                spl_mmc_get_device_index
 .text.spl_mmc_do_fs_boot
                0x00000000402f1d64       0x58 common/spl/built-in.o
                0x00000000402f1d64                spl_mmc_do_fs_boot
 .text.spl_mmc_load_image
                0x00000000402f1dbc      0x104 common/spl/built-in.o
                0x00000000402f1dbc                spl_mmc_load_image
 .text.spl_load_image_fat
                0x00000000402f1ec0       0x80 common/spl/built-in.o
                0x00000000402f1ec0                spl_load_image_fat
 .text.spl_load_image_fat_os
                0x00000000402f1f40       0xd4 common/spl/built-in.o
                0x00000000402f1f40                spl_load_image_fat_os
 .text.spl_load_image_ext
                0x00000000402f2014       0xc0 common/spl/built-in.o
                0x00000000402f2014                spl_load_image_ext
 .text.spl_load_image_ext_os
                0x00000000402f20d4      0x11c common/spl/built-in.o
                0x00000000402f20d4                spl_load_image_ext_os
 .text.board_init_f_alloc_reserve
                0x00000000402f21f0        0xa common/init/built-in.o
                0x00000000402f21f0                board_init_f_alloc_reserve
 .text.board_init_f_init_reserve
                0x00000000402f21fa       0x16 common/init/built-in.o
                0x00000000402f21fa                board_init_f_init_reserve
 .text.CYGACC_COMM_IF_GETC_TIMEOUT.isra.0
                0x00000000402f2210       0x2c common/built-in.o
 .text.xyzModem_flush
                0x00000000402f223c       0x14 common/built-in.o
 .text.xyzModem_get_hdr
                0x00000000402f2250      0x17c common/built-in.o
 .text.xyzModem_stream_open
                0x00000000402f23cc      0x18c common/built-in.o
                0x00000000402f23cc                xyzModem_stream_open
 .text.xyzModem_stream_read
                0x00000000402f2558      0x1b4 common/built-in.o
                0x00000000402f2558                xyzModem_stream_read
 .text.xyzModem_stream_close
                0x00000000402f270c       0x40 common/built-in.o
                0x00000000402f270c                xyzModem_stream_close
 .text.xyzModem_stream_terminate
                0x00000000402f274c       0x68 common/built-in.o
                0x00000000402f274c                xyzModem_stream_terminate
 .text.xyzModem_error
                0x00000000402f27b4       0x1c common/built-in.o
                0x00000000402f27b4                xyzModem_error
 .text.regex_callback
                0x00000000402f27d0       0xd0 common/built-in.o
 .text.env_attr_walk
                0x00000000402f28a0       0xb8 common/built-in.o
                0x00000000402f28a0                env_attr_walk
 .text.env_attr_lookup
                0x00000000402f2958       0x50 common/built-in.o
                0x00000000402f2958                env_attr_lookup
 .text.skip_num
                0x00000000402f29a8       0x48 common/built-in.o
 .text.env_flags_parse_vartype
                0x00000000402f29f0       0x30 common/built-in.o
                0x00000000402f29f0                env_flags_parse_vartype
 .text.env_flags_parse_varaccess
                0x00000000402f2a20       0x38 common/built-in.o
                0x00000000402f2a20                env_flags_parse_varaccess
 .text.eth_validate_ethaddr_str
                0x00000000402f2a58       0x50 common/built-in.o
                0x00000000402f2a58                eth_validate_ethaddr_str
 .text.env_flags_init
                0x00000000402f2aa8       0x90 common/built-in.o
                0x00000000402f2aa8                env_flags_init
 .text.env_flags_validate
                0x00000000402f2b38      0x1b4 common/built-in.o
                0x00000000402f2b38                env_flags_validate
 .text.env_callback_init
                0x00000000402f2cec       0xa8 common/built-in.o
                0x00000000402f2cec                env_callback_init
 .text.mmc_get_env_addr
                0x00000000402f2d94       0x10 common/built-in.o
                0x00000000402f2d94                mmc_get_env_addr
 .text.mmc_get_env_dev
                0x00000000402f2da4        0x4 common/built-in.o
                0x00000000402f2da4                mmc_get_env_dev
 .text.env_init
                0x00000000402f2da8       0x14 common/built-in.o
                0x00000000402f2da8                env_init
 .text.mmc_get_env_part
                0x00000000402f2dbc        0x4 common/built-in.o
                0x00000000402f2dbc                mmc_get_env_part
 .text.init_mmc_for_env
                0x00000000402f2dc0       0x54 common/built-in.o
 .text.env_relocate_spec
                0x00000000402f2e14      0x1cc common/built-in.o
                0x00000000402f2e14                env_relocate_spec
 .text.env_get_char_spec
                0x00000000402f2fe0        0x8 common/built-in.o
                0x00000000402f2fe0                env_get_char_spec
 .text.env_get_addr
                0x00000000402f2fe8       0x14 common/built-in.o
                0x00000000402f2fe8                env_get_addr
 .text.env_get_char_memory
                0x00000000402f2ffc        0xa common/built-in.o
                0x00000000402f2ffc                env_get_char_memory
 *fill*         0x00000000402f3006        0x2 
 .text.env_get_char
                0x00000000402f3008       0x20 common/built-in.o
                0x00000000402f3008                env_get_char
 .text.getenv_yesno
                0x00000000402f3028       0x2e common/built-in.o
                0x00000000402f3028                getenv_yesno
 .text.getenv_default
                0x00000000402f3056       0x20 common/built-in.o
                0x00000000402f3056                getenv_default
 *fill*         0x00000000402f3076        0x2 
 .text.set_default_env
                0x00000000402f3078       0x7c common/built-in.o
                0x00000000402f3078                set_default_env
 .text.env_import
                0x00000000402f30f4       0x94 common/built-in.o
                0x00000000402f30f4                env_import
 .text.puts     0x00000000402f3188       0x28 common/built-in.o
                0x00000000402f3188                puts
 .text.fgetc    0x00000000402f31b0       0x1c common/built-in.o
                0x00000000402f31b0                fgetc
 .text.getc     0x00000000402f31cc       0x18 common/built-in.o
                0x00000000402f31cc                getc
 .text.ftstc    0x00000000402f31e4       0x1c common/built-in.o
                0x00000000402f31e4                ftstc
 .text.tstc     0x00000000402f3200       0x18 common/built-in.o
                0x00000000402f3200                tstc
 .text.fputc    0x00000000402f3218       0x18 common/built-in.o
                0x00000000402f3218                fputc
 .text.putc     0x00000000402f3230       0x1a common/built-in.o
                0x00000000402f3230                putc
 *fill*         0x00000000402f324a        0x2 
 .text.sbrk     0x00000000402f324c       0x44 common/built-in.o
                0x00000000402f324c                sbrk
 .text.mem_malloc_init
                0x00000000402f3290       0x28 common/built-in.o
                0x00000000402f3290                mem_malloc_init
 .text.malloc_trim
                0x00000000402f32b8       0x80 common/built-in.o
                0x00000000402f32b8                malloc_trim
 .text.free     0x00000000402f3338      0x158 common/built-in.o
                0x00000000402f3338                free
 .text.malloc   0x00000000402f3490      0x3fc common/built-in.o
                0x00000000402f3490                malloc
 .text.calloc   0x00000000402f388c       0xbc common/built-in.o
                0x00000000402f388c                calloc
 .text.memalign
                0x00000000402f3948       0xe8 common/built-in.o
                0x00000000402f3948                memalign
 .text.malloc_simple
                0x00000000402f3a30       0x2a common/built-in.o
                0x00000000402f3a30                malloc_simple
 .text.envmatch
                0x00000000402f3a5a       0x44 cmd/built-in.o
                0x00000000402f3a5a                envmatch
 *fill*         0x00000000402f3a9e        0x2 
 .text.getenv_f
                0x00000000402f3aa0       0x84 cmd/built-in.o
                0x00000000402f3aa0                getenv_f
 .text.getenv   0x00000000402f3b24       0x54 cmd/built-in.o
                0x00000000402f3b24                getenv
 .text.part_init
                0x00000000402f3b78       0x34 disk/built-in.o
                0x00000000402f3b78                part_init
 .text.part_get_info
                0x00000000402f3bac       0x4c disk/built-in.o
                0x00000000402f3bac                part_get_info
 .text.test_block_type
                0x00000000402f3bf8       0x58 disk/built-in.o
 .text.part_test_dos
                0x00000000402f3c50       0x40 disk/built-in.o
 .text.part_get_info_extended
                0x00000000402f3c90      0x220 disk/built-in.o
 .text.part_get_info_dos
                0x00000000402f3eb0       0x18 disk/built-in.o
                0x00000000402f3eb0                part_get_info_dos
 .text.iso_dread
                0x00000000402f3ec8       0x22 disk/built-in.o
                0x00000000402f3ec8                iso_dread
 *fill*         0x00000000402f3eea        0x2 
 .text.part_get_info_iso_verb
                0x00000000402f3eec      0x2b0 disk/built-in.o
                0x00000000402f3eec                part_get_info_iso_verb
 .text.part_test_iso
                0x00000000402f419c       0x14 disk/built-in.o
 .text.part_print_iso
                0x00000000402f41b0       0x5c disk/built-in.o
 .text.part_get_info_iso
                0x00000000402f420c        0x6 disk/built-in.o
 *fill*         0x00000000402f4212        0x2 
 .text.print_efiname
                0x00000000402f4214       0x38 disk/built-in.o
 .text.part_test_efi
                0x00000000402f424c       0x88 disk/built-in.o
 .text.validate_gpt_entries
                0x00000000402f42d4       0x80 disk/built-in.o
 *fill*         0x00000000402f4354        0x4 
 .text.validate_gpt_header
                0x00000000402f4358      0x1a8 disk/built-in.o
 .text.is_gpt_valid
                0x00000000402f4500      0x140 disk/built-in.o
 .text.is_pte_valid
                0x00000000402f4640       0x38 disk/built-in.o
 .text.part_get_info_efi
                0x00000000402f4678      0x178 disk/built-in.o
                0x00000000402f4678                part_get_info_efi
 .text.i2c_get_adapter
                0x00000000402f47f0       0x40 drivers/built-in.o
                0x00000000402f47f0                i2c_get_adapter
 .text.i2c_init_bus
                0x00000000402f4830       0x6c drivers/built-in.o
 .text.i2c_set_bus_num
                0x00000000402f489c       0x88 drivers/built-in.o
                0x00000000402f489c                i2c_set_bus_num
 .text.i2c_probe
                0x00000000402f4924       0x20 drivers/built-in.o
                0x00000000402f4924                i2c_probe
 .text.i2c_read
                0x00000000402f4944       0x36 drivers/built-in.o
                0x00000000402f4944                i2c_read
 .text.i2c_write
                0x00000000402f497a       0x36 drivers/built-in.o
                0x00000000402f497a                i2c_write
 .text.i2c_init
                0x00000000402f49b0       0x10 drivers/built-in.o
                0x00000000402f49b0                i2c_init
 .text.omap24_get_base.isra.0
                0x00000000402f49c0       0x34 drivers/built-in.o
 .text.omap24_i2c_setspeed
                0x00000000402f49f4       0xc0 drivers/built-in.o
 .text.wait_for_bb
                0x00000000402f4ab4       0x4c drivers/built-in.o
 .text.wait_for_event
                0x00000000402f4b00       0x50 drivers/built-in.o
 .text.flush_fifo
                0x00000000402f4b50       0x26 drivers/built-in.o
 *fill*         0x00000000402f4b76        0x2 
 .text.omap24_i2c_write
                0x00000000402f4b78      0x164 drivers/built-in.o
 .text.omap24_i2c_read
                0x00000000402f4cdc      0x140 drivers/built-in.o
 .text.omap24_i2c_probe
                0x00000000402f4e1c       0x90 drivers/built-in.o
 .text.omap24_i2c_init
                0x00000000402f4eac      0x170 drivers/built-in.o
 .text.check_gpio
                0x00000000402f501c       0x1c drivers/built-in.o
 .text.gpio_is_valid
                0x00000000402f5038        0xa drivers/built-in.o
                0x00000000402f5038                gpio_is_valid
 *fill*         0x00000000402f5042        0x2 
 .text.gpio_get_value
                0x00000000402f5044       0x48 drivers/built-in.o
                0x00000000402f5044                gpio_get_value
 .text.gpio_direction_input
                0x00000000402f508c       0x38 drivers/built-in.o
                0x00000000402f508c                gpio_direction_input
 .text.gpio_direction_output
                0x00000000402f50c4       0x4c drivers/built-in.o
                0x00000000402f50c4                gpio_direction_output
 .text.gpio_request
                0x00000000402f5110        0xa drivers/built-in.o
                0x00000000402f5110                gpio_request
 .text.mmc_berase
                0x00000000402f511a        0x4 drivers/built-in.o
 .text.mmc_bwrite
                0x00000000402f511e        0x4 drivers/built-in.o
 .text.mmc_set_ios
                0x00000000402f5122        0xe drivers/built-in.o
 .text.mmc_set_capacity
                0x00000000402f5130       0x6a drivers/built-in.o
 .text.board_mmc_getcd
                0x00000000402f519a        0x6 drivers/built-in.o
                0x00000000402f519a                board_mmc_getcd
 .text.mmc_send_cmd
                0x00000000402f51a0        0xc drivers/built-in.o
                0x00000000402f51a0                mmc_send_cmd
 .text.mmc_send_ext_csd
                0x00000000402f51ac       0x2e drivers/built-in.o
 .text.mmc_go_idle
                0x00000000402f51da       0x32 drivers/built-in.o
 .text.mmc_send_op_cond_iter
                0x00000000402f520c       0x44 drivers/built-in.o
 .text.mmc_send_status
                0x00000000402f5250       0x90 drivers/built-in.o
                0x00000000402f5250                mmc_send_status
 .text.mmc_switch.isra.1
                0x00000000402f52e0       0x34 drivers/built-in.o
 .text.mmc_set_blocklen
                0x00000000402f5314       0x26 drivers/built-in.o
                0x00000000402f5314                mmc_set_blocklen
 *fill*         0x00000000402f533a        0x2 
 .text.find_mmc_device
                0x00000000402f533c       0x30 drivers/built-in.o
                0x00000000402f533c                find_mmc_device
 .text.mmc_switch_part
                0x00000000402f536c       0x40 drivers/built-in.o
                0x00000000402f536c                mmc_switch_part
 .text.mmc_select_hwpart
                0x00000000402f53ac       0x44 drivers/built-in.o
                0x00000000402f53ac                mmc_select_hwpart
 .text.mmc_bread
                0x00000000402f53f0       0xdc drivers/built-in.o
 .text.mmc_getcd
                0x00000000402f54cc       0x1e drivers/built-in.o
                0x00000000402f54cc                mmc_getcd
 .text.mmc_set_clock
                0x00000000402f54ea       0x1e drivers/built-in.o
                0x00000000402f54ea                mmc_set_clock
 .text.mmc_startup
                0x00000000402f5508      0x8d8 drivers/built-in.o
 .text.mmc_create
                0x00000000402f5de0       0x98 drivers/built-in.o
                0x00000000402f5de0                mmc_create
 .text.board_mmc_power_init
                0x00000000402f5e78        0x2 drivers/built-in.o
                0x00000000402f5e78                board_mmc_power_init
 *fill*         0x00000000402f5e7a        0x2 
 .text.mmc_start_init
                0x00000000402f5e7c      0x17c drivers/built-in.o
                0x00000000402f5e7c                mmc_start_init
 .text.mmc_init
                0x00000000402f5ff8       0x90 drivers/built-in.o
                0x00000000402f5ff8                mmc_init
 .text.cpu_mmc_init
                0x00000000402f6088        0x6 drivers/built-in.o
                0x00000000402f6088                cpu_mmc_init
 *fill*         0x00000000402f608e        0x2 
 .text.mmc_initialize
                0x00000000402f6090       0x50 drivers/built-in.o
                0x00000000402f6090                mmc_initialize
 .text.omap_hsmmc_set_ios
                0x00000000402f60e0       0xd0 drivers/built-in.o
 .text.omap_hsmmc_getwp
                0x00000000402f61b0       0x10 drivers/built-in.o
 .text.omap_hsmmc_getcd
                0x00000000402f61c0       0x1c drivers/built-in.o
 .text.omap_mmc_setup_gpio_in
                0x00000000402f61dc       0x2a drivers/built-in.o
 *fill*         0x00000000402f6206        0x2 
 .text.mmc_reset_controller_fsm
                0x00000000402f6208       0x70 drivers/built-in.o
 .text.omap_hsmmc_send_cmd
                0x00000000402f6278      0x2d4 drivers/built-in.o
 .text.mmc_init_stream
                0x00000000402f654c       0x7c drivers/built-in.o
                0x00000000402f654c                mmc_init_stream
 .text.omap_hsmmc_init_setup
                0x00000000402f65c8      0x10c drivers/built-in.o
 .text.omap_mmc_init
                0x00000000402f66d4       0xc4 drivers/built-in.o
                0x00000000402f66d4                omap_mmc_init
 .text.get_current
                0x00000000402f6798       0x2c drivers/built-in.o
 .text.serial_init
                0x00000000402f67c4       0x16 drivers/built-in.o
                0x00000000402f67c4                serial_init
 .text.serial_getc
                0x00000000402f67da        0xc drivers/built-in.o
                0x00000000402f67da                serial_getc
 .text.serial_tstc
                0x00000000402f67e6        0xc drivers/built-in.o
                0x00000000402f67e6                serial_tstc
 .text.serial_putc
                0x00000000402f67f2       0x10 drivers/built-in.o
                0x00000000402f67f2                serial_putc
 .text.serial_puts
                0x00000000402f6802       0x10 drivers/built-in.o
                0x00000000402f6802                serial_puts
 *fill*         0x00000000402f6812        0x2 
 .text._serial_putc
                0x00000000402f6814       0x2c drivers/built-in.o
 .text.eserial1_putc
                0x00000000402f6840        0x6 drivers/built-in.o
 .text._serial_puts
                0x00000000402f6846       0x16 drivers/built-in.o
 .text.eserial1_puts
                0x00000000402f685c        0x6 drivers/built-in.o
 *fill*         0x00000000402f6862        0x2 
 .text._serial_setbrg
                0x00000000402f6864       0x2c drivers/built-in.o
 .text.eserial1_setbrg
                0x00000000402f6890        0x6 drivers/built-in.o
 *fill*         0x00000000402f6896        0x2 
 .text.eserial1_init
                0x00000000402f6898       0x24 drivers/built-in.o
 .text.eserial1_getc
                0x00000000402f68bc       0x10 drivers/built-in.o
 .text.eserial1_tstc
                0x00000000402f68cc        0xc drivers/built-in.o
 .text.default_serial_console
                0x00000000402f68d8        0x8 drivers/built-in.o
                0x00000000402f68d8                default_serial_console
 .text.ns16550_calc_divisor
                0x00000000402f68e0       0x10 drivers/built-in.o
                0x00000000402f68e0                ns16550_calc_divisor
 .text.NS16550_init
                0x00000000402f68f0       0x38 drivers/built-in.o
                0x00000000402f68f0                NS16550_init
 .text.NS16550_reinit
                0x00000000402f6928       0x2c drivers/built-in.o
                0x00000000402f6928                NS16550_reinit
 .text.NS16550_putc
                0x00000000402f6954       0x14 drivers/built-in.o
                0x00000000402f6954                NS16550_putc
 .text.NS16550_getc
                0x00000000402f6968       0x18 drivers/built-in.o
                0x00000000402f6968                NS16550_getc
 .text.NS16550_tstc
                0x00000000402f6980        0xa drivers/built-in.o
                0x00000000402f6980                NS16550_tstc
 .text.tps65217_reg_read
                0x00000000402f698a       0x16 drivers/built-in.o
                0x00000000402f698a                tps65217_reg_read
 .text.tps65217_reg_write
                0x00000000402f69a0       0x9a drivers/built-in.o
                0x00000000402f69a0                tps65217_reg_write
 .text.tps65217_voltage_update
                0x00000000402f6a3a       0x36 drivers/built-in.o
                0x00000000402f6a3a                tps65217_voltage_update
 .text.tps65910_set_i2c_control
                0x00000000402f6a70       0x36 drivers/built-in.o
                0x00000000402f6a70                tps65910_set_i2c_control
 .text.tps65910_voltage_update
                0x00000000402f6aa6       0x96 drivers/built-in.o
                0x00000000402f6aa6                tps65910_voltage_update
 .text.musb_gadget_enable
                0x00000000402f6b3c      0x1ae drivers/built-in.o
 .text.musb_gadget_fifo_status
                0x00000000402f6cea       0x26 drivers/built-in.o
 .text.musb_gadget_fifo_flush
                0x00000000402f6d10       0x54 drivers/built-in.o
 .text.musb_gadget_get_frame
                0x00000000402f6d64        0xe drivers/built-in.o
 .text.musb_gadget_wakeup
                0x00000000402f6d72        0x4 drivers/built-in.o
 .text.musb_gadget_set_self_powered
                0x00000000402f6d76       0x16 drivers/built-in.o
 .text.musb_gadget_vbus_draw
                0x00000000402f6d8c        0x4 drivers/built-in.o
 .text.txstate  0x00000000402f6d90       0x6a drivers/built-in.o
 .text.musb_alloc_request
                0x00000000402f6dfa       0x22 drivers/built-in.o
                0x00000000402f6dfa                musb_alloc_request
 .text.musb_free_request
                0x00000000402f6e1c        0x6 drivers/built-in.o
                0x00000000402f6e1c                musb_free_request
 *fill*         0x00000000402f6e22        0x2 
 .text.init_peripheral_ep
                0x00000000402f6e24       0xb4 drivers/built-in.o
 .text.musb_gadget_pullup
                0x00000000402f6ed8       0x38 drivers/built-in.o
 .text.musb_g_giveback
                0x00000000402f6f10       0x32 drivers/built-in.o
                0x00000000402f6f10                musb_g_giveback
 .text.rxstate  0x00000000402f6f42       0x94 drivers/built-in.o
 .text.musb_gadget_dequeue
                0x00000000402f6fd6       0x40 drivers/built-in.o
 .text.musb_gadget_disable
                0x00000000402f7016       0x70 drivers/built-in.o
 .text.musb_g_tx
                0x00000000402f7086       0xce drivers/built-in.o
                0x00000000402f7086                musb_g_tx
 .text.musb_g_rx
                0x00000000402f7154       0x6a drivers/built-in.o
                0x00000000402f7154                musb_g_rx
 .text.musb_ep_restart
                0x00000000402f71be       0x22 drivers/built-in.o
                0x00000000402f71be                musb_ep_restart
 .text.musb_gadget_set_halt
                0x00000000402f71e0       0xb2 drivers/built-in.o
 .text.musb_gadget_queue
                0x00000000402f7292       0x74 drivers/built-in.o
 *fill*         0x00000000402f7306        0x2 
 .text.musb_gadget_setup
                0x00000000402f7308       0x8c drivers/built-in.o
                0x00000000402f7308                musb_gadget_setup
 .text.musb_g_ep0_enable
                0x00000000402f7394        0x6 drivers/built-in.o
 .text.musb_g_ep0_disable
                0x00000000402f739a        0x6 drivers/built-in.o
 .text.musb_g_ep0_dequeue
                0x00000000402f73a0        0x6 drivers/built-in.o
 .text.musb_g_ep0_halt
                0x00000000402f73a6       0x66 drivers/built-in.o
 .text.ep0_txstate
                0x00000000402f740c       0x96 drivers/built-in.o
 .text.musb_g_ep0_queue
                0x00000000402f74a2       0xb6 drivers/built-in.o
 .text.musb_g_ep0_irq
                0x00000000402f7558      0x5fc drivers/built-in.o
                0x00000000402f7558                musb_g_ep0_irq
 .text.fifo_setup
                0x00000000402f7b54      0x10e drivers/built-in.o
 .text.musb_write_fifo
                0x00000000402f7c62       0x70 drivers/built-in.o
                0x00000000402f7c62                musb_write_fifo
 .text.musb_read_fifo
                0x00000000402f7cd2       0x70 drivers/built-in.o
                0x00000000402f7cd2                musb_read_fifo
 *fill*         0x00000000402f7d42        0x2 
 .text.musb_load_testpacket
                0x00000000402f7d44       0x24 drivers/built-in.o
                0x00000000402f7d44                musb_load_testpacket
 .text.musb_interrupt
                0x00000000402f7d68       0xd4 drivers/built-in.o
                0x00000000402f7d68                musb_interrupt
 .text.musb_init_controller
                0x00000000402f7e3c      0x44c drivers/built-in.o
                0x00000000402f7e3c                musb_init_controller
 .text.musb_register
                0x00000000402f8288       0x3c drivers/built-in.o
                0x00000000402f8288                musb_register
 .text.musb_h_ep0_flush_fifo
                0x00000000402f82c4       0x3c drivers/built-in.o
 .text.musb_h_tx_flush_fifo
                0x00000000402f8300       0x3c drivers/built-in.o
 .text.musb_start_urb
                0x00000000402f833c      0x35c drivers/built-in.o
 .text.musb_advance_schedule
                0x00000000402f8698      0x13e drivers/built-in.o
 *fill*         0x00000000402f87d6        0x2 
 .text.musb_h_ep0_irq
                0x00000000402f87d8      0x1ac drivers/built-in.o
                0x00000000402f87d8                musb_h_ep0_irq
 .text.musb_host_tx
                0x00000000402f8984      0x130 drivers/built-in.o
                0x00000000402f8984                musb_host_tx
 .text.musb_host_rx
                0x00000000402f8ab4      0x278 drivers/built-in.o
                0x00000000402f8ab4                musb_host_rx
 .text.dsps_musb_enable
                0x00000000402f8d2c       0x1c drivers/built-in.o
 .text.dsps_musb_disable
                0x00000000402f8d48        0x2 drivers/built-in.o
 *fill*         0x00000000402f8d4a        0x2 
 .text.dsps_musb_init
                0x00000000402f8d4c       0x4c drivers/built-in.o
 .text.dsps_musb_exit
                0x00000000402f8d98       0x12 drivers/built-in.o
 .text.dsps_interrupt
                0x00000000402f8daa       0x50 drivers/built-in.o
 *fill*         0x00000000402f8dfa        0x2 
 .text.hw_watchdog_reset
                0x00000000402f8dfc       0x28 drivers/built-in.o
                0x00000000402f8dfc                hw_watchdog_reset
 .text.hw_watchdog_init
                0x00000000402f8e24       0x54 drivers/built-in.o
                0x00000000402f8e24                hw_watchdog_init
 .text.downcase
                0x00000000402f8e78       0x20 fs/built-in.o
 .text.disk_read
                0x00000000402f8e98       0x30 fs/built-in.o
 .text.get_fatent
                0x00000000402f8ec8       0xd4 fs/built-in.o
 .text.mkcksum  0x00000000402f8f9c       0x34 fs/built-in.o
 .text.get_cluster
                0x00000000402f8fd0       0xf4 fs/built-in.o
 .text.get_name
                0x00000000402f90c4       0x70 fs/built-in.o
 .text.read_bootsectandvi
                0x00000000402f9134       0xb8 fs/built-in.o
 .text.slot2str
                0x00000000402f91ec       0x58 fs/built-in.o
 .text.get_vfatname
                0x00000000402f9244      0x11c fs/built-in.o
 .text.fat_set_blk_dev
                0x00000000402f9360       0x88 fs/built-in.o
                0x00000000402f9360                fat_set_blk_dev
 .text.fat_register_device
                0x00000000402f93e8       0x54 fs/built-in.o
                0x00000000402f93e8                fat_register_device
 .text.do_fat_read_at
                0x00000000402f943c      0x8d4 fs/built-in.o
                0x00000000402f943c                do_fat_read_at
 .text.file_fat_read_at
                0x00000000402f9d10       0x3c fs/built-in.o
                0x00000000402f9d10                file_fat_read_at
 .text.file_fat_read
                0x00000000402f9d4c       0x22 fs/built-in.o
                0x00000000402f9d4c                file_fat_read
 *fill*         0x00000000402f9d6e        0x2 
 .text.get_fs   0x00000000402f9d70        0x8 fs/built-in.o
                0x00000000402f9d70                get_fs
 .text.ext4fs_free_node
                0x00000000402f9d78       0x18 fs/built-in.o
                0x00000000402f9d78                ext4fs_free_node
 .text.ext4fs_read_file
                0x00000000402f9d90      0x26c fs/built-in.o
                0x00000000402f9d90                ext4fs_read_file
 .text.ext4fs_read
                0x00000000402f9ffc       0x34 fs/built-in.o
                0x00000000402f9ffc                ext4fs_read
 .text.ext4fs_read_inode
                0x00000000402fa030       0xd4 fs/built-in.o
                0x00000000402fa030                ext4fs_read_inode
 .text.read_allocated_block
                0x00000000402fa104      0x680 fs/built-in.o
                0x00000000402fa104                read_allocated_block
 .text.ext4fs_iterate_dir
                0x00000000402fa784      0x1e0 fs/built-in.o
                0x00000000402fa784                ext4fs_iterate_dir
 .text.ext4fs_find_file1
                0x00000000402fa964      0x1c4 fs/built-in.o
 .text.ext4fs_find_file
                0x00000000402fab28       0x40 fs/built-in.o
                0x00000000402fab28                ext4fs_find_file
 .text.ext4fs_open
                0x00000000402fab68       0x64 fs/built-in.o
                0x00000000402fab68                ext4fs_open
 .text.ext4fs_mount
                0x00000000402fabcc       0x84 fs/built-in.o
                0x00000000402fabcc                ext4fs_mount
 .text.ext4fs_set_blk_dev
                0x00000000402fac50       0x4c fs/built-in.o
                0x00000000402fac50                ext4fs_set_blk_dev
 .text.ext4fs_devread
                0x00000000402fac9c      0x194 fs/built-in.o
                0x00000000402fac9c                ext4fs_devread
 .text.ext4_read_superblock
                0x00000000402fae30       0x2a fs/built-in.o
                0x00000000402fae30                ext4_read_superblock
 *fill*         0x00000000402fae5a        0x2 
 .text.crc16_ccitt
                0x00000000402fae5c       0x24 lib/built-in.o
                0x00000000402fae5c                crc16_ccitt
 .text._hdelete.isra.1
                0x00000000402fae80       0x2e lib/built-in.o
 .text.drop_var_from_set.part.2
                0x00000000402faeae       0x30 lib/built-in.o
 *fill*         0x00000000402faede        0x2 
 .text.hcreate_r
                0x00000000402faee0       0x60 lib/built-in.o
                0x00000000402faee0                hcreate_r
 .text.hdestroy_r
                0x00000000402faf40       0x48 lib/built-in.o
                0x00000000402faf40                hdestroy_r
 .text.hsearch_r
                0x00000000402faf88      0x2c0 lib/built-in.o
                0x00000000402faf88                hsearch_r
 .text.hdelete_r
                0x00000000402fb248       0x80 lib/built-in.o
                0x00000000402fb248                hdelete_r
 .text.himport_r
                0x00000000402fb2c8      0x280 lib/built-in.o
                0x00000000402fb2c8                himport_r
 .text.crc32_no_comp
                0x00000000402fb548       0x90 lib/built-in.o
                0x00000000402fb548                crc32_no_comp
 .text.crc32    0x00000000402fb5d8        0xc lib/built-in.o
                0x00000000402fb5d8                crc32
 .text.__div64_32
                0x00000000402fb5e4       0x8a lib/built-in.o
                0x00000000402fb5e4                __div64_32
 *fill*         0x00000000402fb66e        0x2 
 .text.hang     0x00000000402fb670       0x10 lib/built-in.o
                0x00000000402fb670                hang
 .text.kmalloc  0x00000000402fb680       0x20 lib/built-in.o
                0x00000000402fb680                kmalloc
 .text.skip_spaces
                0x00000000402fb6a0       0x18 lib/built-in.o
                0x00000000402fb6a0                skip_spaces
 .text.strim    0x00000000402fb6b8       0x34 lib/built-in.o
                0x00000000402fb6b8                strim
 .text.emit     0x00000000402fb6ec       0x20 lib/built-in.o
 .text.store_char_in_data
                0x00000000402fb70c       0x24 lib/built-in.o
 .text.get_escape_char
                0x00000000402fb730       0x4a lib/built-in.o
 *fill*         0x00000000402fb77a        0x2 
 .text.match    0x00000000402fb77c      0x278 lib/built-in.o
 .text.loop_greedy
                0x00000000402fb9f4       0x5e lib/built-in.o
 .text.loop_non_greedy
                0x00000000402fba52       0x4e lib/built-in.o
 .text.fixup_branch
                0x00000000402fbaa0       0x2c lib/built-in.o
 .text.quantifier
                0x00000000402fbacc       0x74 lib/built-in.o
 .text.compile  0x00000000402fbb40      0x25c lib/built-in.o
 .text.slre_compile
                0x00000000402fbd9c       0x94 lib/built-in.o
                0x00000000402fbd9c                slre_compile
 .text.slre_match
                0x00000000402fbe30       0x5a lib/built-in.o
                0x00000000402fbe30                slre_match
 .text.strcpy   0x00000000402fbe8a        0xe lib/built-in.o
                0x00000000402fbe8a                strcpy
 .text.strncpy  0x00000000402fbe98       0x14 lib/built-in.o
                0x00000000402fbe98                strncpy
 .text.strcat   0x00000000402fbeac       0x1a lib/built-in.o
                0x00000000402fbeac                strcat
 .text.strcmp   0x00000000402fbec6       0x1a lib/built-in.o
                0x00000000402fbec6                strcmp
 .text.strncmp  0x00000000402fbee0       0x22 lib/built-in.o
                0x00000000402fbee0                strncmp
 .text.strchr   0x00000000402fbf02       0x18 lib/built-in.o
                0x00000000402fbf02                strchr
 .text.strlen   0x00000000402fbf1a       0x10 lib/built-in.o
                0x00000000402fbf1a                strlen
 .text.strnlen  0x00000000402fbf2a       0x1a lib/built-in.o
                0x00000000402fbf2a                strnlen
 .text.strdup   0x00000000402fbf44       0x22 lib/built-in.o
                0x00000000402fbf44                strdup
 .text.memset   0x00000000402fbf66       0x42 lib/built-in.o
                0x00000000402fbf66                memset
 .text.memcpy   0x00000000402fbfa8       0x3e lib/built-in.o
                0x00000000402fbfa8                memcpy
 .text.strlcpy  0x00000000402fbfe6       0x2e lib/built-in.o
                0x00000000402fbfe6                strlcpy
 .text.memmove  0x00000000402fc014       0x32 lib/built-in.o
                0x00000000402fc014                memmove
 .text.memcmp   0x00000000402fc046       0x1a lib/built-in.o
                0x00000000402fc046                memcmp
 .text.udelay   0x00000000402fc060       0x24 lib/built-in.o
                0x00000000402fc060                udelay
 .text.mdelay   0x00000000402fc084       0x14 lib/built-in.o
                0x00000000402fc084                mdelay
 .text.uuid_bin_to_str
                0x00000000402fc098       0x78 lib/built-in.o
                0x00000000402fc098                uuid_bin_to_str
 .text.put_dec_trunc
                0x00000000402fc110       0x96 lib/built-in.o
 *fill*         0x00000000402fc1a6        0x2 
 .text.string   0x00000000402fc1a8       0x78 lib/built-in.o
 .text.put_dec  0x00000000402fc220       0xec lib/built-in.o
 .text.number   0x00000000402fc30c      0x200 lib/built-in.o
 .text.vsnprintf_internal
                0x00000000402fc50c      0x478 lib/built-in.o
 .text.vscnprintf
                0x00000000402fc984       0x16 lib/built-in.o
                0x00000000402fc984                vscnprintf
 .text.snprintf
                0x00000000402fc99a       0x1a lib/built-in.o
                0x00000000402fc99a                snprintf
 .text.vsprintf
                0x00000000402fc9b4       0x14 lib/built-in.o
                0x00000000402fc9b4                vsprintf
 .text.sprintf  0x00000000402fc9c8       0x1a lib/built-in.o
                0x00000000402fc9c8                sprintf
 .text.printf   0x00000000402fc9e2       0x30 lib/built-in.o
                0x00000000402fc9e2                printf
 .text.vprintf  0x00000000402fca12       0x24 lib/built-in.o
                0x00000000402fca12                vprintf
 *fill*         0x00000000402fca36        0x2 
 .text.panic_finish
                0x00000000402fca38       0x20 lib/built-in.o
 .text.panic    0x00000000402fca58       0x14 lib/built-in.o
                0x00000000402fca58                panic
 .text          0x00000000402fca6c       0xac /media/thonh/Externaldata/source/kernel/arm-eabi-4.8/bin/../lib/gcc/arm-eabi/4.8/thumb/thumb2/libgcc.a(_udivsi3.o)
                0x00000000402fca6c                __udivsi3
                0x00000000402fca6c                __aeabi_uidiv
                0x00000000402fcafc                __aeabi_uidivmod
 .text          0x00000000402fcb18       0xe0 /media/thonh/Externaldata/source/kernel/arm-eabi-4.8/bin/../lib/gcc/arm-eabi/4.8/thumb/thumb2/libgcc.a(_divsi3.o)
                0x00000000402fcb18                __aeabi_idiv
                0x00000000402fcb18                __divsi3
                0x00000000402fcbdc                __aeabi_idivmod
 .text          0x00000000402fcbf8        0x4 /media/thonh/Externaldata/source/kernel/arm-eabi-4.8/bin/../lib/gcc/arm-eabi/4.8/thumb/thumb2/libgcc.a(_dvmd_tls.o)
                0x00000000402fcbf8                __aeabi_ldiv0
                0x00000000402fcbf8                __aeabi_idiv0
 .text          0x00000000402fcbfc       0x18 /media/thonh/Externaldata/source/kernel/arm-eabi-4.8/bin/../lib/gcc/arm-eabi/4.8/thumb/thumb2/libgcc.a(_lshrdi3.o)
                0x00000000402fcbfc                __aeabi_llsr
                0x00000000402fcbfc                __lshrdi3
 .text          0x00000000402fcc14       0x18 /media/thonh/Externaldata/source/kernel/arm-eabi-4.8/bin/../lib/gcc/arm-eabi/4.8/thumb/thumb2/libgcc.a(_ashldi3.o)
                0x00000000402fcc14                __ashldi3
                0x00000000402fcc14                __aeabi_llsl

.glue_7         0x00000000402fcc2c        0x0
 .glue_7        0x0000000000000000        0x0 linker stubs

.glue_7t        0x00000000402fcc2c        0x0
 .glue_7t       0x0000000000000000        0x0 linker stubs

.vfp11_veneer   0x00000000402fcc2c        0x0
 .vfp11_veneer  0x0000000000000000        0x0 linker stubs

.v4_bx          0x00000000402fcc2c        0x0
 .v4_bx         0x0000000000000000        0x0 linker stubs

.iplt           0x00000000402fcc2c        0x0
 .iplt          0x0000000000000000        0x0 arch/arm/cpu/armv7/start.o
                0x00000000402fcc2c                . = ALIGN (0x4)

.rodata         0x00000000402fcc2c     0x4f6c
 *(SORT(.rodata*))
 .rodata        0x00000000402fcc2c       0x84 arch/arm/cpu/armv7/built-in.o
 .rodata.dpll_ddr_regs
                0x00000000402fccb0       0x24 arch/arm/cpu/armv7/built-in.o
                0x00000000402fccb0                dpll_ddr_regs
 .rodata.dpll_mpu
                0x00000000402fccd4       0x10 arch/arm/cpu/armv7/built-in.o
                0x00000000402fccd4                dpll_mpu
 .rodata.dpll_per_regs
                0x00000000402fcce4       0x24 arch/arm/cpu/armv7/built-in.o
                0x00000000402fcce4                dpll_per_regs
 .rodata.dpll_core_opp100
                0x00000000402fcd08       0x10 arch/arm/cpu/armv7/built-in.o
                0x00000000402fcd08                dpll_core_opp100
 .rodata.dpll_core_regs
                0x00000000402fcd18       0x24 arch/arm/cpu/armv7/built-in.o
                0x00000000402fcd18                dpll_core_regs
 .rodata.dpll_core
                0x00000000402fcd3c       0x10 arch/arm/cpu/armv7/built-in.o
                0x00000000402fcd3c                dpll_core
 .rodata.dpll_per
                0x00000000402fcd4c       0x10 arch/arm/cpu/armv7/built-in.o
                0x00000000402fcd4c                dpll_per
 .rodata.dpll_mpu_regs
                0x00000000402fcd5c       0x24 arch/arm/cpu/armv7/built-in.o
                0x00000000402fcd5c                dpll_mpu_regs
 .rodata.cmwkup
                0x00000000402fcd80        0x4 arch/arm/cpu/armv7/built-in.o
                0x00000000402fcd80                cmwkup
 .rodata.ddr_data_reg
                0x00000000402fcd84        0x8 arch/arm/cpu/armv7/built-in.o
 .rodata.ddr_cmd_reg
                0x00000000402fcd8c        0x8 arch/arm/cpu/armv7/built-in.o
 .rodata.emif_reg
                0x00000000402fcd94        0x8 arch/arm/cpu/armv7/built-in.o
 .rodata.vtpreg
                0x00000000402fcd9c        0x8 arch/arm/cpu/armv7/built-in.o
 .rodata.gpio_bank_am33xx
                0x00000000402fcda4       0x10 arch/arm/cpu/armv7/built-in.o
 .rodata.omap_gpio_bank
                0x00000000402fcdb4        0x4 arch/arm/cpu/armv7/built-in.o
                0x00000000402fcdb4                omap_gpio_bank
 .rodata.am33xx_serial
                0x00000000402fcdb8       0x60 arch/arm/cpu/armv7/built-in.o
 .rodata.ddr3_evm_cmd_ctrl_data
                0x00000000402fce18       0x30 board/ti/am335x/built-in.o
 .rodata.ddr3_beagleblack_data
                0x00000000402fce48       0x18 board/ti/am335x/built-in.o
 .rodata.ioregs
                0x00000000402fce60       0x20 board/ti/am335x/built-in.o
                0x00000000402fce60                ioregs
 .rodata.dpll_ddr_evm_sk
                0x00000000402fce80       0x10 board/ti/am335x/built-in.o
                0x00000000402fce80                dpll_ddr_evm_sk
 .rodata.ddr3_data
                0x00000000402fce90       0x18 board/ti/am335x/built-in.o
 .rodata.ioregs_evm15
                0x00000000402fcea8       0x20 board/ti/am335x/built-in.o
                0x00000000402fcea8                ioregs_evm15
 .rodata.ddr2_emif_reg_data
                0x00000000402fcec8       0x6c board/ti/am335x/built-in.o
 .rodata.ddr2_data
                0x00000000402fcf34       0x18 board/ti/am335x/built-in.o
 .rodata.ddr2_cmd_ctrl_data
                0x00000000402fcf4c       0x30 board/ti/am335x/built-in.o
 .rodata.ddr3_cmd_ctrl_data
                0x00000000402fcf7c       0x30 board/ti/am335x/built-in.o
 .rodata.ddr3_evm_data
                0x00000000402fcfac       0x18 board/ti/am335x/built-in.o
 .rodata.dpll_ddr
                0x00000000402fcfc4       0x10 board/ti/am335x/built-in.o
                0x00000000402fcfc4                dpll_ddr
 .rodata.ddr3_beagleblack_cmd_ctrl_data
                0x00000000402fcfd4       0x30 board/ti/am335x/built-in.o
 .rodata.ioregs_evmsk
                0x00000000402fd004       0x20 board/ti/am335x/built-in.o
                0x00000000402fd004                ioregs_evmsk
 .rodata.dpll_ddr_bone_black
                0x00000000402fd024       0x10 board/ti/am335x/built-in.o
                0x00000000402fd024                dpll_ddr_bone_black
 .rodata.ioregs_bonelt
                0x00000000402fd034       0x20 board/ti/am335x/built-in.o
                0x00000000402fd034                ioregs_bonelt
 .rodata.CSWTCH.28
                0x00000000402fd054       0x20 common/built-in.o
 .rodata.env_flags_varaccess_mask
                0x00000000402fd074       0x10 common/built-in.o
 .rodata.ext_csd_bits.9044
                0x00000000402fd084       0x14 drivers/built-in.o
 .rodata.multipliers
                0x00000000402fd098       0x40 drivers/built-in.o
 .rodata.fbase  0x00000000402fd0d8       0x10 drivers/built-in.o
 .rodata.ext_to_hostcaps.9045
                0x00000000402fd0e8       0x1c drivers/built-in.o
 .rodata.widths.9046
                0x00000000402fd104       0x14 drivers/built-in.o
 .rodata.omap_hsmmc_ops
                0x00000000402fd118       0x14 drivers/built-in.o
 .rodata.serial_ports
                0x00000000402fd12c       0x18 drivers/built-in.o
 .rodata.musb_ep_ops
                0x00000000402fd144       0x28 drivers/built-in.o
 .rodata.musb_gadget_operations
                0x00000000402fd16c       0x24 drivers/built-in.o
 .rodata.musb_g_ep0_ops
                0x00000000402fd190       0x28 drivers/built-in.o
                0x00000000402fd190                musb_g_ep0_ops
 .rodata.CSWTCH.19
                0x00000000402fd1b8       0x1c drivers/built-in.o
 .rodata.crc_table
                0x00000000402fd1d4      0x400 lib/built-in.o
 .rodata.crc16_tab
                0x00000000402fd5d4      0x200 lib/built-in.o
 .rodata.str1.1
                0x00000000402fd7d4      0x198 arch/arm/cpu/armv7/built-in.o
                                        0x19a (size before relaxing)
 .rodata.str1.1
                0x00000000402fd96c      0x296 arch/arm/lib/built-in.o
                                        0x2cf (size before relaxing)
 .rodata.str1.1
                0x00000000402fdc02       0xf3 board/ti/am335x/built-in.o
                                        0x117 (size before relaxing)
 .rodata.str1.1
                0x00000000402fdcf5       0x30 board/ti/common/built-in.o
                                         0x35 (size before relaxing)
 .rodata.str1.1
                0x00000000402fdd25      0x4ca common/spl/built-in.o
                                        0x615 (size before relaxing)
 .rodata.__func__.7049
                0x00000000402fe1ef       0x16 common/spl/built-in.o
 .rodata.__func__.7032
                0x00000000402fe205       0x18 common/spl/built-in.o
 .rodata.__func__.7041
                0x00000000402fe21d       0x13 common/spl/built-in.o
 .rodata.__func__.7128
                0x00000000402fe230       0x13 common/spl/built-in.o
 .rodata.__func__.7139
                0x00000000402fe243       0x16 common/spl/built-in.o
 .rodata        0x00000000402fe259        0x3 common/built-in.o
 .rodata.str1.1
                0x00000000402fe25c     0x1030 common/built-in.o
                                       0x10ae (size before relaxing)
 .rodata.env_flags_varaccess_rep
                0x00000000402ff28c        0x5 common/built-in.o
 .rodata.env_flags_vartype_rep
                0x00000000402ff291        0x7 common/built-in.o
 .rodata.__func__.7292
                0x00000000402ff298        0xb common/built-in.o
 .rodata.default_environment
                0x00000000402ff2a3       0x9a common/built-in.o
                0x00000000402ff2a3                default_environment
 .rodata.__func__.7276
                0x00000000402ff33d       0x10 common/built-in.o
 .rodata.str1.1
                0x00000000402ff34d      0x146 cmd/built-in.o
 .rodata.str1.1
                0x00000000402ff493      0xb68 disk/built-in.o
                                        0xbc6 (size before relaxing)
 .rodata.__func__.7049
                0x00000000402ffffb       0x12 disk/built-in.o
 .rodata.__func__.7188
                0x000000004030000d        0xd disk/built-in.o
 .rodata.__func__.7197
                0x000000004030001a       0x17 disk/built-in.o
 .rodata.__func__.7202
                0x0000000040300031        0xd disk/built-in.o
 .rodata.str1.1
                0x000000004030003e      0xd4a drivers/built-in.o
                                        0xd6d (size before relaxing)
 .rodata.__func__.9811
                0x0000000040300d88       0x14 drivers/built-in.o
 .rodata.__func__.9702
                0x0000000040300d9c       0x10 drivers/built-in.o
 .rodata.__func__.9894
                0x0000000040300dac        0xf drivers/built-in.o
 .rodata.__func__.9732
                0x0000000040300dbb       0x16 drivers/built-in.o
 .rodata.__func__.9796
                0x0000000040300dd1       0x19 drivers/built-in.o
 .rodata.__func__.9959
                0x0000000040300dea       0x13 drivers/built-in.o
 .rodata.__func__.9859
                0x0000000040300dfd        0xe drivers/built-in.o
 .rodata.__func__.10455
                0x0000000040300e0b        0xf drivers/built-in.o
 .rodata.musb_driver_name
                0x0000000040300e1a        0xa drivers/built-in.o
                0x0000000040300e1a                musb_driver_name
 .rodata.musb_test_packet
                0x0000000040300e24       0x35 drivers/built-in.o
 .rodata.__FUNCTION__.10351
                0x0000000040300e59       0x12 drivers/built-in.o
 .rodata.__func__.10418
                0x0000000040300e6b        0xf drivers/built-in.o
 .rodata.__func__.10381
                0x0000000040300e7a       0x10 drivers/built-in.o
 .rodata.__func__.10340
                0x0000000040300e8a        0xf drivers/built-in.o
 .rodata.__func__.10404
                0x0000000040300e99       0x14 drivers/built-in.o
 .rodata.__func__.10466
                0x0000000040300ead        0xd drivers/built-in.o
 .rodata.str1.1
                0x0000000040300eba      0x999 fs/built-in.o
                                        0xa02 (size before relaxing)
 .rodata.__func__.7248
                0x0000000040301853        0xf fs/built-in.o
 .rodata        0x0000000040301862       0x20 lib/built-in.o
 .rodata.str1.1
                0x0000000040301882      0x1f5 lib/built-in.o
                                        0x201 (size before relaxing)
 .rodata._ctype
                0x0000000040301a77      0x100 lib/built-in.o
                0x0000000040301a77                _ctype
 .rodata.digits.6875
                0x0000000040301b77       0x10 lib/built-in.o
 .rodata.hex_asc
                0x0000000040301b87       0x11 lib/built-in.o

.rel.dyn        0x0000000040301b98        0x0
 .rel.iplt      0x0000000000000000        0x0 arch/arm/cpu/armv7/start.o
                0x0000000040301b98                . = ALIGN (0x4)

.data           0x0000000040301b98      0xc18
 *(SORT(.data*))
 .data          0x0000000040301b98       0xd8 arch/arm/lib/built-in.o
                0x0000000040301b98                gdata
 .data.dpll_mpu_opp100
                0x0000000040301c70       0x10 arch/arm/cpu/armv7/built-in.o
                0x0000000040301c70                dpll_mpu_opp100
 .data.cstat    0x0000000040301c80        0x4 arch/arm/cpu/armv7/built-in.o
                0x0000000040301c80                cstat
 .data.musb_config
                0x0000000040301c84       0x18 arch/arm/cpu/armv7/built-in.o
 .data.otg1_board_data
                0x0000000040301c9c       0x10 arch/arm/cpu/armv7/built-in.o
                0x0000000040301c9c                otg1_board_data
 .data.otg1_plat
                0x0000000040301cac       0x20 arch/arm/cpu/armv7/built-in.o
 .data.otg0_board_data
                0x0000000040301ccc       0x10 arch/arm/cpu/armv7/built-in.o
                0x0000000040301ccc                otg0_board_data
 .data.otg0_plat
                0x0000000040301cdc       0x20 arch/arm/cpu/armv7/built-in.o
 .data.spi0_pin_mux
                0x0000000040301cfc       0x28 board/ti/am335x/built-in.o
 .data.mmc0_pin_mux_sk_evm
                0x0000000040301d24       0x40 board/ti/am335x/built-in.o
 .data.mmc1_pin_mux
                0x0000000040301d64       0x48 board/ti/am335x/built-in.o
 .data.mii1_pin_mux
                0x0000000040301dac       0x80 board/ti/am335x/built-in.o
 .data.i2c0_pin_mux
                0x0000000040301e2c       0x18 board/ti/am335x/built-in.o
 .data.gpio0_7_pin_mux
                0x0000000040301e44       0x10 board/ti/am335x/built-in.o
 .data.rgmii1_pin_mux
                0x0000000040301e54       0x78 board/ti/am335x/built-in.o
 .data.mmc0_no_cd_pin_mux
                0x0000000040301ecc       0x40 board/ti/am335x/built-in.o
 .data.i2c1_pin_mux
                0x0000000040301f0c       0x18 board/ti/am335x/built-in.o
 .data.mmc0_pin_mux
                0x0000000040301f24       0x48 board/ti/am335x/built-in.o
 .data.uart0_pin_mux
                0x0000000040301f6c       0x18 board/ti/am335x/built-in.o
 .data.ddr3_evm_emif_reg_data
                0x0000000040301f84       0x6c board/ti/am335x/built-in.o
 .data.ddr3_beagleblack_emif_reg_data
                0x0000000040301ff0       0x6c board/ti/am335x/built-in.o
 .data.ddr3_emif_reg_data
                0x000000004030205c       0x6c board/ti/am335x/built-in.o
 .data          0x00000000403020c8       0x50 common/spl/built-in.o
 .data.boot_name_table
                0x0000000040302118       0x28 common/spl/built-in.o
                0x0000000040302118                boot_name_table
 .data.first_call
                0x0000000040302140        0x8 common/built-in.o
 .data.env_htab
                0x0000000040302148       0x10 common/built-in.o
                0x0000000040302148                env_htab
 .data.av_      0x0000000040302158      0x408 common/built-in.o
 .data.sbrk_base
                0x0000000040302560        0x4 common/built-in.o
 .data.trim_threshold
                0x0000000040302564        0x4 common/built-in.o
 .data.cur_dev_num
                0x0000000040302568        0x4 drivers/built-in.o
 .data.eserial1_device
                0x000000004030256c       0x30 drivers/built-in.o
                0x000000004030256c                eserial1_device
 .data.musb_dsps_ops
                0x000000004030259c       0x24 drivers/built-in.o
                0x000000004030259c                musb_dsps_ops
 .data.wdt_trgr_pattern
                0x00000000403025c0        0x4 drivers/built-in.o
 .data.ext4fs_indir3_blkno
                0x00000000403025c4        0x4 fs/built-in.o
                0x00000000403025c4                ext4fs_indir3_blkno
 .data.ext4fs_indir1_blkno
                0x00000000403025c8        0x4 fs/built-in.o
                0x00000000403025c8                ext4fs_indir1_blkno
 .data.ext4fs_indir2_blkno
                0x00000000403025cc        0x4 fs/built-in.o
                0x00000000403025cc                ext4fs_indir2_blkno
 .data.mode_3_cfg
                0x00000000403025d0       0x24 drivers/built-in.o
 .data.mode_4_cfg
                0x00000000403025f4       0xa2 drivers/built-in.o
 .data.mode_5_cfg
                0x0000000040302696       0xa2 drivers/built-in.o
 .data.mode_0_cfg
                0x0000000040302738       0x1e drivers/built-in.o
 .data.ep0_cfg  0x0000000040302756        0x6 drivers/built-in.o
 .data.mode_1_cfg
                0x000000004030275c       0x1e drivers/built-in.o
 .data.mode_2_cfg
                0x000000004030277a       0x24 drivers/built-in.o
 .data.fifo_mode
                0x000000004030279e        0x2 drivers/built-in.o
 .data.system_guid
                0x00000000403027a0       0x10 disk/built-in.o

.igot.plt       0x00000000403027b0        0x0
 .igot.plt      0x0000000000000000        0x0 arch/arm/cpu/armv7/start.o

.__bss_end      0x00000000403027b0        0x0
 .__bss_end     0x00000000403027b0        0x0 arch/arm/lib/built-in.o

.__bss_start    0x00000000403027b0        0x0
 .__bss_start   0x00000000403027b0        0x0 arch/arm/lib/built-in.o

.u_boot_list    0x00000000403027b0       0xf0
 *(SORT(.u_boot_list*))
 .u_boot_list_2_cmd_1
                0x00000000403027b0        0x0 common/built-in.o
 .u_boot_list_2_cmd_3
                0x00000000403027b0        0x0 common/built-in.o
 .u_boot_list_2_driver_info_2_am33xx_uarts
                0x00000000403027b0       0x30 arch/arm/cpu/armv7/built-in.o
                0x00000000403027b0                _u_boot_list_2_driver_info_2_am33xx_uarts
 .u_boot_list_2_env_clbk_1
                0x00000000403027e0        0x0 common/built-in.o
 .u_boot_list_2_env_clbk_3
                0x00000000403027e0        0x0 common/built-in.o
 .u_boot_list_2_i2c_1
                0x00000000403027e0        0x0 drivers/built-in.o
 .u_boot_list_2_i2c_2_omap24_0
                0x00000000403027e0       0x2c drivers/built-in.o
                0x00000000403027e0                _u_boot_list_2_i2c_2_omap24_0
 .u_boot_list_2_i2c_2_omap24_1
                0x000000004030280c       0x2c drivers/built-in.o
                0x000000004030280c                _u_boot_list_2_i2c_2_omap24_1
 .u_boot_list_2_i2c_2_omap24_2
                0x0000000040302838       0x2c drivers/built-in.o
                0x0000000040302838                _u_boot_list_2_i2c_2_omap24_2
 .u_boot_list_2_i2c_3
                0x0000000040302864        0x0 drivers/built-in.o
 .u_boot_list_2_part_driver_1
                0x0000000040302864        0x0 disk/built-in.o
 .u_boot_list_2_part_driver_2_a_efi
                0x0000000040302864       0x14 disk/built-in.o
                0x0000000040302864                _u_boot_list_2_part_driver_2_a_efi
 .u_boot_list_2_part_driver_2_dos
                0x0000000040302878       0x14 disk/built-in.o
                0x0000000040302878                _u_boot_list_2_part_driver_2_dos
 .u_boot_list_2_part_driver_2_iso
                0x000000004030288c       0x14 disk/built-in.o
                0x000000004030288c                _u_boot_list_2_part_driver_2_iso
 .u_boot_list_2_part_driver_3
                0x00000000403028a0        0x0 disk/built-in.o
                0x00000000403028a0                . = ALIGN (0x4)
                0x00000000403028a0                __image_copy_end = .

.end
 *(.__end)

.bss            0x0000000080a00000    0x30e7c
                0x0000000080a00000                . = ALIGN (0x4)
                0x0000000080a00000                __bss_start = .
 *(.bss*)
 .bss.spl_image
                0x0000000080a00000       0x18 common/spl/built-in.o
                0x0000000080a00000                spl_image
 .bss.spl_boot_list
                0x0000000080a00018       0x14 common/spl/built-in.o
 .bss.fat_registered
                0x0000000080a0002c        0x4 common/spl/built-in.o
 .bss.xyz       0x0000000080a00030      0x434 common/built-in.o
 .bss.flags_list
                0x0000000080a00464        0x4 common/built-in.o
 .bss.callback_list
                0x0000000080a00468        0x4 common/built-in.o
 .bss.env_ptr   0x0000000080a0046c        0x4 common/built-in.o
                0x0000000080a0046c                env_ptr
 .bss.env_flags
                0x0000000080a00470        0x1 common/built-in.o
 .bss.env_mmc_orig_hwpart
                0x0000000080a00471        0x1 common/built-in.o
 *fill*         0x0000000080a00472        0x2 
 .bss.max_total_mem
                0x0000000080a00474        0x4 common/built-in.o
 .bss.mem_malloc_brk
                0x0000000080a00478        0x4 common/built-in.o
                0x0000000080a00478                mem_malloc_brk
 .bss.max_sbrked_mem
                0x0000000080a0047c        0x4 common/built-in.o
 .bss.current_mallinfo
                0x0000000080a00480       0x28 common/built-in.o
 .bss.mem_malloc_end
                0x0000000080a004a8        0x4 common/built-in.o
                0x0000000080a004a8                mem_malloc_end
 .bss.top_pad   0x0000000080a004ac        0x4 common/built-in.o
 .bss.mem_malloc_start
                0x0000000080a004b0        0x4 common/built-in.o
                0x0000000080a004b0                mem_malloc_start
 .bss.stdio_devices
                0x0000000080a004b4        0xc common/built-in.o
                0x0000000080a004b4                stdio_devices
 .bss.tmpbuf    0x0000000080a004c0      0x800 disk/built-in.o
 .bss.name.7000
                0x0000000080a00cc0       0x25 disk/built-in.o
 *fill*         0x0000000080a00ce5        0x3 
 .bss.initialized.9135
                0x0000000080a00ce8        0x4 drivers/built-in.o
 .bss.mmc_devices
                0x0000000080a00cec        0x8 drivers/built-in.o
 .bss.serial_current
                0x0000000080a00cf4        0x4 drivers/built-in.o
 .bss.musb_host
                0x0000000080a00cf8       0x60 drivers/built-in.o
                0x0000000080a00cf8                musb_host
 .bss.gadget    0x0000000080a00d58        0x4 drivers/built-in.o
 *fill*         0x0000000080a00d5c       0x24 
 .bss.get_contents_vfatname_block
                0x0000000080a00d80    0x10000 fs/built-in.o
                0x0000000080a00d80                get_contents_vfatname_block
 .bss.do_fat_read_at_block
                0x0000000080a10d80    0x10000 fs/built-in.o
                0x0000000080a10d80                do_fat_read_at_block
 .bss.get_dentfromdir_block
                0x0000000080a20d80    0x10000 fs/built-in.o
                0x0000000080a20d80                get_dentfromdir_block
 .bss.cur_part_info
                0x0000000080a30d80       0x78 fs/built-in.o
 .bss.cur_dev   0x0000000080a30df8        0x4 fs/built-in.o
 *fill*         0x0000000080a30dfc        0x4 
 .bss.ext_fs    0x0000000080a30e00       0x48 fs/built-in.o
                0x0000000080a30e00                ext_fs
 .bss.ext4fs_indir3_block
                0x0000000080a30e48        0x4 fs/built-in.o
                0x0000000080a30e48                ext4fs_indir3_block
 .bss.ext4fs_root
                0x0000000080a30e4c        0x4 fs/built-in.o
                0x0000000080a30e4c                ext4fs_root
 .bss.symlinknest
                0x0000000080a30e50        0x4 fs/built-in.o
 .bss.ext4fs_indir3_size
                0x0000000080a30e54        0x4 fs/built-in.o
                0x0000000080a30e54                ext4fs_indir3_size
 .bss.ext4fs_indir2_block
                0x0000000080a30e58        0x4 fs/built-in.o
                0x0000000080a30e58                ext4fs_indir2_block
 .bss.ext4fs_indir1_block
                0x0000000080a30e5c        0x4 fs/built-in.o
                0x0000000080a30e5c                ext4fs_indir1_block
 .bss.ext4fs_indir2_size
                0x0000000080a30e60        0x4 fs/built-in.o
                0x0000000080a30e60                ext4fs_indir2_size
 .bss.ext4fs_indir1_size
                0x0000000080a30e64        0x4 fs/built-in.o
                0x0000000080a30e64                ext4fs_indir1_size
 .bss.ext4fs_file
                0x0000000080a30e68        0x4 fs/built-in.o
                0x0000000080a30e68                ext4fs_file
 .bss.part_info
                0x0000000080a30e6c        0x4 fs/built-in.o
 .bss.part_offset
                0x0000000080a30e70        0x4 fs/built-in.o
                0x0000000080a30e70                part_offset
 .bss.ext4fs_blk_desc
                0x0000000080a30e74        0x4 fs/built-in.o
 .bss.errno     0x0000000080a30e78        0x4 lib/built-in.o
                0x0000000080a30e78                errno
                0x0000000080a30e7c                . = ALIGN (0x4)
                0x0000000080a30e7c                __bss_end = .
Address of section .text set to 0x402f0400
LOAD arch/arm/cpu/armv7/start.o
START GROUP
LOAD arch/arm/cpu/armv7/built-in.o
LOAD arch/arm/cpu/built-in.o
LOAD arch/arm/lib/built-in.o
LOAD board/ti/am335x/built-in.o
LOAD board/ti/common/built-in.o
LOAD common/spl/built-in.o
LOAD common/init/built-in.o
LOAD common/built-in.o
LOAD cmd/built-in.o
LOAD disk/built-in.o
LOAD drivers/built-in.o
LOAD dts/built-in.o
LOAD fs/built-in.o
LOAD lib/built-in.o
END GROUP
LOAD arch/arm/lib/eabi_compat.o
LOAD /media/thonh/Externaldata/source/kernel/arm-eabi-4.8/bin/../lib/gcc/arm-eabi/4.8/thumb/thumb2/libgcc.a
OUTPUT(u-boot-spl elf32-littlearm)

.ARM.attributes
                0x0000000000000000       0x2b
 .ARM.attributes
                0x0000000000000000       0x1f arch/arm/cpu/armv7/start.o
 .ARM.attributes
                0x000000000000001f       0x2d arch/arm/cpu/armv7/built-in.o
 .ARM.attributes
                0x000000000000004c       0x2b arch/arm/lib/built-in.o
 .ARM.attributes
                0x0000000000000077       0x2d board/ti/am335x/built-in.o
 .ARM.attributes
                0x00000000000000a4       0x2d board/ti/common/built-in.o
 .ARM.attributes
                0x00000000000000d1       0x2d common/spl/built-in.o
 .ARM.attributes
                0x00000000000000fe       0x2d common/init/built-in.o
 .ARM.attributes
                0x000000000000012b       0x2d common/built-in.o
 .ARM.attributes
                0x0000000000000158       0x2d cmd/built-in.o
 .ARM.attributes
                0x0000000000000185       0x2d disk/built-in.o
 .ARM.attributes
                0x00000000000001b2       0x2d drivers/built-in.o
 .ARM.attributes
                0x00000000000001df       0x2d fs/built-in.o
 .ARM.attributes
                0x000000000000020c       0x2d lib/built-in.o
 .ARM.attributes
                0x0000000000000239       0x1b /media/thonh/Externaldata/source/kernel/arm-eabi-4.8/bin/../lib/gcc/arm-eabi/4.8/thumb/thumb2/libgcc.a(_udivsi3.o)
 .ARM.attributes
                0x0000000000000254       0x1b /media/thonh/Externaldata/source/kernel/arm-eabi-4.8/bin/../lib/gcc/arm-eabi/4.8/thumb/thumb2/libgcc.a(_divsi3.o)
 .ARM.attributes
                0x000000000000026f       0x1b /media/thonh/Externaldata/source/kernel/arm-eabi-4.8/bin/../lib/gcc/arm-eabi/4.8/thumb/thumb2/libgcc.a(_dvmd_tls.o)
 .ARM.attributes
                0x000000000000028a       0x1b /media/thonh/Externaldata/source/kernel/arm-eabi-4.8/bin/../lib/gcc/arm-eabi/4.8/thumb/thumb2/libgcc.a(_lshrdi3.o)
 .ARM.attributes
                0x00000000000002a5       0x1b /media/thonh/Externaldata/source/kernel/arm-eabi-4.8/bin/../lib/gcc/arm-eabi/4.8/thumb/thumb2/libgcc.a(_ashldi3.o)

.comment        0x0000000000000000        0xf
 .comment       0x0000000000000000        0xf arch/arm/cpu/armv7/built-in.o
                                        0x110 (size before relaxing)
 .comment       0x0000000000000000       0x70 arch/arm/lib/built-in.o
 .comment       0x0000000000000000       0x20 board/ti/am335x/built-in.o
 .comment       0x0000000000000000       0x10 board/ti/common/built-in.o
 .comment       0x0000000000000000       0x50 common/spl/built-in.o
 .comment       0x0000000000000000       0x10 common/init/built-in.o
 .comment       0x0000000000000000      0x120 common/built-in.o
 .comment       0x0000000000000000       0x20 cmd/built-in.o
 .comment       0x0000000000000000       0x40 disk/built-in.o
 .comment       0x0000000000000000      0x110 drivers/built-in.o
 .comment       0x0000000000000000       0x70 fs/built-in.o
 .comment       0x0000000000000000      0x120 lib/built-in.o

.debug_line     0x0000000000000000    0x11626
 .debug_line    0x0000000000000000       0x87 arch/arm/cpu/armv7/start.o
 .debug_line    0x0000000000000087     0x1b13 arch/arm/cpu/armv7/built-in.o
 .debug_line    0x0000000000001b9a      0x9f7 arch/arm/lib/built-in.o
 .debug_line    0x0000000000002591      0x5cc board/ti/am335x/built-in.o
 .debug_line    0x0000000000002b5d      0x293 board/ti/common/built-in.o
 .debug_line    0x0000000000002df0      0x809 common/spl/built-in.o
 .debug_line    0x00000000000035f9      0x11e common/init/built-in.o
 .debug_line    0x0000000000003717     0x2ed2 common/built-in.o
 .debug_line    0x00000000000065e9      0x452 cmd/built-in.o
 .debug_line    0x0000000000006a3b     0x1133 disk/built-in.o
 .debug_line    0x0000000000007b6e     0x4aed drivers/built-in.o
 .debug_line    0x000000000000c65b     0x2917 fs/built-in.o
 .debug_line    0x000000000000ef72     0x23e6 lib/built-in.o
 .debug_line    0x0000000000011358       0xa1 /media/thonh/Externaldata/source/kernel/arm-eabi-4.8/bin/../lib/gcc/arm-eabi/4.8/thumb/thumb2/libgcc.a(_udivsi3.o)
 .debug_line    0x00000000000113f9       0xb2 /media/thonh/Externaldata/source/kernel/arm-eabi-4.8/bin/../lib/gcc/arm-eabi/4.8/thumb/thumb2/libgcc.a(_divsi3.o)
 .debug_line    0x00000000000114ab       0x77 /media/thonh/Externaldata/source/kernel/arm-eabi-4.8/bin/../lib/gcc/arm-eabi/4.8/thumb/thumb2/libgcc.a(_dvmd_tls.o)
 .debug_line    0x0000000000011522       0x82 /media/thonh/Externaldata/source/kernel/arm-eabi-4.8/bin/../lib/gcc/arm-eabi/4.8/thumb/thumb2/libgcc.a(_lshrdi3.o)
 .debug_line    0x00000000000115a4       0x82 /media/thonh/Externaldata/source/kernel/arm-eabi-4.8/bin/../lib/gcc/arm-eabi/4.8/thumb/thumb2/libgcc.a(_ashldi3.o)

.debug_info     0x0000000000000000    0x6ee18
 .debug_info    0x0000000000000000       0x8b arch/arm/cpu/armv7/start.o
 .debug_info    0x000000000000008b     0xbdce arch/arm/cpu/armv7/built-in.o
 .debug_info    0x000000000000be59     0x3208 arch/arm/lib/built-in.o
 .debug_info    0x000000000000f061     0x2be0 board/ti/am335x/built-in.o
 .debug_info    0x0000000000011c41      0xf01 board/ti/common/built-in.o
 .debug_info    0x0000000000012b42     0x4a82 common/spl/built-in.o
 .debug_info    0x00000000000175c4      0x6aa common/init/built-in.o
 .debug_info    0x0000000000017c6e    0x10c62 common/built-in.o
 .debug_info    0x00000000000288d0     0x1ef7 cmd/built-in.o
 .debug_info    0x000000000002a7c7     0x67e3 disk/built-in.o
 .debug_info    0x0000000000030faa    0x2394a drivers/built-in.o
 .debug_info    0x00000000000548f4    0x10931 fs/built-in.o
 .debug_info    0x0000000000065225     0x988d lib/built-in.o
 .debug_info    0x000000000006eab2       0xae /media/thonh/Externaldata/source/kernel/arm-eabi-4.8/bin/../lib/gcc/arm-eabi/4.8/thumb/thumb2/libgcc.a(_udivsi3.o)
 .debug_info    0x000000000006eb60       0xae /media/thonh/Externaldata/source/kernel/arm-eabi-4.8/bin/../lib/gcc/arm-eabi/4.8/thumb/thumb2/libgcc.a(_divsi3.o)
 .debug_info    0x000000000006ec0e       0xae /media/thonh/Externaldata/source/kernel/arm-eabi-4.8/bin/../lib/gcc/arm-eabi/4.8/thumb/thumb2/libgcc.a(_dvmd_tls.o)
 .debug_info    0x000000000006ecbc       0xae /media/thonh/Externaldata/source/kernel/arm-eabi-4.8/bin/../lib/gcc/arm-eabi/4.8/thumb/thumb2/libgcc.a(_lshrdi3.o)
 .debug_info    0x000000000006ed6a       0xae /media/thonh/Externaldata/source/kernel/arm-eabi-4.8/bin/../lib/gcc/arm-eabi/4.8/thumb/thumb2/libgcc.a(_ashldi3.o)

.debug_abbrev   0x0000000000000000    0x11e9c
 .debug_abbrev  0x0000000000000000       0x14 arch/arm/cpu/armv7/start.o
 .debug_abbrev  0x0000000000000014     0x2607 arch/arm/cpu/armv7/built-in.o
 .debug_abbrev  0x000000000000261b      0xc0f arch/arm/lib/built-in.o
 .debug_abbrev  0x000000000000322a      0x5f6 board/ti/am335x/built-in.o
 .debug_abbrev  0x0000000000003820      0x361 board/ti/common/built-in.o
 .debug_abbrev  0x0000000000003b81      0xf75 common/spl/built-in.o
 .debug_abbrev  0x0000000000004af6      0x1c0 common/init/built-in.o
 .debug_abbrev  0x0000000000004cb6     0x3718 common/built-in.o
 .debug_abbrev  0x00000000000083ce      0x60d cmd/built-in.o
 .debug_abbrev  0x00000000000089db     0x1118 disk/built-in.o
 .debug_abbrev  0x0000000000009af3     0x4252 drivers/built-in.o
 .debug_abbrev  0x000000000000dd45     0x1b4b fs/built-in.o
 .debug_abbrev  0x000000000000f890     0x25a8 lib/built-in.o
 .debug_abbrev  0x0000000000011e38       0x14 /media/thonh/Externaldata/source/kernel/arm-eabi-4.8/bin/../lib/gcc/arm-eabi/4.8/thumb/thumb2/libgcc.a(_udivsi3.o)
 .debug_abbrev  0x0000000000011e4c       0x14 /media/thonh/Externaldata/source/kernel/arm-eabi-4.8/bin/../lib/gcc/arm-eabi/4.8/thumb/thumb2/libgcc.a(_divsi3.o)
 .debug_abbrev  0x0000000000011e60       0x14 /media/thonh/Externaldata/source/kernel/arm-eabi-4.8/bin/../lib/gcc/arm-eabi/4.8/thumb/thumb2/libgcc.a(_dvmd_tls.o)
 .debug_abbrev  0x0000000000011e74       0x14 /media/thonh/Externaldata/source/kernel/arm-eabi-4.8/bin/../lib/gcc/arm-eabi/4.8/thumb/thumb2/libgcc.a(_lshrdi3.o)
 .debug_abbrev  0x0000000000011e88       0x14 /media/thonh/Externaldata/source/kernel/arm-eabi-4.8/bin/../lib/gcc/arm-eabi/4.8/thumb/thumb2/libgcc.a(_ashldi3.o)

.debug_aranges  0x0000000000000000     0x2440
 .debug_aranges
                0x0000000000000000       0x20 arch/arm/cpu/armv7/start.o
 .debug_aranges
                0x0000000000000020      0x4a8 arch/arm/cpu/armv7/built-in.o
 .debug_aranges
                0x00000000000004c8      0x208 arch/arm/lib/built-in.o
 .debug_aranges
                0x00000000000006d0       0xb0 board/ti/am335x/built-in.o
 .debug_aranges
                0x0000000000000780       0x88 board/ti/common/built-in.o
 .debug_aranges
                0x0000000000000808      0x118 common/spl/built-in.o
 .debug_aranges
                0x0000000000000920       0x28 common/init/built-in.o
 .debug_aranges
                0x0000000000000948      0x688 common/built-in.o
 .debug_aranges
                0x0000000000000fd0       0x88 cmd/built-in.o
 .debug_aranges
                0x0000000000001058      0x188 disk/built-in.o
 .debug_aranges
                0x00000000000011e0      0x8b8 drivers/built-in.o
 .debug_aranges
                0x0000000000001a98      0x378 fs/built-in.o
 .debug_aranges
                0x0000000000001e10      0x590 lib/built-in.o
 .debug_aranges
                0x00000000000023a0       0x20 /media/thonh/Externaldata/source/kernel/arm-eabi-4.8/bin/../lib/gcc/arm-eabi/4.8/thumb/thumb2/libgcc.a(_udivsi3.o)
 .debug_aranges
                0x00000000000023c0       0x20 /media/thonh/Externaldata/source/kernel/arm-eabi-4.8/bin/../lib/gcc/arm-eabi/4.8/thumb/thumb2/libgcc.a(_divsi3.o)
 .debug_aranges
                0x00000000000023e0       0x20 /media/thonh/Externaldata/source/kernel/arm-eabi-4.8/bin/../lib/gcc/arm-eabi/4.8/thumb/thumb2/libgcc.a(_dvmd_tls.o)
 .debug_aranges
                0x0000000000002400       0x20 /media/thonh/Externaldata/source/kernel/arm-eabi-4.8/bin/../lib/gcc/arm-eabi/4.8/thumb/thumb2/libgcc.a(_lshrdi3.o)
 .debug_aranges
                0x0000000000002420       0x20 /media/thonh/Externaldata/source/kernel/arm-eabi-4.8/bin/../lib/gcc/arm-eabi/4.8/thumb/thumb2/libgcc.a(_ashldi3.o)

.debug_frame    0x0000000000000000     0x5994
 .debug_frame   0x0000000000000000      0x83c arch/arm/cpu/armv7/built-in.o
 .debug_frame   0x000000000000083c      0x34c arch/arm/lib/built-in.o
 .debug_frame   0x0000000000000b88      0x178 board/ti/am335x/built-in.o
 .debug_frame   0x0000000000000d00      0x144 board/ti/common/built-in.o
 .debug_frame   0x0000000000000e44      0x248 common/spl/built-in.o
 .debug_frame   0x000000000000108c       0x38 common/init/built-in.o
 .debug_frame   0x00000000000010c4     0x1058 common/built-in.o
 .debug_frame   0x000000000000211c      0x16c cmd/built-in.o
 .debug_frame   0x0000000000002288      0x50c disk/built-in.o
 .debug_frame   0x0000000000002794     0x1704 drivers/built-in.o
 .debug_frame   0x0000000000003e98      0xbc4 fs/built-in.o
 .debug_frame   0x0000000000004a5c      0xef8 lib/built-in.o
 .debug_frame   0x0000000000005954       0x20 /media/thonh/Externaldata/source/kernel/arm-eabi-4.8/bin/../lib/gcc/arm-eabi/4.8/thumb/thumb2/libgcc.a(_udivsi3.o)
 .debug_frame   0x0000000000005974       0x20 /media/thonh/Externaldata/source/kernel/arm-eabi-4.8/bin/../lib/gcc/arm-eabi/4.8/thumb/thumb2/libgcc.a(_divsi3.o)

.debug_str      0x0000000000000000     0xd755
 .debug_str     0x0000000000000000     0x3689 arch/arm/cpu/armv7/built-in.o
                                       0x9331 (size before relaxing)
 .debug_str     0x0000000000003689      0x3b2 arch/arm/lib/built-in.o
                                       0x2630 (size before relaxing)
 .debug_str     0x0000000000003a3b      0xdf1 board/ti/am335x/built-in.o
                                       0x1eed (size before relaxing)
 .debug_str     0x000000000000482c      0x1a7 board/ti/common/built-in.o
                                        0x68f (size before relaxing)
 .debug_str     0x00000000000049d3      0x7b1 common/spl/built-in.o
                                       0x338b (size before relaxing)
 .debug_str     0x0000000000005184       0x55 common/init/built-in.o
                                        0x61e (size before relaxing)
 .debug_str     0x00000000000051d9     0x2638 common/built-in.o
                                       0x958b (size before relaxing)
 .debug_str     0x0000000000007811      0x15f cmd/built-in.o
                                       0x195c (size before relaxing)
 .debug_str     0x0000000000007970      0xb70 disk/built-in.o
                                       0x294f (size before relaxing)
 .debug_str     0x00000000000084e0     0x2f0e drivers/built-in.o
                                      0x10592 (size before relaxing)
 .debug_str     0x000000000000b3ee     0x1b4c fs/built-in.o
                                       0x5ccf (size before relaxing)
 .debug_str     0x000000000000cf3a      0x81b lib/built-in.o
                                       0x5c5e (size before relaxing)

.debug_loc      0x0000000000000000    0x330d6
 .debug_loc     0x0000000000000000     0x2630 arch/arm/cpu/armv7/built-in.o
 .debug_loc     0x0000000000002630      0x4e9 arch/arm/lib/built-in.o
 .debug_loc     0x0000000000002b19       0x88 board/ti/am335x/built-in.o
 .debug_loc     0x0000000000002ba1      0x570 board/ti/common/built-in.o
 .debug_loc     0x0000000000003111      0xc6d common/spl/built-in.o
 .debug_loc     0x0000000000003d7e       0xb9 common/init/built-in.o
 .debug_loc     0x0000000000003e37     0x8ace common/built-in.o
 .debug_loc     0x000000000000c905      0x9c4 cmd/built-in.o
 .debug_loc     0x000000000000d2c9     0x2e6c disk/built-in.o
 .debug_loc     0x0000000000010135    0x1035f drivers/built-in.o
 .debug_loc     0x0000000000020494     0xc09b fs/built-in.o
 .debug_loc     0x000000000002c52f     0x6ba7 lib/built-in.o

.debug_ranges   0x0000000000000000     0x4928
 .debug_ranges  0x0000000000000000      0x660 arch/arm/cpu/armv7/built-in.o
 .debug_ranges  0x0000000000000660      0x150 arch/arm/lib/built-in.o
 .debug_ranges  0x00000000000007b0       0xa8 board/ti/am335x/built-in.o
 .debug_ranges  0x0000000000000858       0x98 board/ti/common/built-in.o
 .debug_ranges  0x00000000000008f0      0x148 common/spl/built-in.o
 .debug_ranges  0x0000000000000a38       0x18 common/init/built-in.o
 .debug_ranges  0x0000000000000a50      0x878 common/built-in.o
 .debug_ranges  0x00000000000012c8       0xf0 cmd/built-in.o
 .debug_ranges  0x00000000000013b8      0x688 disk/built-in.o
 .debug_ranges  0x0000000000001a40     0x1bc8 drivers/built-in.o
 .debug_ranges  0x0000000000003608      0xbe8 fs/built-in.o
 .debug_ranges  0x00000000000041f0      0x738 lib/built-in.o