efi_boottime.c:313:12:2	16	static
efi_boottime.c:53:6:efi_save_gd	0	static
efi_boottime.c:59:6:efi_restore_gd	0	static
efi_boottime.c:670:20:efi_set_mem	16	static
efi_boottime.c:663:20:efi_copy_mem	16	static
efi_boottime.c:102:21:efi_allocate_pages_ext	24	static
efi_boottime.c:113:21:efi_free_pages_ext	16	static
efi_boottime.c:122:21:efi_get_memory_map_ext	32	static
efi_boottime.c:654:28:efi_calculate_crc32	16	static
efi_boottime.c:647:28:efi_uninstall_multiple_protocol_interfaces	8	static
efi_boottime.c:640:28:efi_install_multiple_protocol_interfaces	8	static
efi_boottime.c:622:28:efi_locate_protocol	16	static
efi_boottime.c:605:28:efi_locate_handle_buffer	8	static
efi_boottime.c:596:28:efi_protocols_per_handle	8	static
efi_boottime.c:586:28:efi_open_protocol_information	8	static
efi_boottime.c:576:28:efi_close_protocol	8	static
efi_boottime.c:676:28:efi_open_protocol	48	static
efi_boottime.c:713:28:efi_handle_protocol	16	static
efi_boottime.c:567:28:efi_disconnect_controller	8	static
efi_boottime.c:556:28:efi_connect_controller	8	static
efi_boottime.c:546:28:efi_set_watchdog_timer	8	static
efi_boottime.c:539:28:efi_stall	8	static
efi_boottime.c:531:28:efi_get_next_monotonic_count	16	static
efi_boottime.c:514:28:efi_exit_boot_services	8	static
efi_boottime.c:490:28:efi_unload_image	8	static
efi_boottime.c:467:28:efi_exit	8	static
efi_boottime.c:448:28:efi_start_image	16	static
efi_boottime.c:409:28:efi_load_image	24	static
efi_boottime.c:382:28:efi_install_configuration_table	32	static
efi_boottime.c:374:28:efi_locate_device_path	8	static
efi_boottime.c:336:28:efi_locate_handle	32	static
efi_boottime.c:305:28:efi_register_protocol_notify	8	static
efi_boottime.c:298:28:efi_uninstall_protocol_interface	8	static
efi_boottime.c:289:28:efi_reinstall_protocol_interface	8	static
efi_boottime.c:281:28:efi_install_protocol_interface	8	static
efi_boottime.c:275:28:efi_check_event	8	static
efi_boottime.c:268:28:efi_close_event	8	static
efi_boottime.c:262:28:efi_signal_event	8	static
efi_boottime.c:212:28:efi_set_timer	40	static
efi_boottime.c:173:28:efi_create_event	32	static
efi_boottime.c:147:28:efi_free_pool	8	static
efi_boottime.c:137:28:efi_allocate_pool	16	static
efi_boottime.c:96:20:efi_restore_tpl	8	static
efi_boottime.c:90:29:efi_raise_tpl	8	static
efi_boottime.c:71:14:efi_exit_func	0	static
efi_boottime.c:198:6:efi_timer_check	16	static
efi_boottime.c:248:28:efi_wait_for_event	8	static
